Archive member included to satisfy reference by file (symbol)

/usr/lib/gcc/arm-none-eabi/13.2.1/../../../arm-none-eabi/lib/thumb/v7-m/nofp/libg_nano.a(libc_a-strlen-stub.o)
                              cmake/stm32cubemx/CMakeFiles/USB_Device_Library.dir/__/__/Middlewares/ST/STM32_USB_Device_Library/Core/Src/usbd_ctlreq.c.obj (strlen)
/usr/lib/gcc/arm-none-eabi/13.2.1/../../../arm-none-eabi/lib/thumb/v7-m/nofp/libg_nano.a(libc_a-init.o)
                              /usr/lib/gcc/arm-none-eabi/13.2.1/../../../arm-none-eabi/lib/thumb/v7-m/nofp/crt0.o (__libc_init_array)
/usr/lib/gcc/arm-none-eabi/13.2.1/../../../arm-none-eabi/lib/thumb/v7-m/nofp/libg_nano.a(libc_a-memset.o)
                              /usr/lib/gcc/arm-none-eabi/13.2.1/../../../arm-none-eabi/lib/thumb/v7-m/nofp/crt0.o (memset)
/usr/lib/gcc/arm-none-eabi/13.2.1/../../../arm-none-eabi/lib/thumb/v7-m/nofp/libg_nano.a(libc_a-errno.o)
                              CMakeFiles/DFU-test.dir/Core/Src/sysmem.c.obj (__errno)
/usr/lib/gcc/arm-none-eabi/13.2.1/../../../arm-none-eabi/lib/thumb/v7-m/nofp/libg_nano.a(libc_a-exit.o)
                              /usr/lib/gcc/arm-none-eabi/13.2.1/../../../arm-none-eabi/lib/thumb/v7-m/nofp/crt0.o (exit)
/usr/lib/gcc/arm-none-eabi/13.2.1/../../../arm-none-eabi/lib/thumb/v7-m/nofp/libg_nano.a(libc_a-atexit.o)
                              /usr/lib/gcc/arm-none-eabi/13.2.1/../../../arm-none-eabi/lib/thumb/v7-m/nofp/crt0.o (atexit)
/usr/lib/gcc/arm-none-eabi/13.2.1/../../../arm-none-eabi/lib/thumb/v7-m/nofp/libg_nano.a(libc_a-fini.o)
                              /usr/lib/gcc/arm-none-eabi/13.2.1/../../../arm-none-eabi/lib/thumb/v7-m/nofp/crt0.o (__libc_fini_array)
/usr/lib/gcc/arm-none-eabi/13.2.1/../../../arm-none-eabi/lib/thumb/v7-m/nofp/libg_nano.a(libc_a-impure.o)
                              /usr/lib/gcc/arm-none-eabi/13.2.1/../../../arm-none-eabi/lib/thumb/v7-m/nofp/libg_nano.a(libc_a-errno.o) (_impure_ptr)
/usr/lib/gcc/arm-none-eabi/13.2.1/../../../arm-none-eabi/lib/thumb/v7-m/nofp/libg_nano.a(libc_a-findfp.o)
                              /usr/lib/gcc/arm-none-eabi/13.2.1/../../../arm-none-eabi/lib/thumb/v7-m/nofp/libg_nano.a(libc_a-exit.o) (__stdio_exit_handler)
/usr/lib/gcc/arm-none-eabi/13.2.1/../../../arm-none-eabi/lib/thumb/v7-m/nofp/libg_nano.a(libc_a-fflush.o)
                              /usr/lib/gcc/arm-none-eabi/13.2.1/../../../arm-none-eabi/lib/thumb/v7-m/nofp/libg_nano.a(libc_a-findfp.o) (_fflush_r)
/usr/lib/gcc/arm-none-eabi/13.2.1/../../../arm-none-eabi/lib/thumb/v7-m/nofp/libg_nano.a(libc_a-mallocr.o)
                              /usr/lib/gcc/arm-none-eabi/13.2.1/../../../arm-none-eabi/lib/thumb/v7-m/nofp/libg_nano.a(libc_a-findfp.o) (_malloc_r)
/usr/lib/gcc/arm-none-eabi/13.2.1/../../../arm-none-eabi/lib/thumb/v7-m/nofp/libg_nano.a(libc_a-freer.o)
                              /usr/lib/gcc/arm-none-eabi/13.2.1/../../../arm-none-eabi/lib/thumb/v7-m/nofp/libg_nano.a(libc_a-fflush.o) (_free_r)
/usr/lib/gcc/arm-none-eabi/13.2.1/../../../arm-none-eabi/lib/thumb/v7-m/nofp/libg_nano.a(libc_a-fwalk.o)
                              /usr/lib/gcc/arm-none-eabi/13.2.1/../../../arm-none-eabi/lib/thumb/v7-m/nofp/libg_nano.a(libc_a-findfp.o) (_fwalk_sglue)
/usr/lib/gcc/arm-none-eabi/13.2.1/../../../arm-none-eabi/lib/thumb/v7-m/nofp/libg_nano.a(libc_a-__atexit.o)
                              /usr/lib/gcc/arm-none-eabi/13.2.1/../../../arm-none-eabi/lib/thumb/v7-m/nofp/libg_nano.a(libc_a-atexit.o) (__register_exitproc)
/usr/lib/gcc/arm-none-eabi/13.2.1/../../../arm-none-eabi/lib/thumb/v7-m/nofp/libg_nano.a(libc_a-mlock.o)
                              /usr/lib/gcc/arm-none-eabi/13.2.1/../../../arm-none-eabi/lib/thumb/v7-m/nofp/libg_nano.a(libc_a-mallocr.o) (__malloc_lock)
/usr/lib/gcc/arm-none-eabi/13.2.1/../../../arm-none-eabi/lib/thumb/v7-m/nofp/libg_nano.a(libc_a-sbrkr.o)
                              /usr/lib/gcc/arm-none-eabi/13.2.1/../../../arm-none-eabi/lib/thumb/v7-m/nofp/libg_nano.a(libc_a-mallocr.o) (_sbrk_r)
/usr/lib/gcc/arm-none-eabi/13.2.1/../../../arm-none-eabi/lib/thumb/v7-m/nofp/libg_nano.a(libc_a-stdio.o)
                              /usr/lib/gcc/arm-none-eabi/13.2.1/../../../arm-none-eabi/lib/thumb/v7-m/nofp/libg_nano.a(libc_a-findfp.o) (__sread)
/usr/lib/gcc/arm-none-eabi/13.2.1/../../../arm-none-eabi/lib/thumb/v7-m/nofp/libg_nano.a(libc_a-closer.o)
                              /usr/lib/gcc/arm-none-eabi/13.2.1/../../../arm-none-eabi/lib/thumb/v7-m/nofp/libg_nano.a(libc_a-stdio.o) (_close_r)
/usr/lib/gcc/arm-none-eabi/13.2.1/../../../arm-none-eabi/lib/thumb/v7-m/nofp/libg_nano.a(libc_a-__call_atexit.o)
                              /usr/lib/gcc/arm-none-eabi/13.2.1/../../../arm-none-eabi/lib/thumb/v7-m/nofp/libg_nano.a(libc_a-__atexit.o) (__call_exitprocs)
/usr/lib/gcc/arm-none-eabi/13.2.1/../../../arm-none-eabi/lib/thumb/v7-m/nofp/libg_nano.a(libc_a-readr.o)
[...]
Memory Configuration

Name             Origin             Length             Attributes
RAM              0x20000000         0x00005000         xrw
FLASH            0x08000000         0x00010000         xr
*default*        0x00000000         0xffffffff

Linker script and memory map

LOAD /usr/lib/gcc/arm-none-eabi/13.2.1/thumb/v7-m/nofp/crti.o
LOAD /usr/lib/gcc/arm-none-eabi/13.2.1/thumb/v7-m/nofp/crtbegin.o
LOAD /usr/lib/gcc/arm-none-eabi/13.2.1/../../../arm-none-eabi/lib/thumb/v7-m/nofp/crt0.o
LOAD cmake/stm32cubemx/CMakeFiles/STM32_Drivers.dir/__/__/Core/Src/system_stm32f1xx.c.obj
LOAD cmake/stm32cubemx/CMakeFiles/STM32_Drivers.dir/__/__/Drivers/STM32F1xx_HAL_Driver/Src/stm32f1xx_hal_gpio_ex.c.obj
LOAD cmake/stm32cubemx/CMakeFiles/STM32_Drivers.dir/__/__/Drivers/STM32F1xx_HAL_Driver/Src/stm32f1xx_hal_pcd.c.obj
LOAD cmake/stm32cubemx/CMakeFiles/STM32_Drivers.dir/__/__/Drivers/STM32F1xx_HAL_Driver/Src/stm32f1xx_hal_pcd_ex.c.obj
LOAD cmake/stm32cubemx/CMakeFiles/STM32_Drivers.dir/__/__/Drivers/STM32F1xx_HAL_Driver/Src/stm32f1xx_ll_usb.c.obj
LOAD cmake/stm32cubemx/CMakeFiles/STM32_Drivers.dir/__/__/Drivers/STM32F1xx_HAL_Driver/Src/stm32f1xx_hal.c.obj
LOAD cmake/stm32cubemx/CMakeFiles/STM32_Drivers.dir/__/__/Drivers/STM32F1xx_HAL_Driver/Src/stm32f1xx_hal_rcc.c.obj
LOAD cmake/stm32cubemx/CMakeFiles/STM32_Drivers.dir/__/__/Drivers/STM32F1xx_HAL_Driver/Src/stm32f1xx_hal_rcc_ex.c.obj
LOAD cmake/stm32cubemx/CMakeFiles/STM32_Drivers.dir/__/__/Drivers/STM32F1xx_HAL_Driver/Src/stm32f1xx_hal_gpio.c.obj
LOAD cmake/stm32cubemx/CMakeFiles/STM32_Drivers.dir/__/__/Drivers/STM32F1xx_HAL_Driver/Src/stm32f1xx_hal_dma.c.obj
LOAD cmake/stm32cubemx/CMakeFiles/STM32_Drivers.dir/__/__/Drivers/STM32F1xx_HAL_Driver/Src/stm32f1xx_hal_cortex.c.obj
LOAD cmake/stm32cubemx/CMakeFiles/STM32_Drivers.dir/__/__/Drivers/STM32F1xx_HAL_Driver/Src/stm32f1xx_hal_pwr.c.obj
LOAD cmake/stm32cubemx/CMakeFiles/STM32_Drivers.dir/__/__/Drivers/STM32F1xx_HAL_Driver/Src/stm32f1xx_hal_flash.c.obj
LOAD cmake/stm32cubemx/CMakeFiles/STM32_Drivers.dir/__/__/Drivers/STM32F1xx_HAL_Driver/Src/stm32f1xx_hal_flash_ex.c.obj
LOAD cmake/stm32cubemx/CMakeFiles/STM32_Drivers.dir/__/__/Drivers/STM32F1xx_HAL_Driver/Src/stm32f1xx_hal_exti.c.obj
LOAD cmake/stm32cubemx/CMakeFiles/USB_Device_Library.dir/__/__/Middlewares/ST/STM32_USB_Device_Library/Core/Src/usbd_core.c.obj
LOAD cmake/stm32cubemx/CMakeFiles/USB_Device_Library.dir/__/__/Middlewares/ST/STM32_USB_Device_Library/Core/Src/usbd_ctlreq.c.obj
LOAD cmake/stm32cubemx/CMakeFiles/USB_Device_Library.dir/__/__/Middlewares/ST/STM32_USB_Device_Library/Core/Src/usbd_ioreq.c.obj
LOAD cmake/stm32cubemx/CMakeFiles/USB_Device_Library.dir/__/__/Middlewares/ST/STM32_USB_Device_Library/Class/DFU/Src/usbd_dfu.c.obj
LOAD CMakeFiles/DFU-test.dir/USB_DEVICE/Target/usbd_conf.c.obj
LOAD CMakeFiles/DFU-test.dir/USB_DEVICE/App/usb_device.c.obj
LOAD CMakeFiles/DFU-test.dir/USB_DEVICE/App/usbd_desc.c.obj
LOAD CMakeFiles/DFU-test.dir/USB_DEVICE/App/usbd_dfu_if.c.obj
LOAD CMakeFiles/DFU-test.dir/Core/Src/main.c.obj
LOAD CMakeFiles/DFU-test.dir/Core/Src/gpio.c.obj
LOAD CMakeFiles/DFU-test.dir/Core/Src/stm32f1xx_it.c.obj
LOAD CMakeFiles/DFU-test.dir/Core/Src/stm32f1xx_hal_msp.c.obj
LOAD CMakeFiles/DFU-test.dir/Core/Src/sysmem.c.obj
LOAD CMakeFiles/DFU-test.dir/Core/Src/syscalls.c.obj
LOAD CMakeFiles/DFU-test.dir/startup_stm32f103xb.s.obj
LOAD /usr/lib/gcc/arm-none-eabi/13.2.1/../../../arm-none-eabi/lib/thumb/v7-m/nofp/libm.a
START GROUP
LOAD /usr/lib/gcc/arm-none-eabi/13.2.1/thumb/v7-m/nofp/libgcc.a
LOAD /usr/lib/gcc/arm-none-eabi/13.2.1/../../../arm-none-eabi/lib/thumb/v7-m/nofp/libg_nano.a
LOAD /usr/lib/gcc/arm-none-eabi/13.2.1/../../../arm-none-eabi/lib/thumb/v7-m/nofp/libc_nano.a
END GROUP
START GROUP
LOAD /usr/lib/gcc/arm-none-eabi/13.2.1/thumb/v7-m/nofp/libgcc.a
LOAD /usr/lib/gcc/arm-none-eabi/13.2.1/../../../arm-none-eabi/lib/thumb/v7-m/nofp/libc_nano.a
END GROUP
LOAD /usr/lib/gcc/arm-none-eabi/13.2.1/thumb/v7-m/nofp/crtend.o
LOAD /usr/lib/gcc/arm-none-eabi/13.2.1/thumb/v7-m/nofp/crtn.o
                0x20005000                        _estack = (ORIGIN (RAM) + LENGTH (RAM))
                0x00000600                        _Min_Heap_Size = 0x600
                0x00000600                        _Min_Stack_Size = 0x600

.isr_vector     0x08000000      0x10c
                0x08000000                        . = ALIGN (0x4)
 *(.isr_vector)
 .isr_vector    0x08000000      0x10c CMakeFiles/DFU-test.dir/startup_stm32f103xb.s.obj
                0x08000000                g_pfnVectors
                0x0800010c                        . = ALIGN (0x4)

.text           0x0800010c     0x3734
                0x0800010c                        . = ALIGN (0x4)
 *(.text)
 .text          0x0800010c       0x88 /usr/lib/gcc/arm-none-eabi/13.2.1/thumb/v7-m/nofp/crtbegin.o
 .text          0x08000194       0x5c /usr/lib/gcc/arm-none-eabi/13.2.1/../../../arm-none-eabi/lib/thumb/v7-m/nofp/libg_nano.a(libc_a-strlen-stub.o)
                0x08000194                strlen
 .text          0x080001f0       0x50 /usr/lib/gcc/arm-none-eabi/13.2.1/../../../arm-none-eabi/lib/thumb/v7-m/nofp/libg_nano.a(libc_a-init.o)
                0x080001f0                __libc_init_array
 .text          0x08000240       0xa0 /usr/lib/gcc/arm-none-eabi/13.2.1/../../../arm-none-eabi/lib/thumb/v7-m/nofp/libg_nano.a(libc_a-memset.o)
                0x08000240                memset
 *(.text*)
 .text.SystemInit
                0x080002e0        0x2 cmake/stm32cubemx/CMakeFiles/STM32_Drivers.dir/__/__/Core/Src/system_stm32f1xx.c.obj
                0x080002e0                SystemInit
 .text.HAL_PCD_Init
                0x080002e2       0xc6 cmake/stm32cubemx/CMakeFiles/STM32_Drivers.dir/__/__/Drivers/STM32F1xx_HAL_Driver/Src/stm32f1xx_hal_pcd.c.obj
                0x080002e2                HAL_PCD_Init
 .text.HAL_PCD_Start
                0x080003a8       0x32 cmake/stm32cubemx/CMakeFiles/STM32_Drivers.dir/__/__/Drivers/STM32F1xx_HAL_Driver/Src/stm32f1xx_hal_pcd.c.obj
                0x080003a8                HAL_PCD_Start
 .text.HAL_PCD_Stop
                0x080003da       0x32 cmake/stm32cubemx/CMakeFiles/STM32_Drivers.dir/__/__/Drivers/STM32F1xx_HAL_Driver/Src/stm32f1xx_hal_pcd.c.obj
                0x080003da                HAL_PCD_Stop
 .text.HAL_PCD_SetAddress
                0x0800040c       0x26 cmake/stm32cubemx/CMakeFiles/STM32_Drivers.dir/__/__/Drivers/STM32F1xx_HAL_Driver/Src/stm32f1xx_hal_pcd.c.obj
                0x0800040c                HAL_PCD_SetAddress
 *fill*         0x08000432        0x2 
 .text.HAL_PCD_IRQHandler
                0x08000434      0xa08 cmake/stm32cubemx/CMakeFiles/STM32_Drivers.dir/__/__/Drivers/STM32F1xx_HAL_Driver/Src/stm32f1xx_hal_pcd.c.obj
                0x08000434                HAL_PCD_IRQHandler
 .text.HAL_PCD_EP_Open
                0x08000e3c       0x60 cmake/stm32cubemx/CMakeFiles/STM32_Drivers.dir/__/__/Drivers/STM32F1xx_HAL_Driver/Src/stm32f1xx_hal_pcd.c.obj
                0x08000e3c                HAL_PCD_EP_Open
 .text.HAL_PCD_EP_Receive
                0x08000e9c       0x2e cmake/stm32cubemx/CMakeFiles/STM32_Drivers.dir/__/__/Drivers/STM32F1xx_HAL_Driver/Src/stm32f1xx_hal_pcd.c.obj
                0x08000e9c                HAL_PCD_EP_Receive
 .text.HAL_PCD_EP_Transmit
                0x08000eca       0x30 cmake/stm32cubemx/CMakeFiles/STM32_Drivers.dir/__/__/Drivers/STM32F1xx_HAL_Driver/Src/stm32f1xx_hal_pcd.c.obj
                0x08000eca                HAL_PCD_EP_Transmit
 .text.HAL_PCD_EP_SetStall
                0x08000efa       0x6c cmake/stm32cubemx/CMakeFiles/STM32_Drivers.dir/__/__/Drivers/STM32F1xx_HAL_Driver/Src/stm32f1xx_hal_pcd.c.obj
                0x08000efa                HAL_PCD_EP_SetStall
 .text.HAL_PCD_EP_ClrStall
                0x08000f66       0x64 cmake/stm32cubemx/CMakeFiles/STM32_Drivers.dir/__/__/Drivers/STM32F1xx_HAL_Driver/Src/stm32f1xx_hal_pcd.c.obj
                0x08000f66                HAL_PCD_EP_ClrStall
 .text.HAL_PCDEx_PMAConfig
                0x08000fca       0x32 cmake/stm32cubemx/CMakeFiles/STM32_Drivers.dir/__/__/Drivers/STM32F1xx_HAL_Driver/Src/stm32f1xx_hal_pcd_ex.c.obj
                0x08000fca                HAL_PCDEx_PMAConfig
 .text.USB_CoreInit
                0x08000ffc        0xe cmake/stm32cubemx/CMakeFiles/STM32_Drivers.dir/__/__/Drivers/STM32F1xx_HAL_Driver/Src/stm32f1xx_ll_usb.c.obj
                0x08000ffc                USB_CoreInit
 .text.USB_EnableGlobalInt
                0x0800100a       0x12 cmake/stm32cubemx/CMakeFiles/STM32_Drivers.dir/__/__/Drivers/STM32F1xx_HAL_Driver/Src/stm32f1xx_ll_usb.c.obj
                0x0800100a                USB_EnableGlobalInt
 .text.USB_DisableGlobalInt
                0x0800101c       0x14 cmake/stm32cubemx/CMakeFiles/STM32_Drivers.dir/__/__/Drivers/STM32F1xx_HAL_Driver/Src/stm32f1xx_ll_usb.c.obj
                0x0800101c                USB_DisableGlobalInt
 .text.USB_SetCurrentMode
                0x08001030        0x4 cmake/stm32cubemx/CMakeFiles/STM32_Drivers.dir/__/__/Drivers/STM32F1xx_HAL_Driver/Src/stm32f1xx_ll_usb.c.obj
                0x08001030                USB_SetCurrentMode
 .text.USB_DevInit
                0x08001034       0x22 cmake/stm32cubemx/CMakeFiles/STM32_Drivers.dir/__/__/Drivers/STM32F1xx_HAL_Driver/Src/stm32f1xx_ll_usb.c.obj
                0x08001034                USB_DevInit
 *fill*         0x08001056        0x2 
 .text.USB_ActivateEndpoint
                0x08001058      0x2c0 cmake/stm32cubemx/CMakeFiles/STM32_Drivers.dir/__/__/Drivers/STM32F1xx_HAL_Driver/Src/stm32f1xx_ll_usb.c.obj
                0x08001058                USB_ActivateEndpoint
 .text.USB_EPSetStall
                0x08001318       0x40 cmake/stm32cubemx/CMakeFiles/STM32_Drivers.dir/__/__/Drivers/STM32F1xx_HAL_Driver/Src/stm32f1xx_ll_usb.c.obj
                0x08001318                USB_EPSetStall
 .text.USB_EPClearStall
                0x08001358       0x92 cmake/stm32cubemx/CMakeFiles/STM32_Drivers.dir/__/__/Drivers/STM32F1xx_HAL_Driver/Src/stm32f1xx_ll_usb.c.obj
                0x08001358                USB_EPClearStall
 .text.USB_SetDevAddress
                0x080013ea        0xc cmake/stm32cubemx/CMakeFiles/STM32_Drivers.dir/__/__/Drivers/STM32F1xx_HAL_Driver/Src/stm32f1xx_ll_usb.c.obj
                0x080013ea                USB_SetDevAddress
 .text.USB_DevConnect
                0x080013f6        0x4 cmake/stm32cubemx/CMakeFiles/STM32_Drivers.dir/__/__/Drivers/STM32F1xx_HAL_Driver/Src/stm32f1xx_ll_usb.c.obj
                0x080013f6                USB_DevConnect
 .text.USB_DevDisconnect
                0x080013fa        0x4 cmake/stm32cubemx/CMakeFiles/STM32_Drivers.dir/__/__/Drivers/STM32F1xx_HAL_Driver/Src/stm32f1xx_ll_usb.c.obj
                0x080013fa                USB_DevDisconnect
 .text.USB_ReadInterrupts
                0x080013fe        0x8 cmake/stm32cubemx/CMakeFiles/STM32_Drivers.dir/__/__/Drivers/STM32F1xx_HAL_Driver/Src/stm32f1xx_ll_usb.c.obj
                0x080013fe                USB_ReadInterrupts
 .text.USB_EP0_OutStart
                0x08001406        0x4 cmake/stm32cubemx/CMakeFiles/STM32_Drivers.dir/__/__/Drivers/STM32F1xx_HAL_Driver/Src/stm32f1xx_ll_usb.c.obj
                0x08001406                USB_EP0_OutStart
 .text.USB_WritePMA
                0x0800140a       0x20 cmake/stm32cubemx/CMakeFiles/STM32_Drivers.dir/__/__/Drivers/STM32F1xx_HAL_Driver/Src/stm32f1xx_ll_usb.c.obj
                0x0800140a                USB_WritePMA
 .text.USB_EPStartXfer
                0x0800142a      0x46a cmake/stm32cubemx/CMakeFiles/STM32_Drivers.dir/__/__/Drivers/STM32F1xx_HAL_Driver/Src/stm32f1xx_ll_usb.c.obj
                0x0800142a                USB_EPStartXfer
 .text.USB_ReadPMA
                0x08001894       0x38 cmake/stm32cubemx/CMakeFiles/STM32_Drivers.dir/__/__/Drivers/STM32F1xx_HAL_Driver/Src/stm32f1xx_ll_usb.c.obj
                0x08001894                USB_ReadPMA
 .text.HAL_MspDeInit
                0x080018cc        0x2 cmake/stm32cubemx/CMakeFiles/STM32_Drivers.dir/__/__/Drivers/STM32F1xx_HAL_Driver/Src/stm32f1xx_hal.c.obj
                0x080018cc                HAL_MspDeInit
 *fill*         0x080018ce        0x2 
 .text.HAL_DeInit
                0x080018d0       0x20 cmake/stm32cubemx/CMakeFiles/STM32_Drivers.dir/__/__/Drivers/STM32F1xx_HAL_Driver/Src/stm32f1xx_hal.c.obj
                0x080018d0                HAL_DeInit
 .text.HAL_InitTick
                0x080018f0       0x48 cmake/stm32cubemx/CMakeFiles/STM32_Drivers.dir/__/__/Drivers/STM32F1xx_HAL_Driver/Src/stm32f1xx_hal.c.obj
                0x080018f0                HAL_InitTick
 .text.HAL_Init
                0x08001938       0x24 cmake/stm32cubemx/CMakeFiles/STM32_Drivers.dir/__/__/Drivers/STM32F1xx_HAL_Driver/Src/stm32f1xx_hal.c.obj
                0x08001938                HAL_Init
 .text.HAL_IncTick
                0x0800195c       0x18 cmake/stm32cubemx/CMakeFiles/STM32_Drivers.dir/__/__/Drivers/STM32F1xx_HAL_Driver/Src/stm32f1xx_hal.c.obj
                0x0800195c                HAL_IncTick
 .text.HAL_GetTick
                0x08001974        0xc cmake/stm32cubemx/CMakeFiles/STM32_Drivers.dir/__/__/Drivers/STM32F1xx_HAL_Driver/Src/stm32f1xx_hal.c.obj
                0x08001974                HAL_GetTick
 .text.HAL_Delay
                0x08001980       0x24 cmake/stm32cubemx/CMakeFiles/STM32_Drivers.dir/__/__/Drivers/STM32F1xx_HAL_Driver/Src/stm32f1xx_hal.c.obj
                0x08001980                HAL_Delay
 .text.HAL_RCC_DeInit
                0x080019a4       0xd8 cmake/stm32cubemx/CMakeFiles/STM32_Drivers.dir/__/__/Drivers/STM32F1xx_HAL_Driver/Src/stm32f1xx_hal_rcc.c.obj
                0x080019a4                HAL_RCC_DeInit
 .text.HAL_RCC_OscConfig
                0x08001a7c      0x338 cmake/stm32cubemx/CMakeFiles/STM32_Drivers.dir/__/__/Drivers/STM32F1xx_HAL_Driver/Src/stm32f1xx_hal_rcc.c.obj
                0x08001a7c                HAL_RCC_OscConfig
 .text.HAL_RCC_GetSysClockFreq
                0x08001db4       0x4c cmake/stm32cubemx/CMakeFiles/STM32_Drivers.dir/__/__/Drivers/STM32F1xx_HAL_Driver/Src/stm32f1xx_hal_rcc.c.obj
                0x08001db4                HAL_RCC_GetSysClockFreq
 .text.HAL_RCC_ClockConfig
                0x08001e00      0x138 cmake/stm32cubemx/CMakeFiles/STM32_Drivers.dir/__/__/Drivers/STM32F1xx_HAL_Driver/Src/stm32f1xx_hal_rcc.c.obj
                0x08001e00                HAL_RCC_ClockConfig
 .text.HAL_RCCEx_PeriphCLKConfig
                0x08001f38       0xf4 cmake/stm32cubemx/CMakeFiles/STM32_Drivers.dir/__/__/Drivers/STM32F1xx_HAL_Driver/Src/stm32f1xx_hal_rcc_ex.c.obj
                0x08001f38                HAL_RCCEx_PeriphCLKConfig
 .text.HAL_GPIO_Init
                0x0800202c      0x1a8 cmake/stm32cubemx/CMakeFiles/STM32_Drivers.dir/__/__/Drivers/STM32F1xx_HAL_Driver/Src/stm32f1xx_hal_gpio.c.obj
                0x0800202c                HAL_GPIO_Init
 .text.HAL_GPIO_ReadPin
                0x080021d4        0xc cmake/stm32cubemx/CMakeFiles/STM32_Drivers.dir/__/__/Drivers/STM32F1xx_HAL_Driver/Src/stm32f1xx_hal_gpio.c.obj
                0x080021d4                HAL_GPIO_ReadPin
 .text.HAL_GPIO_WritePin
                0x080021e0        0xa cmake/stm32cubemx/CMakeFiles/STM32_Drivers.dir/__/__/Drivers/STM32F1xx_HAL_Driver/Src/stm32f1xx_hal_gpio.c.obj
                0x080021e0                HAL_GPIO_WritePin
 .text.HAL_GPIO_TogglePin
                0x080021ea       0x12 cmake/stm32cubemx/CMakeFiles/STM32_Drivers.dir/__/__/Drivers/STM32F1xx_HAL_Driver/Src/stm32f1xx_hal_gpio.c.obj
                0x080021ea                HAL_GPIO_TogglePin
 .text.HAL_NVIC_SetPriorityGrouping
                0x080021fc       0x24 cmake/stm32cubemx/CMakeFiles/STM32_Drivers.dir/__/__/Drivers/STM32F1xx_HAL_Driver/Src/stm32f1xx_hal_cortex.c.obj
                0x080021fc                HAL_NVIC_SetPriorityGrouping
 .text.HAL_NVIC_SetPriority
                0x08002220       0x60 cmake/stm32cubemx/CMakeFiles/STM32_Drivers.dir/__/__/Drivers/STM32F1xx_HAL_Driver/Src/stm32f1xx_hal_cortex.c.obj
                0x08002220                HAL_NVIC_SetPriority
 .text.HAL_NVIC_EnableIRQ
                0x08002280       0x1c cmake/stm32cubemx/CMakeFiles/STM32_Drivers.dir/__/__/Drivers/STM32F1xx_HAL_Driver/Src/stm32f1xx_hal_cortex.c.obj
                0x08002280                HAL_NVIC_EnableIRQ
 .text.HAL_SYSTICK_Config
                0x0800229c       0x28 cmake/stm32cubemx/CMakeFiles/STM32_Drivers.dir/__/__/Drivers/STM32F1xx_HAL_Driver/Src/stm32f1xx_hal_cortex.c.obj
                0x0800229c                HAL_SYSTICK_Config
 .text.FLASH_SetErrorCode
                0x080022c4       0x50 cmake/stm32cubemx/CMakeFiles/STM32_Drivers.dir/__/__/Drivers/STM32F1xx_HAL_Driver/Src/stm32f1xx_hal_flash.c.obj
 .text.HAL_FLASH_Unlock
                0x08002314       0x24 cmake/stm32cubemx/CMakeFiles/STM32_Drivers.dir/__/__/Drivers/STM32F1xx_HAL_Driver/Src/stm32f1xx_hal_flash.c.obj
                0x08002314                HAL_FLASH_Unlock
 .text.HAL_FLASH_Lock
                0x08002338       0x14 cmake/stm32cubemx/CMakeFiles/STM32_Drivers.dir/__/__/Drivers/STM32F1xx_HAL_Driver/Src/stm32f1xx_hal_flash.c.obj
                0x08002338                HAL_FLASH_Lock
 .text.FLASH_WaitForLastOperation
                0x0800234c       0x54 cmake/stm32cubemx/CMakeFiles/STM32_Drivers.dir/__/__/Drivers/STM32F1xx_HAL_Driver/Src/stm32f1xx_hal_flash.c.obj
                0x0800234c                FLASH_WaitForLastOperation
 .text.HAL_FLASH_Program
                0x080023a0       0xa4 cmake/stm32cubemx/CMakeFiles/STM32_Drivers.dir/__/__/Drivers/STM32F1xx_HAL_Driver/Src/stm32f1xx_hal_flash.c.obj
                0x080023a0                HAL_FLASH_Program
 .text.FLASH_PageErase
                0x08002444       0x24 cmake/stm32cubemx/CMakeFiles/STM32_Drivers.dir/__/__/Drivers/STM32F1xx_HAL_Driver/Src/stm32f1xx_hal_flash_ex.c.obj
                0x08002444                FLASH_PageErase
 .text.HAL_FLASHEx_Erase
                0x08002468       0xa8 cmake/stm32cubemx/CMakeFiles/STM32_Drivers.dir/__/__/Drivers/STM32F1xx_HAL_Driver/Src/stm32f1xx_hal_flash_ex.c.obj
                0x08002468                HAL_FLASHEx_Erase
 .text.USBD_Init
                0x08002510       0x2a cmake/stm32cubemx/CMakeFiles/USB_Device_Library.dir/__/__/Middlewares/ST/STM32_USB_Device_Library/Core/Src/usbd_core.c.obj
                0x08002510                USBD_Init
 .text.USBD_RegisterClass
                0x0800253a        0xe cmake/stm32cubemx/CMakeFiles/USB_Device_Library.dir/__/__/Middlewares/ST/STM32_USB_Device_Library/Core/Src/usbd_core.c.obj
                0x0800253a                USBD_RegisterClass
 .text.USBD_Start
                0x08002548        0xa cmake/stm32cubemx/CMakeFiles/USB_Device_Library.dir/__/__/Middlewares/ST/STM32_USB_Device_Library/Core/Src/usbd_core.c.obj
                0x08002548                USBD_Start
 .text.USBD_Stop
                0x08002552       0x18 cmake/stm32cubemx/CMakeFiles/USB_Device_Library.dir/__/__/Middlewares/ST/STM32_USB_Device_Library/Core/Src/usbd_core.c.obj
                0x08002552                USBD_Stop
 .text.USBD_SetClassConfig
                0x0800256a       0x1a cmake/stm32cubemx/CMakeFiles/USB_Device_Library.dir/__/__/Middlewares/ST/STM32_USB_Device_Library/Core/Src/usbd_core.c.obj
                0x0800256a                USBD_SetClassConfig
 .text.USBD_ClrClassConfig
                0x08002584        0xe cmake/stm32cubemx/CMakeFiles/USB_Device_Library.dir/__/__/Middlewares/ST/STM32_USB_Device_Library/Core/Src/usbd_core.c.obj
                0x08002584                USBD_ClrClassConfig
 .text.USBD_LL_SetupStage
                0x08002592       0x5a cmake/stm32cubemx/CMakeFiles/USB_Device_Library.dir/__/__/Middlewares/ST/STM32_USB_Device_Library/Core/Src/usbd_core.c.obj
                0x08002592                USBD_LL_SetupStage
 .text.USBD_LL_DataOutStage
                0x080025ec       0x70 cmake/stm32cubemx/CMakeFiles/USB_Device_Library.dir/__/__/Middlewares/ST/STM32_USB_Device_Library/Core/Src/usbd_core.c.obj
                0x080025ec                USBD_LL_DataOutStage
 .text.USBD_LL_DataInStage
                0x0800265c       0xb8 cmake/stm32cubemx/CMakeFiles/USB_Device_Library.dir/__/__/Middlewares/ST/STM32_USB_Device_Library/Core/Src/usbd_core.c.obj
                0x0800265c                USBD_LL_DataInStage
 .text.USBD_LL_Reset
                0x08002714       0x4e cmake/stm32cubemx/CMakeFiles/USB_Device_Library.dir/__/__/Middlewares/ST/STM32_USB_Device_Library/Core/Src/usbd_core.c.obj
                0x08002714                USBD_LL_Reset
 .text.USBD_LL_SetSpeed
                0x08002762        0x6 cmake/stm32cubemx/CMakeFiles/USB_Device_Library.dir/__/__/Middlewares/ST/STM32_USB_Device_Library/Core/Src/usbd_core.c.obj
                0x08002762                USBD_LL_SetSpeed
 .text.USBD_LL_Suspend
                0x08002768       0x12 cmake/stm32cubemx/CMakeFiles/USB_Device_Library.dir/__/__/Middlewares/ST/STM32_USB_Device_Library/Core/Src/usbd_core.c.obj
                0x08002768                USBD_LL_Suspend
 .text.USBD_LL_Resume
                0x0800277a       0x14 cmake/stm32cubemx/CMakeFiles/USB_Device_Library.dir/__/__/Middlewares/ST/STM32_USB_Device_Library/Core/Src/usbd_core.c.obj
                0x0800277a                USBD_LL_Resume
 .text.USBD_LL_SOF
                0x0800278e       0x18 cmake/stm32cubemx/CMakeFiles/USB_Device_Library.dir/__/__/Middlewares/ST/STM32_USB_Device_Library/Core/Src/usbd_core.c.obj
                0x0800278e                USBD_LL_SOF
 .text.USBD_CtlError.constprop.0
                0x080027a6       0x16 cmake/stm32cubemx/CMakeFiles/USB_Device_Library.dir/__/__/Middlewares/ST/STM32_USB_Device_Library/Core/Src/usbd_ctlreq.c.obj
 .text.USBD_StdDevReq
                0x080027bc      0x2a4 cmake/stm32cubemx/CMakeFiles/USB_Device_Library.dir/__/__/Middlewares/ST/STM32_USB_Device_Library/Core/Src/usbd_ctlreq.c.obj
                0x080027bc                USBD_StdDevReq
 .text.USBD_StdItfReq
                0x08002a60       0x48 cmake/stm32cubemx/CMakeFiles/USB_Device_Library.dir/__/__/Middlewares/ST/STM32_USB_Device_Library/Core/Src/usbd_ctlreq.c.obj
                0x08002a60                USBD_StdItfReq
 .text.USBD_StdEPReq
                0x08002aa8      0x118 cmake/stm32cubemx/CMakeFiles/USB_Device_Library.dir/__/__/Middlewares/ST/STM32_USB_Device_Library/Core/Src/usbd_ctlreq.c.obj
                0x08002aa8                USBD_StdEPReq
 .text.USBD_ParseSetupRequest
                0x08002bc0       0x16 cmake/stm32cubemx/CMakeFiles/USB_Device_Library.dir/__/__/Middlewares/ST/STM32_USB_Device_Library/Core/Src/usbd_ctlreq.c.obj
                0x08002bc0                USBD_ParseSetupRequest
 .text.USBD_CtlError
                0x08002bd6       0x16 cmake/stm32cubemx/CMakeFiles/USB_Device_Library.dir/__/__/Middlewares/ST/STM32_USB_Device_Library/Core/Src/usbd_ctlreq.c.obj
                0x08002bd6                USBD_CtlError
 .text.USBD_GetString
                0x08002bec       0x38 cmake/stm32cubemx/CMakeFiles/USB_Device_Library.dir/__/__/Middlewares/ST/STM32_USB_Device_Library/Core/Src/usbd_ctlreq.c.obj
                0x08002bec                USBD_GetString
 .text.USBD_CtlSendData
                0x08002c24       0x1a cmake/stm32cubemx/CMakeFiles/USB_Device_Library.dir/__/__/Middlewares/ST/STM32_USB_Device_Library/Core/Src/usbd_ioreq.c.obj
                0x08002c24                USBD_CtlSendData
 .text.USBD_CtlContinueSendData
                0x08002c3e       0x10 cmake/stm32cubemx/CMakeFiles/USB_Device_Library.dir/__/__/Middlewares/ST/STM32_USB_Device_Library/Core/Src/usbd_ioreq.c.obj
                0x08002c3e                USBD_CtlContinueSendData
 .text.USBD_CtlPrepareRx
                0x08002c4e       0x1a cmake/stm32cubemx/CMakeFiles/USB_Device_Library.dir/__/__/Middlewares/ST/STM32_USB_Device_Library/Core/Src/usbd_ioreq.c.obj
                0x08002c4e                USBD_CtlPrepareRx
 .text.USBD_CtlContinueRx
                0x08002c68       0x10 cmake/stm32cubemx/CMakeFiles/USB_Device_Library.dir/__/__/Middlewares/ST/STM32_USB_Device_Library/Core/Src/usbd_ioreq.c.obj
                0x08002c68                USBD_CtlContinueRx
 .text.USBD_CtlSendStatus
                0x08002c78       0x16 cmake/stm32cubemx/CMakeFiles/USB_Device_Library.dir/__/__/Middlewares/ST/STM32_USB_Device_Library/Core/Src/usbd_ioreq.c.obj
                0x08002c78                USBD_CtlSendStatus
 .text.USBD_CtlReceiveStatus
                0x08002c8e       0x16 cmake/stm32cubemx/CMakeFiles/USB_Device_Library.dir/__/__/Middlewares/ST/STM32_USB_Device_Library/Core/Src/usbd_ioreq.c.obj
                0x08002c8e                USBD_CtlReceiveStatus
 .text.USBD_DFU_GetCfgDesc
                0x08002ca4        0xc cmake/stm32cubemx/CMakeFiles/USB_Device_Library.dir/__/__/Middlewares/ST/STM32_USB_Device_Library/Class/DFU/Src/usbd_dfu.c.obj
 .text.USBD_DFU_DataIn
                0x08002cb0        0x4 cmake/stm32cubemx/CMakeFiles/USB_Device_Library.dir/__/__/Middlewares/ST/STM32_USB_Device_Library/Class/DFU/Src/usbd_dfu.c.obj
 .text.USBD_DFU_EP0_RxReady
                0x08002cb4        0x4 cmake/stm32cubemx/CMakeFiles/USB_Device_Library.dir/__/__/Middlewares/ST/STM32_USB_Device_Library/Class/DFU/Src/usbd_dfu.c.obj
 .text.USBD_DFU_GetDeviceQualifierDesc
                0x08002cb8        0xc cmake/stm32cubemx/CMakeFiles/USB_Device_Library.dir/__/__/Middlewares/ST/STM32_USB_Device_Library/Class/DFU/Src/usbd_dfu.c.obj
 .text.USBD_DFU_EP0_TxReady
                0x08002cc4      0x128 cmake/stm32cubemx/CMakeFiles/USB_Device_Library.dir/__/__/Middlewares/ST/STM32_USB_Device_Library/Class/DFU/Src/usbd_dfu.c.obj
 .text.USBD_DFU_DeInit
                0x08002dec       0x38 cmake/stm32cubemx/CMakeFiles/USB_Device_Library.dir/__/__/Middlewares/ST/STM32_USB_Device_Library/Class/DFU/Src/usbd_dfu.c.obj
 .text.USBD_DFU_Init
                0x08002e24       0x4c cmake/stm32cubemx/CMakeFiles/USB_Device_Library.dir/__/__/Middlewares/ST/STM32_USB_Device_Library/Class/DFU/Src/usbd_dfu.c.obj
 .text.USBD_DFU_IsoOutIncomplete
                0x08002e70        0x4 cmake/stm32cubemx/CMakeFiles/USB_Device_Library.dir/__/__/Middlewares/ST/STM32_USB_Device_Library/Class/DFU/Src/usbd_dfu.c.obj
 .text.USBD_DFU_GetUsrStringDesc
                0x08002e74       0x20 cmake/stm32cubemx/CMakeFiles/USB_Device_Library.dir/__/__/Middlewares/ST/STM32_USB_Device_Library/Class/DFU/Src/usbd_dfu.c.obj
 .text.USBD_DFU_Setup
                0x08002e94      0x2e8 cmake/stm32cubemx/CMakeFiles/USB_Device_Library.dir/__/__/Middlewares/ST/STM32_USB_Device_Library/Class/DFU/Src/usbd_dfu.c.obj
 .text.USBD_DFU_DataOut
                0x0800317c        0x4 cmake/stm32cubemx/CMakeFiles/USB_Device_Library.dir/__/__/Middlewares/ST/STM32_USB_Device_Library/Class/DFU/Src/usbd_dfu.c.obj
 .text.USBD_DFU_IsoINIncomplete
                0x08003180        0x4 cmake/stm32cubemx/CMakeFiles/USB_Device_Library.dir/__/__/Middlewares/ST/STM32_USB_Device_Library/Class/DFU/Src/usbd_dfu.c.obj
 .text.USBD_DFU_SOF
                0x08003184        0x4 cmake/stm32cubemx/CMakeFiles/USB_Device_Library.dir/__/__/Middlewares/ST/STM32_USB_Device_Library/Class/DFU/Src/usbd_dfu.c.obj
 .text.USBD_DFU_RegisterMedia
                0x08003188        0xa cmake/stm32cubemx/CMakeFiles/USB_Device_Library.dir/__/__/Middlewares/ST/STM32_USB_Device_Library/Class/DFU/Src/usbd_dfu.c.obj
                0x08003188                USBD_DFU_RegisterMedia
 .text.USBD_Get_USB_Status
                0x08003192        0xc CMakeFiles/DFU-test.dir/USB_DEVICE/Target/usbd_conf.c.obj
 *fill*         0x0800319e        0x2 
 .text.HAL_PCD_MspInit
                0x080031a0       0x40 CMakeFiles/DFU-test.dir/USB_DEVICE/Target/usbd_conf.c.obj
                0x080031a0                HAL_PCD_MspInit
 .text.HAL_PCD_SetupStageCallback
                0x080031e0        0xc CMakeFiles/DFU-test.dir/USB_DEVICE/Target/usbd_conf.c.obj
                0x080031e0                HAL_PCD_SetupStageCallback
 .text.HAL_PCD_DataOutStageCallback
                0x080031ec       0x12 CMakeFiles/DFU-test.dir/USB_DEVICE/Target/usbd_conf.c.obj
                0x080031ec                HAL_PCD_DataOutStageCallback
 .text.HAL_PCD_DataInStageCallback
                0x080031fe       0x10 CMakeFiles/DFU-test.dir/USB_DEVICE/Target/usbd_conf.c.obj
                0x080031fe                HAL_PCD_DataInStageCallback
 .text.HAL_PCD_SOFCallback
                0x0800320e        0x8 CMakeFiles/DFU-test.dir/USB_DEVICE/Target/usbd_conf.c.obj
                0x0800320e                HAL_PCD_SOFCallback
 .text.HAL_PCD_ResetCallback
                0x08003216       0x24 CMakeFiles/DFU-test.dir/USB_DEVICE/Target/usbd_conf.c.obj
                0x08003216                HAL_PCD_ResetCallback
 *fill*         0x0800323a        0x2 
 .text.HAL_PCD_SuspendCallback
                0x0800323c       0x20 CMakeFiles/DFU-test.dir/USB_DEVICE/Target/usbd_conf.c.obj
                0x0800323c                HAL_PCD_SuspendCallback
 .text.HAL_PCD_ResumeCallback
                0x0800325c        0x8 CMakeFiles/DFU-test.dir/USB_DEVICE/Target/usbd_conf.c.obj
                0x0800325c                HAL_PCD_ResumeCallback
 .text.USBD_LL_Init
                0x08003264       0x54 CMakeFiles/DFU-test.dir/USB_DEVICE/Target/usbd_conf.c.obj
                0x08003264                USBD_LL_Init
 .text.USBD_LL_Start
                0x080032b8       0x12 CMakeFiles/DFU-test.dir/USB_DEVICE/Target/usbd_conf.c.obj
                0x080032b8                USBD_LL_Start
 .text.USBD_LL_Stop
                0x080032ca       0x12 CMakeFiles/DFU-test.dir/USB_DEVICE/Target/usbd_conf.c.obj
                0x080032ca                USBD_LL_Stop
 .text.USBD_LL_OpenEP
                0x080032dc       0x18 CMakeFiles/DFU-test.dir/USB_DEVICE/Target/usbd_conf.c.obj
                0x080032dc                USBD_LL_OpenEP
 .text.USBD_LL_StallEP
                0x080032f4       0x12 CMakeFiles/DFU-test.dir/USB_DEVICE/Target/usbd_conf.c.obj
                0x080032f4                USBD_LL_StallEP
 .text.USBD_LL_ClearStallEP
                0x08003306       0x12 CMakeFiles/DFU-test.dir/USB_DEVICE/Target/usbd_conf.c.obj
                0x08003306                USBD_LL_ClearStallEP
 .text.USBD_LL_IsStallEP
                0x08003318       0x22 CMakeFiles/DFU-test.dir/USB_DEVICE/Target/usbd_conf.c.obj
                0x08003318                USBD_LL_IsStallEP
 .text.USBD_LL_SetUSBAddress
                0x0800333a       0x12 CMakeFiles/DFU-test.dir/USB_DEVICE/Target/usbd_conf.c.obj
                0x0800333a                USBD_LL_SetUSBAddress
 .text.USBD_LL_Transmit
                0x0800334c       0x12 CMakeFiles/DFU-test.dir/USB_DEVICE/Target/usbd_conf.c.obj
                0x0800334c                USBD_LL_Transmit
 .text.USBD_LL_PrepareReceive
                0x0800335e       0x12 CMakeFiles/DFU-test.dir/USB_DEVICE/Target/usbd_conf.c.obj
                0x0800335e                USBD_LL_PrepareReceive
 .text.USBD_static_malloc
                0x08003370        0x8 CMakeFiles/DFU-test.dir/USB_DEVICE/Target/usbd_conf.c.obj
                0x08003370                USBD_static_malloc
 .text.USBD_static_free
                0x08003378        0x2 CMakeFiles/DFU-test.dir/USB_DEVICE/Target/usbd_conf.c.obj
                0x08003378                USBD_static_free
 .text.HAL_PCDEx_SetConnectionState
                0x0800337a        0x2 CMakeFiles/DFU-test.dir/USB_DEVICE/Target/usbd_conf.c.obj
                0x0800337a                HAL_PCDEx_SetConnectionState
 .text.MX_USB_DEVICE_Init
                0x0800337c       0x50 CMakeFiles/DFU-test.dir/USB_DEVICE/App/usb_device.c.obj
                0x0800337c                MX_USB_DEVICE_Init
 .text.USBD_FS_DeviceDescriptor
                0x080033cc        0xc CMakeFiles/DFU-test.dir/USB_DEVICE/App/usbd_desc.c.obj
                0x080033cc                USBD_FS_DeviceDescriptor
 .text.USBD_FS_LangIDStrDescriptor
                0x080033d8        0xc CMakeFiles/DFU-test.dir/USB_DEVICE/App/usbd_desc.c.obj
                0x080033d8                USBD_FS_LangIDStrDescriptor
 .text.IntToUnicode
                0x080033e4       0x2a CMakeFiles/DFU-test.dir/USB_DEVICE/App/usbd_desc.c.obj
 *fill*         0x0800340e        0x2 
 .text.USBD_FS_SerialStrDescriptor
                0x08003410       0x3c CMakeFiles/DFU-test.dir/USB_DEVICE/App/usbd_desc.c.obj
                0x08003410                USBD_FS_SerialStrDescriptor
 .text.USBD_FS_ManufacturerStrDescriptor
                0x0800344c       0x1c CMakeFiles/DFU-test.dir/USB_DEVICE/App/usbd_desc.c.obj
                0x0800344c                USBD_FS_ManufacturerStrDescriptor
 .text.USBD_FS_ProductStrDescriptor
                0x08003468       0x1c CMakeFiles/DFU-test.dir/USB_DEVICE/App/usbd_desc.c.obj
                0x08003468                USBD_FS_ProductStrDescriptor
 .text.USBD_FS_ConfigStrDescriptor
                0x08003484       0x1c CMakeFiles/DFU-test.dir/USB_DEVICE/App/usbd_desc.c.obj
                0x08003484                USBD_FS_ConfigStrDescriptor
 .text.USBD_FS_InterfaceStrDescriptor
                0x080034a0       0x1c CMakeFiles/DFU-test.dir/USB_DEVICE/App/usbd_desc.c.obj
                0x080034a0                USBD_FS_InterfaceStrDescriptor
 .text.MEM_If_Read_FS
                0x080034bc        0x2 CMakeFiles/DFU-test.dir/USB_DEVICE/App/usbd_dfu_if.c.obj
 .text.MEM_If_GetStatus_FS
                0x080034be       0x14 CMakeFiles/DFU-test.dir/USB_DEVICE/App/usbd_dfu_if.c.obj
 *fill*         0x080034d2        0x2 
 .text.MEM_If_Write_FS
                0x080034d4       0x44 CMakeFiles/DFU-test.dir/USB_DEVICE/App/usbd_dfu_if.c.obj
 .text.MEM_If_Erase_FS
                0x08003518       0x38 CMakeFiles/DFU-test.dir/USB_DEVICE/App/usbd_dfu_if.c.obj
 .text.MEM_If_DeInit_FS
                0x08003550        0xa CMakeFiles/DFU-test.dir/USB_DEVICE/App/usbd_dfu_if.c.obj
 .text.MEM_If_Init_FS
                0x0800355a        0xa CMakeFiles/DFU-test.dir/USB_DEVICE/App/usbd_dfu_if.c.obj
 .text.Go_To_App
                0x08003564       0x48 CMakeFiles/DFU-test.dir/Core/Src/main.c.obj
                0x08003564                Go_To_App
 .text.Get_Low_Pin_Count
                0x080035ac       0x40 CMakeFiles/DFU-test.dir/Core/Src/main.c.obj
                0x080035ac                Get_Low_Pin_Count
 .text.SystemClock_Config
                0x080035ec       0x7c CMakeFiles/DFU-test.dir/Core/Src/main.c.obj
                0x080035ec                SystemClock_Config
 .text.startup.main
                0x08003668       0x5c CMakeFiles/DFU-test.dir/Core/Src/main.c.obj
                0x08003668                main
 .text.Error_Handler
                0x080036c4        0x4 CMakeFiles/DFU-test.dir/Core/Src/main.c.obj
                0x080036c4                Error_Handler
 .text.MX_GPIO_Init
                0x080036c8       0xb0 CMakeFiles/DFU-test.dir/Core/Src/gpio.c.obj
                0x080036c8                MX_GPIO_Init
 .text.NMI_Handler
                0x08003778        0x2 CMakeFiles/DFU-test.dir/Core/Src/stm32f1xx_it.c.obj
                0x08003778                NMI_Handler
 .text.HardFault_Handler
                0x0800377a        0x2 CMakeFiles/DFU-test.dir/Core/Src/stm32f1xx_it.c.obj
                0x0800377a                HardFault_Handler
 .text.MemManage_Handler
                0x0800377c        0x2 CMakeFiles/DFU-test.dir/Core/Src/stm32f1xx_it.c.obj
                0x0800377c                MemManage_Handler
 .text.BusFault_Handler
                0x0800377e        0x2 CMakeFiles/DFU-test.dir/Core/Src/stm32f1xx_it.c.obj
                0x0800377e                BusFault_Handler
 .text.UsageFault_Handler
                0x08003780        0x2 CMakeFiles/DFU-test.dir/Core/Src/stm32f1xx_it.c.obj
                0x08003780                UsageFault_Handler
 .text.SVC_Handler
                0x08003782        0x2 CMakeFiles/DFU-test.dir/Core/Src/stm32f1xx_it.c.obj
                0x08003782                SVC_Handler
 .text.DebugMon_Handler
                0x08003784        0x2 CMakeFiles/DFU-test.dir/Core/Src/stm32f1xx_it.c.obj
                0x08003784                DebugMon_Handler
 .text.PendSV_Handler
                0x08003786        0x2 CMakeFiles/DFU-test.dir/Core/Src/stm32f1xx_it.c.obj
                0x08003786                PendSV_Handler
 .text.SysTick_Handler
                0x08003788        0x4 CMakeFiles/DFU-test.dir/Core/Src/stm32f1xx_it.c.obj
                0x08003788                SysTick_Handler
 .text.USB_LP_CAN1_RX0_IRQHandler
                0x0800378c        0xc CMakeFiles/DFU-test.dir/Core/Src/stm32f1xx_it.c.obj
                0x0800378c                USB_LP_CAN1_RX0_IRQHandler
 .text.HAL_MspInit
                0x08003798       0x44 CMakeFiles/DFU-test.dir/Core/Src/stm32f1xx_hal_msp.c.obj
                0x08003798                HAL_MspInit
 .text.Reset_Handler
                0x080037dc       0x48 CMakeFiles/DFU-test.dir/startup_stm32f103xb.s.obj
                0x080037dc                Reset_Handler
 .text.Default_Handler
                0x08003824        0x2 CMakeFiles/DFU-test.dir/startup_stm32f103xb.s.obj
                0x08003824                RTC_Alarm_IRQHandler
                0x08003824                EXTI2_IRQHandler
                0x08003824                TIM1_CC_IRQHandler
                0x08003824                PVD_IRQHandler
                0x08003824                EXTI3_IRQHandler
                0x08003824                EXTI0_IRQHandler
                0x08003824                I2C2_EV_IRQHandler
                0x08003824                ADC1_2_IRQHandler
                0x08003824                SPI1_IRQHandler
                0x08003824                TAMPER_IRQHandler
                0x08003824                DMA1_Channel4_IRQHandler
                0x08003824                USART3_IRQHandler
                0x08003824                RTC_IRQHandler
                0x08003824                DMA1_Channel7_IRQHandler
                0x08003824                CAN1_RX1_IRQHandler
                0x08003824                TIM4_IRQHandler
                0x08003824                I2C1_EV_IRQHandler
                0x08003824                DMA1_Channel6_IRQHandler
                0x08003824                TIM3_IRQHandler
                0x08003824                RCC_IRQHandler
                0x08003824                TIM1_TRG_COM_IRQHandler
                0x08003824                DMA1_Channel1_IRQHandler
                0x08003824                Default_Handler
                0x08003824                EXTI15_10_IRQHandler
                0x08003824                EXTI9_5_IRQHandler
                0x08003824                SPI2_IRQHandler
                0x08003824                DMA1_Channel5_IRQHandler
                0x08003824                EXTI4_IRQHandler
                0x08003824                USB_HP_CAN1_TX_IRQHandler
                0x08003824                DMA1_Channel3_IRQHandler
                0x08003824                TIM1_UP_IRQHandler
                0x08003824                WWDG_IRQHandler
                0x08003824                TIM2_IRQHandler
                0x08003824                TIM1_BRK_IRQHandler
                0x08003824                EXTI1_IRQHandler
                0x08003824                USART2_IRQHandler
                0x08003824                I2C2_ER_IRQHandler
                0x08003824                DMA1_Channel2_IRQHandler
                0x08003824                CAN1_SCE_IRQHandler
                0x08003824                FLASH_IRQHandler
                0x08003824                USART1_IRQHandler
                0x08003824                I2C1_ER_IRQHandler
                0x08003824                USBWakeUp_IRQHandler
 *(.glue_7)
 .glue_7        0x08003826        0x0 linker stubs
 *(.glue_7t)
 .glue_7t       0x08003826        0x0 linker stubs
 *(.eh_frame)
 *fill*         0x08003826        0x2 
 .eh_frame      0x08003828        0x0 /usr/lib/gcc/arm-none-eabi/13.2.1/thumb/v7-m/nofp/crtbegin.o
 *(.init)
 .init          0x08003828        0x4 /usr/lib/gcc/arm-none-eabi/13.2.1/thumb/v7-m/nofp/crti.o
                0x08003828                _init
 .init          0x0800382c        0x8 /usr/lib/gcc/arm-none-eabi/13.2.1/thumb/v7-m/nofp/crtn.o
 *(.fini)
 .fini          0x08003834        0x4 /usr/lib/gcc/arm-none-eabi/13.2.1/thumb/v7-m/nofp/crti.o
                0x08003834                _fini
 .fini          0x08003838        0x8 /usr/lib/gcc/arm-none-eabi/13.2.1/thumb/v7-m/nofp/crtn.o
                0x08003840                        . = ALIGN (0x4)
                0x08003840                        _etext = .

.vfp11_veneer   0x08003840        0x0
 .vfp11_veneer  0x08003840        0x0 linker stubs

.v4_bx          0x08003840        0x0
 .v4_bx         0x08003840        0x0 linker stubs

.iplt           0x08003840        0x0
 .iplt          0x08003840        0x0 /usr/lib/gcc/arm-none-eabi/13.2.1/thumb/v7-m/nofp/crtbegin.o

.rodata         0x08003840       0x90
                0x08003840                        . = ALIGN (0x4)
 *(.rodata)
 *(.rodata*)
 .rodata.AHBPrescTable
                0x08003840       0x10 cmake/stm32cubemx/CMakeFiles/STM32_Drivers.dir/__/__/Core/Src/system_stm32f1xx.c.obj
                0x08003840                AHBPrescTable
 .rodata.aPredivFactorTable.0
                0x08003850        0x2 cmake/stm32cubemx/CMakeFiles/STM32_Drivers.dir/__/__/Drivers/STM32F1xx_HAL_Driver/Src/stm32f1xx_hal_rcc.c.obj
 .rodata.aPLLMULFactorTable.1
                0x08003852       0x10 cmake/stm32cubemx/CMakeFiles/STM32_Drivers.dir/__/__/Drivers/STM32F1xx_HAL_Driver/Src/stm32f1xx_hal_rcc.c.obj
 .rodata.USBD_FS_ManufacturerStrDescriptor.str1.1
                0x08003862       0x6d CMakeFiles/DFU-test.dir/USB_DEVICE/App/usbd_desc.c.obj
                                 0x13 (size before relaxing)
 .rodata.USBD_FS_ProductStrDescriptor.str1.1
                0x080038cf       0x1f CMakeFiles/DFU-test.dir/USB_DEVICE/App/usbd_desc.c.obj
 .rodata.USBD_FS_ConfigStrDescriptor.str1.1
                0x080038cf        0xb CMakeFiles/DFU-test.dir/USB_DEVICE/App/usbd_desc.c.obj
 .rodata.USBD_FS_InterfaceStrDescriptor.str1.1
                0x080038cf        0xe CMakeFiles/DFU-test.dir/USB_DEVICE/App/usbd_desc.c.obj
 .rodata.str1.1
                0x080038cf       0x22 CMakeFiles/DFU-test.dir/USB_DEVICE/App/usbd_dfu_if.c.obj
                0x080038f4                        . = ALIGN (0x4)
 *fill*         0x080038cf        0x1 

.ARM.extab      0x080038d0        0x0
                0x080038d0                        . = ALIGN (0x4)
 *(.ARM.extab* .gnu.linkonce.armextab.*)
                0x080038d0                        . = ALIGN (0x4)

.ARM            0x080038d0        0x0
                0x080038d0                        . = ALIGN (0x4)
                0x080038d0                        __exidx_start = .
 *(.ARM.exidx*)
                0x080038d0                        __exidx_end = .
                0x080038d0                        . = ALIGN (0x4)

.preinit_array  0x080038d0        0x0
                0x080038d0                        . = ALIGN (0x4)
                0x080038d0                        PROVIDE (__preinit_array_start = .)
 *(.preinit_array*)
                0x080038d0                        PROVIDE (__preinit_array_end = .)
                0x080038d0                        . = ALIGN (0x4)

.init_array     0x080038d0        0x4
                0x080038d0                        . = ALIGN (0x4)
                0x080038d0                        PROVIDE (__init_array_start = .)
 *(SORT_BY_NAME(.init_array.*))
 *(.init_array*)
 .init_array    0x080038d0        0x4 /usr/lib/gcc/arm-none-eabi/13.2.1/thumb/v7-m/nofp/crtbegin.o
                0x080038d4                        PROVIDE (__init_array_end = .)
                0x080038d4                        . = ALIGN (0x4)

.fini_array     0x080038d4        0x4
                0x080038d4                        . = ALIGN (0x4)
                0x080038d4                        PROVIDE (__fini_array_start = .)
 *(SORT_BY_NAME(.fini_array.*))
 *(.fini_array*)
 .fini_array    0x080038d4        0x4 /usr/lib/gcc/arm-none-eabi/13.2.1/thumb/v7-m/nofp/crtbegin.o
                0x080038d8                        PROVIDE (__fini_array_end = .)
                0x080038d8                        . = ALIGN (0x4)
                0x080038d8                        _sidata = LOADADDR (.data)

.rel.dyn        0x080038d8        0x0
 .rel.iplt      0x080038d8        0x0 /usr/lib/gcc/arm-none-eabi/13.2.1/thumb/v7-m/nofp/crtbegin.o

.data           0x20000000       0xdc load address 0x080038d8
                0x20000000                        . = ALIGN (0x4)
                0x20000000                        _sdata = .
 *(.data)
 *(.data*)
 .data.SystemCoreClock
                0x20000000        0x4 cmake/stm32cubemx/CMakeFiles/STM32_Drivers.dir/__/__/Core/Src/system_stm32f1xx.c.obj
                0x20000000                SystemCoreClock
 .data.uwTickFreq
                0x20000004        0x1 cmake/stm32cubemx/CMakeFiles/STM32_Drivers.dir/__/__/Drivers/STM32F1xx_HAL_Driver/Src/stm32f1xx_hal.c.obj
                0x20000004                uwTickFreq
 *fill*         0x20000005        0x3 
 .data.uwTickPrio
                0x20000008        0x4 cmake/stm32cubemx/CMakeFiles/STM32_Drivers.dir/__/__/Drivers/STM32F1xx_HAL_Driver/Src/stm32f1xx_hal.c.obj
                0x20000008                uwTickPrio
 .data.USBD_DFU_DeviceQualifierDesc
                0x2000000c        0xa cmake/stm32cubemx/CMakeFiles/USB_Device_Library.dir/__/__/Middlewares/ST/STM32_USB_Device_Library/Class/DFU/Src/usbd_dfu.c.obj
 *fill*         0x20000016        0x2 
 .data.USBD_DFU_CfgDesc
                0x20000018       0x1b cmake/stm32cubemx/CMakeFiles/USB_Device_Library.dir/__/__/Middlewares/ST/STM32_USB_Device_Library/Class/DFU/Src/usbd_dfu.c.obj
 *fill*         0x20000033        0x1 
 .data.USBD_DFU
                0x20000034       0x3c cmake/stm32cubemx/CMakeFiles/USB_Device_Library.dir/__/__/Middlewares/ST/STM32_USB_Device_Library/Class/DFU/Src/usbd_dfu.c.obj
                0x20000034                USBD_DFU
 .data.USBD_StringSerial
                0x20000070       0x1a CMakeFiles/DFU-test.dir/USB_DEVICE/App/usbd_desc.c.obj
                0x20000070                USBD_StringSerial
 *fill*         0x2000008a        0x2 
 .data.USBD_LangIDDesc
                0x2000008c        0x4 CMakeFiles/DFU-test.dir/USB_DEVICE/App/usbd_desc.c.obj
                0x2000008c                USBD_LangIDDesc
 .data.USBD_FS_DeviceDesc
                0x20000090       0x12 CMakeFiles/DFU-test.dir/USB_DEVICE/App/usbd_desc.c.obj
                0x20000090                USBD_FS_DeviceDesc
 *fill*         0x200000a2        0x2 
 .data.FS_Desc  0x200000a4       0x1c CMakeFiles/DFU-test.dir/USB_DEVICE/App/usbd_desc.c.obj
                0x200000a4                FS_Desc
 .data.USBD_DFU_fops_FS
                0x200000c0       0x1c CMakeFiles/DFU-test.dir/USB_DEVICE/App/usbd_dfu_if.c.obj
                0x200000c0                USBD_DFU_fops_FS
 *(.RamFunc)
 *(.RamFunc*)
                0x200000dc                        . = ALIGN (0x4)

.tm_clone_table
                0x200000dc        0x0 load address 0x080039b4
 .tm_clone_table
                0x200000dc        0x0 /usr/lib/gcc/arm-none-eabi/13.2.1/thumb/v7-m/nofp/crtbegin.o
 .tm_clone_table
                0x200000dc        0x0 /usr/lib/gcc/arm-none-eabi/13.2.1/thumb/v7-m/nofp/crtend.o

.igot.plt       0x200000dc        0x0 load address 0x080039b4
 .igot.plt      0x200000dc        0x0 /usr/lib/gcc/arm-none-eabi/13.2.1/thumb/v7-m/nofp/crtbegin.o

.tdata          0x200000dc        0x0 load address 0x080039b4
 *(.tdata .tdata.* .gnu.linkonce.td.*)
                0x200000dc                        . = ALIGN (0x4)
                0x200000dc                        _edata = .
                [!provide]                        PROVIDE (__data_end = .)
                [!provide]                        PROVIDE (__tdata_end = .)
                [!provide]                        PROVIDE (__tdata_start = ADDR (.tdata))
                [!provide]                        PROVIDE (__tdata_size = (__tdata_end - __tdata_start))
                [!provide]                        PROVIDE (__data_start = ADDR (.data))
                [!provide]                        PROVIDE (__data_size = (__data_end - __data_start))
                [!provide]                        PROVIDE (__tdata_source = LOADADDR (.tdata))
                [!provide]                        PROVIDE (__tdata_source_end = (LOADADDR (.tdata) + SIZEOF (.tdata)))
                [!provide]                        PROVIDE (__tdata_source_size = (__tdata_source_end - __tdata_source))
                [!provide]                        PROVIDE (__data_source = LOADADDR (.data))
                [!provide]                        PROVIDE (__data_source_end = __tdata_source_end)
                [!provide]                        PROVIDE (__data_source_size = (__data_source_end - __data_source))

.tbss           0x200000dc        0x0 load address 0x080039b4
                0x200000dc                        _sbss = .
                0x200000dc                        __bss_start__ = _sbss
 *(.tbss .tbss.*)
                0x200000dc                        . = ALIGN (0x4)
                [!provide]                        PROVIDE (__tbss_end = .)
                [!provide]                        PROVIDE (__tbss_start = ADDR (.tbss))
                [!provide]                        PROVIDE (__tbss_size = (__tbss_end - __tbss_start))
                [!provide]                        PROVIDE (__tbss_offset = (ADDR (.tbss) - ADDR (.tdata)))
                [!provide]                        PROVIDE (__tls_base = __tdata_start)
                [!provide]                        PROVIDE (__tls_end = __tbss_end)
                [!provide]                        PROVIDE (__tls_size = (__tls_end - __tls_base))
                [!provide]                        PROVIDE (__tls_align = MAX (ALIGNOF (.tdata), ALIGNOF (.tbss)))
                [!provide]                        PROVIDE (__tls_size_align = (((__tls_size + __tls_align) - 0x1) & ~ ((__tls_align - 0x1))))
                [!provide]                        PROVIDE (__arm32_tls_tcb_offset = MAX (0x8, __tls_align))
                [!provide]                        PROVIDE (__arm64_tls_tcb_offset = MAX (0x10, __tls_align))

.bss            0x200000e0      0xd04 load address 0x080039b4
 *(.bss)
 .bss           0x200000e0       0x1c /usr/lib/gcc/arm-none-eabi/13.2.1/thumb/v7-m/nofp/crtbegin.o
 *(.bss*)
 .bss.uwTick    0x200000fc        0x4 cmake/stm32cubemx/CMakeFiles/STM32_Drivers.dir/__/__/Drivers/STM32F1xx_HAL_Driver/Src/stm32f1xx_hal.c.obj
                0x200000fc                uwTick
 .bss.pFlash    0x20000100       0x20 cmake/stm32cubemx/CMakeFiles/STM32_Drivers.dir/__/__/Drivers/STM32F1xx_HAL_Driver/Src/stm32f1xx_hal_flash.c.obj
                0x20000100                pFlash
 .bss.cfgidx.0  0x20000120        0x1 cmake/stm32cubemx/CMakeFiles/USB_Device_Library.dir/__/__/Middlewares/ST/STM32_USB_Device_Library/Core/Src/usbd_ctlreq.c.obj
 .bss.USBD_StrDesc.0
                0x20000121       0xff cmake/stm32cubemx/CMakeFiles/USB_Device_Library.dir/__/__/Middlewares/ST/STM32_USB_Device_Library/Class/DFU/Src/usbd_dfu.c.obj
 .bss.mem.0     0x20000220      0x420 CMakeFiles/DFU-test.dir/USB_DEVICE/Target/usbd_conf.c.obj
 .bss.hpcd_USB_FS
                0x20000640      0x2d8 CMakeFiles/DFU-test.dir/USB_DEVICE/Target/usbd_conf.c.obj
                0x20000640                hpcd_USB_FS
 .bss.hUsbDeviceFS
                0x20000918      0x2c4 CMakeFiles/DFU-test.dir/USB_DEVICE/App/usb_device.c.obj
                0x20000918                hUsbDeviceFS
 .bss.USBD_StrDesc
                0x20000bdc      0x200 CMakeFiles/DFU-test.dir/USB_DEVICE/App/usbd_desc.c.obj
                0x20000bdc                USBD_StrDesc
 .bss.JumpAddress
                0x20000ddc        0x4 CMakeFiles/DFU-test.dir/Core/Src/main.c.obj
                0x20000ddc                JumpAddress
 .bss.JumpToApplication
                0x20000de0        0x4 CMakeFiles/DFU-test.dir/Core/Src/main.c.obj
                0x20000de0                JumpToApplication
 *(COMMON)
                0x20000de4                        . = ALIGN (0x4)
                0x20000de4                        _ebss = .
                0x20000de4                        __bss_end__ = _ebss
                [!provide]                        PROVIDE (__bss_end = .)
                [!provide]                        PROVIDE (__non_tls_bss_start = ADDR (.bss))
                [!provide]                        PROVIDE (__bss_start = __tbss_start)
                [!provide]                        PROVIDE (__bss_size = (__bss_end - __bss_start))

._user_heap_stack
                0x20000de4      0xc04 load address 0x080039b4
                0x20000de8                        . = ALIGN (0x8)
 *fill*         0x20000de4        0x4 
                [!provide]                        PROVIDE (end = .)
                0x20000de8                        PROVIDE (_end = .)
                0x200013e8                        . = (. + _Min_Heap_Size)
 *fill*         0x20000de8      0x600 
                0x200019e8                        . = (. + _Min_Stack_Size)
 *fill*         0x200013e8      0x600 
                0x200019e8                        . = ALIGN (0x8)

/DISCARD/
 libc.a:*(*)
 libm.a:*(*)
 libgcc.a:*(*)
OUTPUT(DFU-test.elf elf32-littlearm)
LOAD linker stubs

.ARM.attributes
                0x00000000       0x29
 .ARM.attributes
                0x00000000       0x1d /usr/lib/gcc/arm-none-eabi/13.2.1/thumb/v7-m/nofp/crti.o
 .ARM.attributes
                0x0000001d       0x2d /usr/lib/gcc/arm-none-eabi/13.2.1/thumb/v7-m/nofp/crtbegin.o
 .ARM.attributes
                0x0000004a       0x2d cmake/stm32cubemx/CMakeFiles/STM32_Drivers.dir/__/__/Core/Src/system_stm32f1xx.c.obj
 .ARM.attributes
                0x00000077       0x2d cmake/stm32cubemx/CMakeFiles/STM32_Drivers.dir/__/__/Drivers/STM32F1xx_HAL_Driver/Src/stm32f1xx_hal_pcd.c.obj
 .ARM.attributes
                0x000000a4       0x2d cmake/stm32cubemx/CMakeFiles/STM32_Drivers.dir/__/__/Drivers/STM32F1xx_HAL_Driver/Src/stm32f1xx_hal_pcd_ex.c.obj
 .ARM.attributes
                0x000000d1       0x2d cmake/stm32cubemx/CMakeFiles/STM32_Drivers.dir/__/__/Drivers/STM32F1xx_HAL_Driver/Src/stm32f1xx_ll_usb.c.obj
 .ARM.attributes
                0x000000fe       0x2d cmake/stm32cubemx/CMakeFiles/STM32_Drivers.dir/__/__/Drivers/STM32F1xx_HAL_Driver/Src/stm32f1xx_hal.c.obj
 .ARM.attributes
                0x0000012b       0x2d cmake/stm32cubemx/CMakeFiles/STM32_Drivers.dir/__/__/Drivers/STM32F1xx_HAL_Driver/Src/stm32f1xx_hal_rcc.c.obj
 .ARM.attributes
                0x00000158       0x2d cmake/stm32cubemx/CMakeFiles/STM32_Drivers.dir/__/__/Drivers/STM32F1xx_HAL_Driver/Src/stm32f1xx_hal_rcc_ex.c.obj
 .ARM.attributes
                0x00000185       0x2d cmake/stm32cubemx/CMakeFiles/STM32_Drivers.dir/__/__/Drivers/STM32F1xx_HAL_Driver/Src/stm32f1xx_hal_gpio.c.obj
 .ARM.attributes
                0x000001b2       0x2d cmake/stm32cubemx/CMakeFiles/STM32_Drivers.dir/__/__/Drivers/STM32F1xx_HAL_Driver/Src/stm32f1xx_hal_cortex.c.obj
 .ARM.attributes
                0x000001df       0x2d cmake/stm32cubemx/CMakeFiles/STM32_Drivers.dir/__/__/Drivers/STM32F1xx_HAL_Driver/Src/stm32f1xx_hal_flash.c.obj
 .ARM.attributes
                0x0000020c       0x2d cmake/stm32cubemx/CMakeFiles/STM32_Drivers.dir/__/__/Drivers/STM32F1xx_HAL_Driver/Src/stm32f1xx_hal_flash_ex.c.obj
 .ARM.attributes
                0x00000239       0x2d cmake/stm32cubemx/CMakeFiles/USB_Device_Library.dir/__/__/Middlewares/ST/STM32_USB_Device_Library/Core/Src/usbd_core.c.obj
 .ARM.attributes
                0x00000266       0x2d cmake/stm32cubemx/CMakeFiles/USB_Device_Library.dir/__/__/Middlewares/ST/STM32_USB_Device_Library/Core/Src/usbd_ctlreq.c.obj
 .ARM.attributes
                0x00000293       0x2d cmake/stm32cubemx/CMakeFiles/USB_Device_Library.dir/__/__/Middlewares/ST/STM32_USB_Device_Library/Core/Src/usbd_ioreq.c.obj
 .ARM.attributes
                0x000002c0       0x2d cmake/stm32cubemx/CMakeFiles/USB_Device_Library.dir/__/__/Middlewares/ST/STM32_USB_Device_Library/Class/DFU/Src/usbd_dfu.c.obj
 .ARM.attributes
                0x000002ed       0x2d CMakeFiles/DFU-test.dir/USB_DEVICE/Target/usbd_conf.c.obj
 .ARM.attributes
                0x0000031a       0x2d CMakeFiles/DFU-test.dir/USB_DEVICE/App/usb_device.c.obj
 .ARM.attributes
                0x00000347       0x2d CMakeFiles/DFU-test.dir/USB_DEVICE/App/usbd_desc.c.obj
 .ARM.attributes
                0x00000374       0x2d CMakeFiles/DFU-test.dir/USB_DEVICE/App/usbd_dfu_if.c.obj
 .ARM.attributes
                0x000003a1       0x2d CMakeFiles/DFU-test.dir/Core/Src/main.c.obj
 .ARM.attributes
                0x000003ce       0x2d CMakeFiles/DFU-test.dir/Core/Src/gpio.c.obj
 .ARM.attributes
                0x000003fb       0x2d CMakeFiles/DFU-test.dir/Core/Src/stm32f1xx_it.c.obj
 .ARM.attributes
                0x00000428       0x2d CMakeFiles/DFU-test.dir/Core/Src/stm32f1xx_hal_msp.c.obj
 .ARM.attributes
                0x00000455       0x21 CMakeFiles/DFU-test.dir/startup_stm32f103xb.s.obj
 .ARM.attributes
                0x00000476       0x2d /usr/lib/gcc/arm-none-eabi/13.2.1/../../../arm-none-eabi/lib/thumb/v7-m/nofp/libg_nano.a(libc_a-strlen-stub.o)
 .ARM.attributes
                0x000004a3       0x2d /usr/lib/gcc/arm-none-eabi/13.2.1/../../../arm-none-eabi/lib/thumb/v7-m/nofp/libg_nano.a(libc_a-init.o)
 .ARM.attributes
                0x000004d0       0x2d /usr/lib/gcc/arm-none-eabi/13.2.1/../../../arm-none-eabi/lib/thumb/v7-m/nofp/libg_nano.a(libc_a-memset.o)
 .ARM.attributes
                0x000004fd       0x2d /usr/lib/gcc/arm-none-eabi/13.2.1/thumb/v7-m/nofp/crtend.o
 .ARM.attributes
                0x0000052a       0x1d /usr/lib/gcc/arm-none-eabi/13.2.1/thumb/v7-m/nofp/crtn.o

.comment        0x00000000       0x26
 .comment       0x00000000       0x26 /usr/lib/gcc/arm-none-eabi/13.2.1/thumb/v7-m/nofp/crtbegin.o
                                 0x27 (size before relaxing)
 .comment       0x00000026       0x27 cmake/stm32cubemx/CMakeFiles/STM32_Drivers.dir/__/__/Core/Src/system_stm32f1xx.c.obj
 .comment       0x00000026       0x27 cmake/stm32cubemx/CMakeFiles/STM32_Drivers.dir/__/__/Drivers/STM32F1xx_HAL_Driver/Src/stm32f1xx_hal_pcd.c.obj
 .comment       0x00000026       0x27 cmake/stm32cubemx/CMakeFiles/STM32_Drivers.dir/__/__/Drivers/STM32F1xx_HAL_Driver/Src/stm32f1xx_hal_pcd_ex.c.obj
 .comment       0x00000026       0x27 cmake/stm32cubemx/CMakeFiles/STM32_Drivers.dir/__/__/Drivers/STM32F1xx_HAL_Driver/Src/stm32f1xx_ll_usb.c.obj
 .comment       0x00000026       0x27 cmake/stm32cubemx/CMakeFiles/STM32_Drivers.dir/__/__/Drivers/STM32F1xx_HAL_Driver/Src/stm32f1xx_hal.c.obj
 .comment       0x00000026       0x27 cmake/stm32cubemx/CMakeFiles/STM32_Drivers.dir/__/__/Drivers/STM32F1xx_HAL_Driver/Src/stm32f1xx_hal_rcc.c.obj
 .comment       0x00000026       0x27 cmake/stm32cubemx/CMakeFiles/STM32_Drivers.dir/__/__/Drivers/STM32F1xx_HAL_Driver/Src/stm32f1xx_hal_rcc_ex.c.obj
 .comment       0x00000026       0x27 cmake/stm32cubemx/CMakeFiles/STM32_Drivers.dir/__/__/Drivers/STM32F1xx_HAL_Driver/Src/stm32f1xx_hal_gpio.c.obj
 .comment       0x00000026       0x27 cmake/stm32cubemx/CMakeFiles/STM32_Drivers.dir/__/__/Drivers/STM32F1xx_HAL_Driver/Src/stm32f1xx_hal_cortex.c.obj
 .comment       0x00000026       0x27 cmake/stm32cubemx/CMakeFiles/STM32_Drivers.dir/__/__/Drivers/STM32F1xx_HAL_Driver/Src/stm32f1xx_hal_flash.c.obj
 .comment       0x00000026       0x27 cmake/stm32cubemx/CMakeFiles/STM32_Drivers.dir/__/__/Drivers/STM32F1xx_HAL_Driver/Src/stm32f1xx_hal_flash_ex.c.obj
 .comment       0x00000026       0x27 cmake/stm32cubemx/CMakeFiles/USB_Device_Library.dir/__/__/Middlewares/ST/STM32_USB_Device_Library/Core/Src/usbd_core.c.obj
 .comment       0x00000026       0x27 cmake/stm32cubemx/CMakeFiles/USB_Device_Library.dir/__/__/Middlewares/ST/STM32_USB_Device_Library/Core/Src/usbd_ctlreq.c.obj
 .comment       0x00000026       0x27 cmake/stm32cubemx/CMakeFiles/USB_Device_Library.dir/__/__/Middlewares/ST/STM32_USB_Device_Library/Core/Src/usbd_ioreq.c.obj
 .comment       0x00000026       0x27 cmake/stm32cubemx/CMakeFiles/USB_Device_Library.dir/__/__/Middlewares/ST/STM32_USB_Device_Library/Class/DFU/Src/usbd_dfu.c.obj
 .comment       0x00000026       0x27 CMakeFiles/DFU-test.dir/USB_DEVICE/Target/usbd_conf.c.obj
 .comment       0x00000026       0x27 CMakeFiles/DFU-test.dir/USB_DEVICE/App/usb_device.c.obj
 .comment       0x00000026       0x27 CMakeFiles/DFU-test.dir/USB_DEVICE/App/usbd_desc.c.obj
 .comment       0x00000026       0x27 CMakeFiles/DFU-test.dir/USB_DEVICE/App/usbd_dfu_if.c.obj
 .comment       0x00000026       0x27 CMakeFiles/DFU-test.dir/Core/Src/main.c.obj
 .comment       0x00000026       0x27 CMakeFiles/DFU-test.dir/Core/Src/gpio.c.obj
 .comment       0x00000026       0x27 CMakeFiles/DFU-test.dir/Core/Src/stm32f1xx_it.c.obj
 .comment       0x00000026       0x27 CMakeFiles/DFU-test.dir/Core/Src/stm32f1xx_hal_msp.c.obj
 .comment       0x00000026       0x27 /usr/lib/gcc/arm-none-eabi/13.2.1/../../../arm-none-eabi/lib/thumb/v7-m/nofp/libg_nano.a(libc_a-strlen-stub.o)
 .comment       0x00000026       0x27 /usr/lib/gcc/arm-none-eabi/13.2.1/../../../arm-none-eabi/lib/thumb/v7-m/nofp/libg_nano.a(libc_a-init.o)
 .comment       0x00000026       0x27 /usr/lib/gcc/arm-none-eabi/13.2.1/../../../arm-none-eabi/lib/thumb/v7-m/nofp/libg_nano.a(libc_a-memset.o)
 .comment       0x00000026       0x27 /usr/lib/gcc/arm-none-eabi/13.2.1/thumb/v7-m/nofp/crtend.o

.debug_info     0x00000000      0x2fd
 .debug_info    0x00000000       0xbd /usr/lib/gcc/arm-none-eabi/13.2.1/../../../arm-none-eabi/lib/thumb/v7-m/nofp/libg_nano.a(libc_a-strlen-stub.o)
 .debug_info    0x000000bd      0x10b /usr/lib/gcc/arm-none-eabi/13.2.1/../../../arm-none-eabi/lib/thumb/v7-m/nofp/libg_nano.a(libc_a-init.o)
 .debug_info    0x000001c8      0x135 /usr/lib/gcc/arm-none-eabi/13.2.1/../../../arm-none-eabi/lib/thumb/v7-m/nofp/libg_nano.a(libc_a-memset.o)

.debug_abbrev   0x00000000      0x1f8
 .debug_abbrev  0x00000000       0x78 /usr/lib/gcc/arm-none-eabi/13.2.1/../../../arm-none-eabi/lib/thumb/v7-m/nofp/libg_nano.a(libc_a-strlen-stub.o)
 .debug_abbrev  0x00000078       0xc9 /usr/lib/gcc/arm-none-eabi/13.2.1/../../../arm-none-eabi/lib/thumb/v7-m/nofp/libg_nano.a(libc_a-init.o)
 .debug_abbrev  0x00000141       0xb7 /usr/lib/gcc/arm-none-eabi/13.2.1/../../../arm-none-eabi/lib/thumb/v7-m/nofp/libg_nano.a(libc_a-memset.o)

.debug_loclists
                0x00000000      0x265
 .debug_loclists
                0x00000000       0x29 /usr/lib/gcc/arm-none-eabi/13.2.1/../../../arm-none-eabi/lib/thumb/v7-m/nofp/libg_nano.a(libc_a-strlen-stub.o)
 .debug_loclists
                0x00000029       0x65 /usr/lib/gcc/arm-none-eabi/13.2.1/../../../arm-none-eabi/lib/thumb/v7-m/nofp/libg_nano.a(libc_a-init.o)
 .debug_loclists
                0x0000008e      0x1d7 /usr/lib/gcc/arm-none-eabi/13.2.1/../../../arm-none-eabi/lib/thumb/v7-m/nofp/libg_nano.a(libc_a-memset.o)

.debug_aranges  0x00000000       0x60
 .debug_aranges
                0x00000000       0x20 /usr/lib/gcc/arm-none-eabi/13.2.1/../../../arm-none-eabi/lib/thumb/v7-m/nofp/libg_nano.a(libc_a-strlen-stub.o)
 .debug_aranges
                0x00000020       0x20 /usr/lib/gcc/arm-none-eabi/13.2.1/../../../arm-none-eabi/lib/thumb/v7-m/nofp/libg_nano.a(libc_a-init.o)
 .debug_aranges
                0x00000040       0x20 /usr/lib/gcc/arm-none-eabi/13.2.1/../../../arm-none-eabi/lib/thumb/v7-m/nofp/libg_nano.a(libc_a-memset.o)

.debug_rnglists
                0x00000000       0x13
 .debug_rnglists
                0x00000000       0x13 /usr/lib/gcc/arm-none-eabi/13.2.1/../../../arm-none-eabi/lib/thumb/v7-m/nofp/libg_nano.a(libc_a-strlen-stub.o)

.debug_line     0x00000000      0x3c3
 .debug_line    0x00000000       0xf4 /usr/lib/gcc/arm-none-eabi/13.2.1/../../../arm-none-eabi/lib/thumb/v7-m/nofp/libg_nano.a(libc_a-strlen-stub.o)
 .debug_line    0x000000f4      0x11e /usr/lib/gcc/arm-none-eabi/13.2.1/../../../arm-none-eabi/lib/thumb/v7-m/nofp/libg_nano.a(libc_a-init.o)
 .debug_line    0x00000212      0x1b1 /usr/lib/gcc/arm-none-eabi/13.2.1/../../../arm-none-eabi/lib/thumb/v7-m/nofp/libg_nano.a(libc_a-memset.o)

.debug_str      0x00000000      0x241
 .debug_str     0x00000000      0x241 /usr/lib/gcc/arm-none-eabi/13.2.1/../../../arm-none-eabi/lib/thumb/v7-m/nofp/libg_nano.a(libc_a-strlen-stub.o)
                                0x19b (size before relaxing)
 .debug_str     0x00000241      0x1f2 /usr/lib/gcc/arm-none-eabi/13.2.1/../../../arm-none-eabi/lib/thumb/v7-m/nofp/libg_nano.a(libc_a-init.o)
 .debug_str     0x00000241      0x1a5 /usr/lib/gcc/arm-none-eabi/13.2.1/../../../arm-none-eabi/lib/thumb/v7-m/nofp/libg_nano.a(libc_a-memset.o)

.debug_frame    0x00000000       0x78
 .debug_frame   0x00000000       0x20 /usr/lib/gcc/arm-none-eabi/13.2.1/../../../arm-none-eabi/lib/thumb/v7-m/nofp/libg_nano.a(libc_a-strlen-stub.o)
 .debug_frame   0x00000020       0x2c /usr/lib/gcc/arm-none-eabi/13.2.1/../../../arm-none-eabi/lib/thumb/v7-m/nofp/libg_nano.a(libc_a-init.o)
 .debug_frame   0x0000004c       0x2c /usr/lib/gcc/arm-none-eabi/13.2.1/../../../arm-none-eabi/lib/thumb/v7-m/nofp/libg_nano.a(libc_a-memset.o)
