Archive member included to satisfy reference by file (symbol)

/usr/lib/gcc/arm-none-eabi/13.2.1/../../../arm-none-eabi/lib/thumb/v7-m/nofp/libg_nano.a(libc_a-init.o)
                              /usr/lib/gcc/arm-none-eabi/13.2.1/../../../arm-none-eabi/lib/thumb/v7-m/nofp/crt0.o (__libc_init_array)
/usr/lib/gcc/arm-none-eabi/13.2.1/../../../arm-none-eabi/lib/thumb/v7-m/nofp/libg_nano.a(libc_a-memset.o)
                              /usr/lib/gcc/arm-none-eabi/13.2.1/../../../arm-none-eabi/lib/thumb/v7-m/nofp/crt0.o (memset)
/usr/lib/gcc/arm-none-eabi/13.2.1/../../../arm-none-eabi/lib/thumb/v7-m/nofp/libg_nano.a(libc_a-errno.o)
                              CMakeFiles/DFU-test.dir/Core/Src/sysmem.c.obj (__errno)
/usr/lib/gcc/arm-none-eabi/13.2.1/../../../arm-none-eabi/lib/thumb/v7-m/nofp/libg_nano.a(libc_a-exit.o)
                              /usr/lib/gcc/arm-none-eabi/13.2.1/../../../arm-none-eabi/lib/thumb/v7-m/nofp/crt0.o (exit)
/usr/lib/gcc/arm-none-eabi/13.2.1/../../../arm-none-eabi/lib/thumb/v7-m/nofp/libg_nano.a(libc_a-atexit.o)
                              /usr/lib/gcc/arm-none-eabi/13.2.1/../../../arm-none-eabi/lib/thumb/v7-m/nofp/crt0.o (atexit)
/usr/lib/gcc/arm-none-eabi/13.2.1/../../../arm-none-eabi/lib/thumb/v7-m/nofp/libg_nano.a(libc_a-fini.o)
                              /usr/lib/gcc/arm-none-eabi/13.2.1/../../../arm-none-eabi/lib/thumb/v7-m/nofp/crt0.o (__libc_fini_array)
/usr/lib/gcc/arm-none-eabi/13.2.1/../../../arm-none-eabi/lib/thumb/v7-m/nofp/libg_nano.a(libc_a-impure.o)
                              /usr/lib/gcc/arm-none-eabi/13.2.1/../../../arm-none-eabi/lib/thumb/v7-m/nofp/libg_nano.a(libc_a-errno.o) (_impure_ptr)
/usr/lib/gcc/arm-none-eabi/13.2.1/../../../arm-none-eabi/lib/thumb/v7-m/nofp/libg_nano.a(libc_a-findfp.o)
                              /usr/lib/gcc/arm-none-eabi/13.2.1/../../../arm-none-eabi/lib/thumb/v7-m/nofp/libg_nano.a(libc_a-exit.o) (__stdio_exit_handler)
/usr/lib/gcc/arm-none-eabi/13.2.1/../../../arm-none-eabi/lib/thumb/v7-m/nofp/libg_nano.a(libc_a-fflush.o)
                              /usr/lib/gcc/arm-none-eabi/13.2.1/../../../arm-none-eabi/lib/thumb/v7-m/nofp/libg_nano.a(libc_a-findfp.o) (_fflush_r)
/usr/lib/gcc/arm-none-eabi/13.2.1/../../../arm-none-eabi/lib/thumb/v7-m/nofp/libg_nano.a(libc_a-mallocr.o)
                              /usr/lib/gcc/arm-none-eabi/13.2.1/../../../arm-none-eabi/lib/thumb/v7-m/nofp/libg_nano.a(libc_a-findfp.o) (_malloc_r)
/usr/lib/gcc/arm-none-eabi/13.2.1/../../../arm-none-eabi/lib/thumb/v7-m/nofp/libg_nano.a(libc_a-freer.o)
                              /usr/lib/gcc/arm-none-eabi/13.2.1/../../../arm-none-eabi/lib/thumb/v7-m/nofp/libg_nano.a(libc_a-fflush.o) (_free_r)
/usr/lib/gcc/arm-none-eabi/13.2.1/../../../arm-none-eabi/lib/thumb/v7-m/nofp/libg_nano.a(libc_a-fwalk.o)
                              /usr/lib/gcc/arm-none-eabi/13.2.1/../../../arm-none-eabi/lib/thumb/v7-m/nofp/libg_nano.a(libc_a-findfp.o) (_fwalk_sglue)
/usr/lib/gcc/arm-none-eabi/13.2.1/../../../arm-none-eabi/lib/thumb/v7-m/nofp/libg_nano.a(libc_a-__atexit.o)
                              /usr/lib/gcc/arm-none-eabi/13.2.1/../../../arm-none-eabi/lib/thumb/v7-m/nofp/libg_nano.a(libc_a-atexit.o) (__register_exitproc)
/usr/lib/gcc/arm-none-eabi/13.2.1/../../../arm-none-eabi/lib/thumb/v7-m/nofp/libg_nano.a(libc_a-mlock.o)
                              /usr/lib/gcc/arm-none-eabi/13.2.1/../../../arm-none-eabi/lib/thumb/v7-m/nofp/libg_nano.a(libc_a-mallocr.o) (__malloc_lock)
/usr/lib/gcc/arm-none-eabi/13.2.1/../../../arm-none-eabi/lib/thumb/v7-m/nofp/libg_nano.a(libc_a-sbrkr.o)
                              /usr/lib/gcc/arm-none-eabi/13.2.1/../../../arm-none-eabi/lib/thumb/v7-m/nofp/libg_nano.a(libc_a-mallocr.o) (_sbrk_r)
/usr/lib/gcc/arm-none-eabi/13.2.1/../../../arm-none-eabi/lib/thumb/v7-m/nofp/libg_nano.a(libc_a-stdio.o)
                              /usr/lib/gcc/arm-none-eabi/13.2.1/../../../arm-none-eabi/lib/thumb/v7-m/nofp/libg_nano.a(libc_a-findfp.o) (__sread)
/usr/lib/gcc/arm-none-eabi/13.2.1/../../../arm-none-eabi/lib/thumb/v7-m/nofp/libg_nano.a(libc_a-closer.o)
                              /usr/lib/gcc/arm-none-eabi/13.2.1/../../../arm-none-eabi/lib/thumb/v7-m/nofp/libg_nano.a(libc_a-stdio.o) (_close_r)
/usr/lib/gcc/arm-none-eabi/13.2.1/../../../arm-none-eabi/lib/thumb/v7-m/nofp/libg_nano.a(libc_a-__call_atexit.o)
                              /usr/lib/gcc/arm-none-eabi/13.2.1/../../../arm-none-eabi/lib/thumb/v7-m/nofp/libg_nano.a(libc_a-__atexit.o) (__call_exitprocs)
/usr/lib/gcc/arm-none-eabi/13.2.1/../../../arm-none-eabi/lib/thumb/v7-m/nofp/libg_nano.a(libc_a-readr.o)
                              /usr/lib/gcc/arm-none-eabi/13.2.1/../../../arm-none-eabi/lib/thumb/v7-m/nofp/libg_nano.a(libc_a-stdio.o) (_read_r)
/usr/lib/gcc/arm-none-eabi/13.2.1/../../../arm-none-eabi/lib/thumb/v7-m/nofp/libg_nano.a(libc_a-reent.o)
                              /usr/lib/gcc/arm-none-eabi/13.2.1/../../../arm-none-eabi/lib/thumb/v7-m/nofp/libg_nano.a(libc_a-sbrkr.o) (errno)
[...]
Memory Configuration

Name             Origin             Length             Attributes
RAM              0x20000000         0x00005000         xrw
FLASH            0x08000000         0x00010000         xr
*default*        0x00000000         0xffffffff

Linker script and memory map

LOAD /usr/lib/gcc/arm-none-eabi/13.2.1/thumb/v7-m/nofp/crti.o
LOAD /usr/lib/gcc/arm-none-eabi/13.2.1/thumb/v7-m/nofp/crtbegin.o
LOAD /usr/lib/gcc/arm-none-eabi/13.2.1/../../../arm-none-eabi/lib/thumb/v7-m/nofp/crt0.o
LOAD cmake/stm32cubemx/CMakeFiles/STM32_Drivers.dir/__/__/Core/Src/system_stm32f1xx.c.obj
LOAD cmake/stm32cubemx/CMakeFiles/STM32_Drivers.dir/__/__/Drivers/STM32F1xx_HAL_Driver/Src/stm32f1xx_hal_gpio_ex.c.obj
LOAD cmake/stm32cubemx/CMakeFiles/STM32_Drivers.dir/__/__/Drivers/STM32F1xx_HAL_Driver/Src/stm32f1xx_hal_pcd.c.obj
LOAD cmake/stm32cubemx/CMakeFiles/STM32_Drivers.dir/__/__/Drivers/STM32F1xx_HAL_Driver/Src/stm32f1xx_hal_pcd_ex.c.obj
LOAD cmake/stm32cubemx/CMakeFiles/STM32_Drivers.dir/__/__/Drivers/STM32F1xx_HAL_Driver/Src/stm32f1xx_ll_usb.c.obj
LOAD cmake/stm32cubemx/CMakeFiles/STM32_Drivers.dir/__/__/Drivers/STM32F1xx_HAL_Driver/Src/stm32f1xx_hal.c.obj
LOAD cmake/stm32cubemx/CMakeFiles/STM32_Drivers.dir/__/__/Drivers/STM32F1xx_HAL_Driver/Src/stm32f1xx_hal_rcc.c.obj
LOAD cmake/stm32cubemx/CMakeFiles/STM32_Drivers.dir/__/__/Drivers/STM32F1xx_HAL_Driver/Src/stm32f1xx_hal_rcc_ex.c.obj
LOAD cmake/stm32cubemx/CMakeFiles/STM32_Drivers.dir/__/__/Drivers/STM32F1xx_HAL_Driver/Src/stm32f1xx_hal_gpio.c.obj
LOAD cmake/stm32cubemx/CMakeFiles/STM32_Drivers.dir/__/__/Drivers/STM32F1xx_HAL_Driver/Src/stm32f1xx_hal_dma.c.obj
LOAD cmake/stm32cubemx/CMakeFiles/STM32_Drivers.dir/__/__/Drivers/STM32F1xx_HAL_Driver/Src/stm32f1xx_hal_cortex.c.obj
LOAD cmake/stm32cubemx/CMakeFiles/STM32_Drivers.dir/__/__/Drivers/STM32F1xx_HAL_Driver/Src/stm32f1xx_hal_pwr.c.obj
LOAD cmake/stm32cubemx/CMakeFiles/STM32_Drivers.dir/__/__/Drivers/STM32F1xx_HAL_Driver/Src/stm32f1xx_hal_flash.c.obj
LOAD cmake/stm32cubemx/CMakeFiles/STM32_Drivers.dir/__/__/Drivers/STM32F1xx_HAL_Driver/Src/stm32f1xx_hal_flash_ex.c.obj
LOAD cmake/stm32cubemx/CMakeFiles/STM32_Drivers.dir/__/__/Drivers/STM32F1xx_HAL_Driver/Src/stm32f1xx_hal_exti.c.obj
LOAD cmake/stm32cubemx/CMakeFiles/USB_Device_Library.dir/__/__/Middlewares/ST/STM32_USB_Device_Library/Core/Src/usbd_core.c.obj
LOAD cmake/stm32cubemx/CMakeFiles/USB_Device_Library.dir/__/__/Middlewares/ST/STM32_USB_Device_Library/Core/Src/usbd_ctlreq.c.obj
LOAD cmake/stm32cubemx/CMakeFiles/USB_Device_Library.dir/__/__/Middlewares/ST/STM32_USB_Device_Library/Core/Src/usbd_ioreq.c.obj
LOAD cmake/stm32cubemx/CMakeFiles/USB_Device_Library.dir/__/__/Middlewares/ST/STM32_USB_Device_Library/Class/DFU/Src/usbd_dfu.c.obj
LOAD CMakeFiles/DFU-test.dir/USB_DEVICE/Target/usbd_conf.c.obj
LOAD CMakeFiles/DFU-test.dir/USB_DEVICE/App/usb_device.c.obj
LOAD CMakeFiles/DFU-test.dir/USB_DEVICE/App/usbd_desc.c.obj
LOAD CMakeFiles/DFU-test.dir/USB_DEVICE/App/usbd_dfu_if.c.obj
LOAD CMakeFiles/DFU-test.dir/Core/Src/main.c.obj
LOAD CMakeFiles/DFU-test.dir/Core/Src/gpio.c.obj
LOAD CMakeFiles/DFU-test.dir/Core/Src/stm32f1xx_it.c.obj
LOAD CMakeFiles/DFU-test.dir/Core/Src/stm32f1xx_hal_msp.c.obj
LOAD CMakeFiles/DFU-test.dir/Core/Src/sysmem.c.obj
LOAD CMakeFiles/DFU-test.dir/Core/Src/syscalls.c.obj
LOAD CMakeFiles/DFU-test.dir/startup_stm32f103xb.s.obj
LOAD /usr/lib/gcc/arm-none-eabi/13.2.1/../../../arm-none-eabi/lib/thumb/v7-m/nofp/libm.a
START GROUP
LOAD /usr/lib/gcc/arm-none-eabi/13.2.1/thumb/v7-m/nofp/libgcc.a
LOAD /usr/lib/gcc/arm-none-eabi/13.2.1/../../../arm-none-eabi/lib/thumb/v7-m/nofp/libg_nano.a
LOAD /usr/lib/gcc/arm-none-eabi/13.2.1/../../../arm-none-eabi/lib/thumb/v7-m/nofp/libc_nano.a
END GROUP
START GROUP
LOAD /usr/lib/gcc/arm-none-eabi/13.2.1/thumb/v7-m/nofp/libgcc.a
LOAD /usr/lib/gcc/arm-none-eabi/13.2.1/../../../arm-none-eabi/lib/thumb/v7-m/nofp/libc_nano.a
END GROUP
LOAD /usr/lib/gcc/arm-none-eabi/13.2.1/thumb/v7-m/nofp/crtend.o
LOAD /usr/lib/gcc/arm-none-eabi/13.2.1/thumb/v7-m/nofp/crtn.o
                0x20005000                        _estack = (ORIGIN (RAM) + LENGTH (RAM))
                0x00000200                        _Min_Heap_Size = 0x200
                0x00000400                        _Min_Stack_Size = 0x400

.isr_vector     0x08000000      0x10c
                0x08000000                        . = ALIGN (0x4)
 *(.isr_vector)
 .isr_vector    0x08000000      0x10c CMakeFiles/DFU-test.dir/startup_stm32f103xb.s.obj
                0x08000000                g_pfnVectors
                0x0800010c                        . = ALIGN (0x4)

.text           0x0800010c     0x73e4
                0x0800010c                        . = ALIGN (0x4)
 *(.text)
 .text          0x0800010c       0x88 /usr/lib/gcc/arm-none-eabi/13.2.1/thumb/v7-m/nofp/crtbegin.o
 .text          0x08000194       0x50 /usr/lib/gcc/arm-none-eabi/13.2.1/../../../arm-none-eabi/lib/thumb/v7-m/nofp/libg_nano.a(libc_a-init.o)
                0x08000194                __libc_init_array
 .text          0x080001e4       0xa0 /usr/lib/gcc/arm-none-eabi/13.2.1/../../../arm-none-eabi/lib/thumb/v7-m/nofp/libg_nano.a(libc_a-memset.o)
                0x080001e4                memset
 *(.text*)
 .text.SystemInit
                0x08000284        0xc cmake/stm32cubemx/CMakeFiles/STM32_Drivers.dir/__/__/Core/Src/system_stm32f1xx.c.obj
                0x08000284                SystemInit
 .text.HAL_PCD_Init
                0x08000290      0x1ec cmake/stm32cubemx/CMakeFiles/STM32_Drivers.dir/__/__/Drivers/STM32F1xx_HAL_Driver/Src/stm32f1xx_hal_pcd.c.obj
                0x08000290                HAL_PCD_Init
 .text.HAL_PCD_Start
                0x0800047c       0x4c cmake/stm32cubemx/CMakeFiles/STM32_Drivers.dir/__/__/Drivers/STM32F1xx_HAL_Driver/Src/stm32f1xx_hal_pcd.c.obj
                0x0800047c                HAL_PCD_Start
 .text.HAL_PCD_Stop
                0x080004c8       0x4c cmake/stm32cubemx/CMakeFiles/STM32_Drivers.dir/__/__/Drivers/STM32F1xx_HAL_Driver/Src/stm32f1xx_hal_pcd.c.obj
                0x080004c8                HAL_PCD_Stop
 .text.HAL_PCD_IRQHandler
                0x08000514      0x260 cmake/stm32cubemx/CMakeFiles/STM32_Drivers.dir/__/__/Drivers/STM32F1xx_HAL_Driver/Src/stm32f1xx_hal_pcd.c.obj
                0x08000514                HAL_PCD_IRQHandler
 .text.HAL_PCD_SetAddress
                0x08000774       0x48 cmake/stm32cubemx/CMakeFiles/STM32_Drivers.dir/__/__/Drivers/STM32F1xx_HAL_Driver/Src/stm32f1xx_hal_pcd.c.obj
                0x08000774                HAL_PCD_SetAddress
 .text.HAL_PCD_EP_Open
                0x080007bc       0xba cmake/stm32cubemx/CMakeFiles/STM32_Drivers.dir/__/__/Drivers/STM32F1xx_HAL_Driver/Src/stm32f1xx_hal_pcd.c.obj
                0x080007bc                HAL_PCD_EP_Open
 .text.HAL_PCD_EP_Receive
                0x08000876       0x62 cmake/stm32cubemx/CMakeFiles/STM32_Drivers.dir/__/__/Drivers/STM32F1xx_HAL_Driver/Src/stm32f1xx_hal_pcd.c.obj
                0x08000876                HAL_PCD_EP_Receive
 .text.HAL_PCD_EP_Transmit
                0x080008d8       0x6e cmake/stm32cubemx/CMakeFiles/STM32_Drivers.dir/__/__/Drivers/STM32F1xx_HAL_Driver/Src/stm32f1xx_hal_pcd.c.obj
                0x080008d8                HAL_PCD_EP_Transmit
 .text.HAL_PCD_EP_SetStall
                0x08000946       0xc0 cmake/stm32cubemx/CMakeFiles/STM32_Drivers.dir/__/__/Drivers/STM32F1xx_HAL_Driver/Src/stm32f1xx_hal_pcd.c.obj
                0x08000946                HAL_PCD_EP_SetStall
 .text.HAL_PCD_EP_ClrStall
                0x08000a06       0xa8 cmake/stm32cubemx/CMakeFiles/STM32_Drivers.dir/__/__/Drivers/STM32F1xx_HAL_Driver/Src/stm32f1xx_hal_pcd.c.obj
                0x08000a06                HAL_PCD_EP_ClrStall
 .text.PCD_EP_ISR_Handler
                0x08000aae      0x79e cmake/stm32cubemx/CMakeFiles/STM32_Drivers.dir/__/__/Drivers/STM32F1xx_HAL_Driver/Src/stm32f1xx_hal_pcd.c.obj
 .text.HAL_PCD_EP_DB_Receive
                0x0800124c      0x21a cmake/stm32cubemx/CMakeFiles/STM32_Drivers.dir/__/__/Drivers/STM32F1xx_HAL_Driver/Src/stm32f1xx_hal_pcd.c.obj
 .text.HAL_PCD_EP_DB_Transmit
                0x08001466      0x7f4 cmake/stm32cubemx/CMakeFiles/STM32_Drivers.dir/__/__/Drivers/STM32F1xx_HAL_Driver/Src/stm32f1xx_hal_pcd.c.obj
 .text.HAL_PCDEx_PMAConfig
                0x08001c5a       0x84 cmake/stm32cubemx/CMakeFiles/STM32_Drivers.dir/__/__/Drivers/STM32F1xx_HAL_Driver/Src/stm32f1xx_hal_pcd_ex.c.obj
                0x08001c5a                HAL_PCDEx_PMAConfig
 .text.USB_CoreInit
                0x08001cde       0x1a cmake/stm32cubemx/CMakeFiles/STM32_Drivers.dir/__/__/Drivers/STM32F1xx_HAL_Driver/Src/stm32f1xx_ll_usb.c.obj
                0x08001cde                USB_CoreInit
 .text.USB_EnableGlobalInt
                0x08001cf8       0x2c cmake/stm32cubemx/CMakeFiles/STM32_Drivers.dir/__/__/Drivers/STM32F1xx_HAL_Driver/Src/stm32f1xx_ll_usb.c.obj
                0x08001cf8                USB_EnableGlobalInt
 .text.USB_DisableGlobalInt
                0x08001d24       0x34 cmake/stm32cubemx/CMakeFiles/STM32_Drivers.dir/__/__/Drivers/STM32F1xx_HAL_Driver/Src/stm32f1xx_ll_usb.c.obj
                0x08001d24                USB_DisableGlobalInt
 .text.USB_SetCurrentMode
                0x08001d58       0x18 cmake/stm32cubemx/CMakeFiles/STM32_Drivers.dir/__/__/Drivers/STM32F1xx_HAL_Driver/Src/stm32f1xx_ll_usb.c.obj
                0x08001d58                USB_SetCurrentMode
 .text.USB_DevInit
                0x08001d70       0x3a cmake/stm32cubemx/CMakeFiles/STM32_Drivers.dir/__/__/Drivers/STM32F1xx_HAL_Driver/Src/stm32f1xx_ll_usb.c.obj
                0x08001d70                USB_DevInit
 *fill*         0x08001daa        0x2 
 .text.USB_ActivateEndpoint
                0x08001dac      0x780 cmake/stm32cubemx/CMakeFiles/STM32_Drivers.dir/__/__/Drivers/STM32F1xx_HAL_Driver/Src/stm32f1xx_ll_usb.c.obj
                0x08001dac                USB_ActivateEndpoint
 .text.USB_EPStartXfer
                0x0800252c     0x1762 cmake/stm32cubemx/CMakeFiles/STM32_Drivers.dir/__/__/Drivers/STM32F1xx_HAL_Driver/Src/stm32f1xx_ll_usb.c.obj
                0x0800252c                USB_EPStartXfer
 .text.USB_EPSetStall
                0x08003c8e       0xa0 cmake/stm32cubemx/CMakeFiles/STM32_Drivers.dir/__/__/Drivers/STM32F1xx_HAL_Driver/Src/stm32f1xx_ll_usb.c.obj
                0x08003c8e                USB_EPSetStall
 .text.USB_EPClearStall
                0x08003d2e      0x15a cmake/stm32cubemx/CMakeFiles/STM32_Drivers.dir/__/__/Drivers/STM32F1xx_HAL_Driver/Src/stm32f1xx_ll_usb.c.obj
                0x08003d2e                USB_EPClearStall
 .text.USB_SetDevAddress
                0x08003e88       0x26 cmake/stm32cubemx/CMakeFiles/STM32_Drivers.dir/__/__/Drivers/STM32F1xx_HAL_Driver/Src/stm32f1xx_ll_usb.c.obj
                0x08003e88                USB_SetDevAddress
 .text.USB_DevConnect
                0x08003eae       0x14 cmake/stm32cubemx/CMakeFiles/STM32_Drivers.dir/__/__/Drivers/STM32F1xx_HAL_Driver/Src/stm32f1xx_ll_usb.c.obj
                0x08003eae                USB_DevConnect
 .text.USB_DevDisconnect
                0x08003ec2       0x14 cmake/stm32cubemx/CMakeFiles/STM32_Drivers.dir/__/__/Drivers/STM32F1xx_HAL_Driver/Src/stm32f1xx_ll_usb.c.obj
                0x08003ec2                USB_DevDisconnect
 .text.USB_ReadInterrupts
                0x08003ed6       0x1e cmake/stm32cubemx/CMakeFiles/STM32_Drivers.dir/__/__/Drivers/STM32F1xx_HAL_Driver/Src/stm32f1xx_ll_usb.c.obj
                0x08003ed6                USB_ReadInterrupts
 .text.USB_EP0_OutStart
                0x08003ef4       0x16 cmake/stm32cubemx/CMakeFiles/STM32_Drivers.dir/__/__/Drivers/STM32F1xx_HAL_Driver/Src/stm32f1xx_ll_usb.c.obj
                0x08003ef4                USB_EP0_OutStart
 .text.USB_WritePMA
                0x08003f0a       0x8c cmake/stm32cubemx/CMakeFiles/STM32_Drivers.dir/__/__/Drivers/STM32F1xx_HAL_Driver/Src/stm32f1xx_ll_usb.c.obj
                0x08003f0a                USB_WritePMA
 .text.USB_ReadPMA
                0x08003f96       0x9e cmake/stm32cubemx/CMakeFiles/STM32_Drivers.dir/__/__/Drivers/STM32F1xx_HAL_Driver/Src/stm32f1xx_ll_usb.c.obj
                0x08003f96                USB_ReadPMA
 .text.HAL_Init
                0x08004034       0x2c cmake/stm32cubemx/CMakeFiles/STM32_Drivers.dir/__/__/Drivers/STM32F1xx_HAL_Driver/Src/stm32f1xx_hal.c.obj
                0x08004034                HAL_Init
 .text.HAL_InitTick
                0x08004060       0x60 cmake/stm32cubemx/CMakeFiles/STM32_Drivers.dir/__/__/Drivers/STM32F1xx_HAL_Driver/Src/stm32f1xx_hal.c.obj
                0x08004060                HAL_InitTick
 .text.HAL_IncTick
                0x080040c0       0x24 cmake/stm32cubemx/CMakeFiles/STM32_Drivers.dir/__/__/Drivers/STM32F1xx_HAL_Driver/Src/stm32f1xx_hal.c.obj
                0x080040c0                HAL_IncTick
 .text.HAL_GetTick
                0x080040e4       0x14 cmake/stm32cubemx/CMakeFiles/STM32_Drivers.dir/__/__/Drivers/STM32F1xx_HAL_Driver/Src/stm32f1xx_hal.c.obj
                0x080040e4                HAL_GetTick
 .text.HAL_Delay
                0x080040f8       0x48 cmake/stm32cubemx/CMakeFiles/STM32_Drivers.dir/__/__/Drivers/STM32F1xx_HAL_Driver/Src/stm32f1xx_hal.c.obj
                0x080040f8                HAL_Delay
 .text.HAL_RCC_OscConfig
                0x08004140      0x504 cmake/stm32cubemx/CMakeFiles/STM32_Drivers.dir/__/__/Drivers/STM32F1xx_HAL_Driver/Src/stm32f1xx_hal_rcc.c.obj
                0x08004140                HAL_RCC_OscConfig
 .text.HAL_RCC_ClockConfig
                0x08004644      0x1d4 cmake/stm32cubemx/CMakeFiles/STM32_Drivers.dir/__/__/Drivers/STM32F1xx_HAL_Driver/Src/stm32f1xx_hal_rcc.c.obj
                0x08004644                HAL_RCC_ClockConfig
 .text.HAL_RCC_GetSysClockFreq
                0x08004818       0xa8 cmake/stm32cubemx/CMakeFiles/STM32_Drivers.dir/__/__/Drivers/STM32F1xx_HAL_Driver/Src/stm32f1xx_hal_rcc.c.obj
                0x08004818                HAL_RCC_GetSysClockFreq
 .text.RCC_Delay
                0x080048c0       0x3c cmake/stm32cubemx/CMakeFiles/STM32_Drivers.dir/__/__/Drivers/STM32F1xx_HAL_Driver/Src/stm32f1xx_hal_rcc.c.obj
 .text.HAL_RCCEx_PeriphCLKConfig
                0x080048fc      0x16c cmake/stm32cubemx/CMakeFiles/STM32_Drivers.dir/__/__/Drivers/STM32F1xx_HAL_Driver/Src/stm32f1xx_hal_rcc_ex.c.obj
                0x080048fc                HAL_RCCEx_PeriphCLKConfig
 .text.__NVIC_SetPriorityGrouping
                0x08004a68       0x48 cmake/stm32cubemx/CMakeFiles/STM32_Drivers.dir/__/__/Drivers/STM32F1xx_HAL_Driver/Src/stm32f1xx_hal_cortex.c.obj
 .text.__NVIC_GetPriorityGrouping
                0x08004ab0       0x1c cmake/stm32cubemx/CMakeFiles/STM32_Drivers.dir/__/__/Drivers/STM32F1xx_HAL_Driver/Src/stm32f1xx_hal_cortex.c.obj
 .text.__NVIC_EnableIRQ
                0x08004acc       0x38 cmake/stm32cubemx/CMakeFiles/STM32_Drivers.dir/__/__/Drivers/STM32F1xx_HAL_Driver/Src/stm32f1xx_hal_cortex.c.obj
 .text.__NVIC_SetPriority
                0x08004b04       0x54 cmake/stm32cubemx/CMakeFiles/STM32_Drivers.dir/__/__/Drivers/STM32F1xx_HAL_Driver/Src/stm32f1xx_hal_cortex.c.obj
 .text.NVIC_EncodePriority
                0x08004b58       0x64 cmake/stm32cubemx/CMakeFiles/STM32_Drivers.dir/__/__/Drivers/STM32F1xx_HAL_Driver/Src/stm32f1xx_hal_cortex.c.obj
 .text.SysTick_Config
                0x08004bbc       0x44 cmake/stm32cubemx/CMakeFiles/STM32_Drivers.dir/__/__/Drivers/STM32F1xx_HAL_Driver/Src/stm32f1xx_hal_cortex.c.obj
 .text.HAL_NVIC_SetPriorityGrouping
                0x08004c00       0x16 cmake/stm32cubemx/CMakeFiles/STM32_Drivers.dir/__/__/Drivers/STM32F1xx_HAL_Driver/Src/stm32f1xx_hal_cortex.c.obj
                0x08004c00                HAL_NVIC_SetPriorityGrouping
 .text.HAL_NVIC_SetPriority
                0x08004c16       0x38 cmake/stm32cubemx/CMakeFiles/STM32_Drivers.dir/__/__/Drivers/STM32F1xx_HAL_Driver/Src/stm32f1xx_hal_cortex.c.obj
                0x08004c16                HAL_NVIC_SetPriority
 .text.HAL_NVIC_EnableIRQ
                0x08004c4e       0x1c cmake/stm32cubemx/CMakeFiles/STM32_Drivers.dir/__/__/Drivers/STM32F1xx_HAL_Driver/Src/stm32f1xx_hal_cortex.c.obj
                0x08004c4e                HAL_NVIC_EnableIRQ
 .text.HAL_SYSTICK_Config
                0x08004c6a       0x18 cmake/stm32cubemx/CMakeFiles/STM32_Drivers.dir/__/__/Drivers/STM32F1xx_HAL_Driver/Src/stm32f1xx_hal_cortex.c.obj
                0x08004c6a                HAL_SYSTICK_Config
 .text.USBD_Init
                0x08004c82       0x56 cmake/stm32cubemx/CMakeFiles/USB_Device_Library.dir/__/__/Middlewares/ST/STM32_USB_Device_Library/Core/Src/usbd_core.c.obj
                0x08004c82                USBD_Init
 .text.USBD_RegisterClass
                0x08004cd8       0x32 cmake/stm32cubemx/CMakeFiles/USB_Device_Library.dir/__/__/Middlewares/ST/STM32_USB_Device_Library/Core/Src/usbd_core.c.obj
                0x08004cd8                USBD_RegisterClass
 .text.USBD_Start
                0x08004d0a       0x18 cmake/stm32cubemx/CMakeFiles/USB_Device_Library.dir/__/__/Middlewares/ST/STM32_USB_Device_Library/Core/Src/usbd_core.c.obj
                0x08004d0a                USBD_Start
 .text.USBD_Stop
                0x08004d22       0x2c cmake/stm32cubemx/CMakeFiles/USB_Device_Library.dir/__/__/Middlewares/ST/STM32_USB_Device_Library/Core/Src/usbd_core.c.obj
                0x08004d22                USBD_Stop
 .text.USBD_RunTestMode
                0x08004d4e       0x14 cmake/stm32cubemx/CMakeFiles/USB_Device_Library.dir/__/__/Middlewares/ST/STM32_USB_Device_Library/Core/Src/usbd_core.c.obj
                0x08004d4e                USBD_RunTestMode
 .text.USBD_SetClassConfig
                0x08004d62       0x3e cmake/stm32cubemx/CMakeFiles/USB_Device_Library.dir/__/__/Middlewares/ST/STM32_USB_Device_Library/Core/Src/usbd_core.c.obj
                0x08004d62                USBD_SetClassConfig
 .text.USBD_ClrClassConfig
                0x08004da0       0x26 cmake/stm32cubemx/CMakeFiles/USB_Device_Library.dir/__/__/Middlewares/ST/STM32_USB_Device_Library/Core/Src/usbd_core.c.obj
                0x08004da0                USBD_ClrClassConfig
 .text.USBD_LL_SetupStage
                0x08004dc6       0x9a cmake/stm32cubemx/CMakeFiles/USB_Device_Library.dir/__/__/Middlewares/ST/STM32_USB_Device_Library/Core/Src/usbd_core.c.obj
                0x08004dc6                USBD_LL_SetupStage
 .text.USBD_LL_DataOutStage
                0x08004e60       0xe2 cmake/stm32cubemx/CMakeFiles/USB_Device_Library.dir/__/__/Middlewares/ST/STM32_USB_Device_Library/Core/Src/usbd_core.c.obj
                0x08004e60                USBD_LL_DataOutStage
 .text.USBD_LL_DataInStage
                0x08004f42      0x14a cmake/stm32cubemx/CMakeFiles/USB_Device_Library.dir/__/__/Middlewares/ST/STM32_USB_Device_Library/Core/Src/usbd_core.c.obj
                0x08004f42                USBD_LL_DataInStage
 .text.USBD_LL_Reset
                0x0800508c       0x82 cmake/stm32cubemx/CMakeFiles/USB_Device_Library.dir/__/__/Middlewares/ST/STM32_USB_Device_Library/Core/Src/usbd_core.c.obj
                0x0800508c                USBD_LL_Reset
 .text.USBD_LL_SetSpeed
                0x0800510e       0x1e cmake/stm32cubemx/CMakeFiles/USB_Device_Library.dir/__/__/Middlewares/ST/STM32_USB_Device_Library/Core/Src/usbd_core.c.obj
                0x0800510e                USBD_LL_SetSpeed
 .text.USBD_LL_Suspend
                0x0800512c       0x28 cmake/stm32cubemx/CMakeFiles/USB_Device_Library.dir/__/__/Middlewares/ST/STM32_USB_Device_Library/Core/Src/usbd_core.c.obj
                0x0800512c                USBD_LL_Suspend
 .text.USBD_LL_Resume
                0x08005154       0x2a cmake/stm32cubemx/CMakeFiles/USB_Device_Library.dir/__/__/Middlewares/ST/STM32_USB_Device_Library/Core/Src/usbd_core.c.obj
                0x08005154                USBD_LL_Resume
 .text.USBD_LL_SOF
                0x0800517e       0x34 cmake/stm32cubemx/CMakeFiles/USB_Device_Library.dir/__/__/Middlewares/ST/STM32_USB_Device_Library/Core/Src/usbd_core.c.obj
                0x0800517e                USBD_LL_SOF
 *fill*         0x080051b2        0x2 
 .text.USBD_StdDevReq
                0x080051b4       0xd4 cmake/stm32cubemx/CMakeFiles/USB_Device_Library.dir/__/__/Middlewares/ST/STM32_USB_Device_Library/Core/Src/usbd_ctlreq.c.obj
                0x080051b4                USBD_StdDevReq
 .text.USBD_StdItfReq
                0x08005288       0x90 cmake/stm32cubemx/CMakeFiles/USB_Device_Library.dir/__/__/Middlewares/ST/STM32_USB_Device_Library/Core/Src/usbd_ctlreq.c.obj
                0x08005288                USBD_StdItfReq
 .text.USBD_StdEPReq
                0x08005318      0x2c6 cmake/stm32cubemx/CMakeFiles/USB_Device_Library.dir/__/__/Middlewares/ST/STM32_USB_Device_Library/Core/Src/usbd_ctlreq.c.obj
                0x08005318                USBD_StdEPReq
 *fill*         0x080055de        0x2 
 .text.USBD_GetDescriptor
                0x080055e0      0x2f4 cmake/stm32cubemx/CMakeFiles/USB_Device_Library.dir/__/__/Middlewares/ST/STM32_USB_Device_Library/Core/Src/usbd_ctlreq.c.obj
 .text.USBD_SetAddress
                0x080058d4       0x86 cmake/stm32cubemx/CMakeFiles/USB_Device_Library.dir/__/__/Middlewares/ST/STM32_USB_Device_Library/Core/Src/usbd_ctlreq.c.obj
 *fill*         0x0800595a        0x2 
 .text.USBD_SetConfig
                0x0800595c      0x11c cmake/stm32cubemx/CMakeFiles/USB_Device_Library.dir/__/__/Middlewares/ST/STM32_USB_Device_Library/Core/Src/usbd_ctlreq.c.obj
 .text.USBD_GetConfig
                0x08005a78       0x6a cmake/stm32cubemx/CMakeFiles/USB_Device_Library.dir/__/__/Middlewares/ST/STM32_USB_Device_Library/Core/Src/usbd_ctlreq.c.obj
 .text.USBD_GetStatus
                0x08005ae2       0x66 cmake/stm32cubemx/CMakeFiles/USB_Device_Library.dir/__/__/Middlewares/ST/STM32_USB_Device_Library/Core/Src/usbd_ctlreq.c.obj
 .text.USBD_SetFeature
                0x08005b48       0x28 cmake/stm32cubemx/CMakeFiles/USB_Device_Library.dir/__/__/Middlewares/ST/STM32_USB_Device_Library/Core/Src/usbd_ctlreq.c.obj
 .text.USBD_ClrFeature
                0x08005b70       0x42 cmake/stm32cubemx/CMakeFiles/USB_Device_Library.dir/__/__/Middlewares/ST/STM32_USB_Device_Library/Core/Src/usbd_ctlreq.c.obj
 .text.USBD_ParseSetupRequest
                0x08005bb2       0x72 cmake/stm32cubemx/CMakeFiles/USB_Device_Library.dir/__/__/Middlewares/ST/STM32_USB_Device_Library/Core/Src/usbd_ctlreq.c.obj
                0x08005bb2                USBD_ParseSetupRequest
 .text.USBD_CtlError
                0x08005c24       0x22 cmake/stm32cubemx/CMakeFiles/USB_Device_Library.dir/__/__/Middlewares/ST/STM32_USB_Device_Library/Core/Src/usbd_ctlreq.c.obj
                0x08005c24                USBD_CtlError
 .text.USBD_GetString
                0x08005c46       0x84 cmake/stm32cubemx/CMakeFiles/USB_Device_Library.dir/__/__/Middlewares/ST/STM32_USB_Device_Library/Core/Src/usbd_ctlreq.c.obj
                0x08005c46                USBD_GetString
 .text.USBD_GetLen
                0x08005cca       0x2e cmake/stm32cubemx/CMakeFiles/USB_Device_Library.dir/__/__/Middlewares/ST/STM32_USB_Device_Library/Core/Src/usbd_ctlreq.c.obj
 .text.USBD_CtlSendData
                0x08005cf8       0x38 cmake/stm32cubemx/CMakeFiles/USB_Device_Library.dir/__/__/Middlewares/ST/STM32_USB_Device_Library/Core/Src/usbd_ioreq.c.obj
                0x08005cf8                USBD_CtlSendData
 .text.USBD_CtlContinueSendData
                0x08005d30       0x24 cmake/stm32cubemx/CMakeFiles/USB_Device_Library.dir/__/__/Middlewares/ST/STM32_USB_Device_Library/Core/Src/usbd_ioreq.c.obj
                0x08005d30                USBD_CtlContinueSendData
 .text.USBD_CtlPrepareRx
                0x08005d54       0x3c cmake/stm32cubemx/CMakeFiles/USB_Device_Library.dir/__/__/Middlewares/ST/STM32_USB_Device_Library/Core/Src/usbd_ioreq.c.obj
                0x08005d54                USBD_CtlPrepareRx
 .text.USBD_CtlContinueRx
                0x08005d90       0x24 cmake/stm32cubemx/CMakeFiles/USB_Device_Library.dir/__/__/Middlewares/ST/STM32_USB_Device_Library/Core/Src/usbd_ioreq.c.obj
                0x08005d90                USBD_CtlContinueRx
 .text.USBD_CtlSendStatus
                0x08005db4       0x26 cmake/stm32cubemx/CMakeFiles/USB_Device_Library.dir/__/__/Middlewares/ST/STM32_USB_Device_Library/Core/Src/usbd_ioreq.c.obj
                0x08005db4                USBD_CtlSendStatus
 .text.USBD_CtlReceiveStatus
                0x08005dda       0x26 cmake/stm32cubemx/CMakeFiles/USB_Device_Library.dir/__/__/Middlewares/ST/STM32_USB_Device_Library/Core/Src/usbd_ioreq.c.obj
                0x08005dda                USBD_CtlReceiveStatus
 .text.__NVIC_SystemReset
                0x08005e00       0x2c cmake/stm32cubemx/CMakeFiles/USB_Device_Library.dir/__/__/Middlewares/ST/STM32_USB_Device_Library/Class/DFU/Src/usbd_dfu.c.obj
 .text.USBD_DFU_Init
                0x08005e2c       0xb2 cmake/stm32cubemx/CMakeFiles/USB_Device_Library.dir/__/__/Middlewares/ST/STM32_USB_Device_Library/Class/DFU/Src/usbd_dfu.c.obj
 .text.USBD_DFU_DeInit
                0x08005ede       0x6e cmake/stm32cubemx/CMakeFiles/USB_Device_Library.dir/__/__/Middlewares/ST/STM32_USB_Device_Library/Class/DFU/Src/usbd_dfu.c.obj
 .text.USBD_DFU_Setup
                0x08005f4c      0x1d4 cmake/stm32cubemx/CMakeFiles/USB_Device_Library.dir/__/__/Middlewares/ST/STM32_USB_Device_Library/Class/DFU/Src/usbd_dfu.c.obj
 .text.USBD_DFU_GetCfgDesc
                0x08006120       0x20 cmake/stm32cubemx/CMakeFiles/USB_Device_Library.dir/__/__/Middlewares/ST/STM32_USB_Device_Library/Class/DFU/Src/usbd_dfu.c.obj
 .text.USBD_DFU_DataIn
                0x08006140       0x18 cmake/stm32cubemx/CMakeFiles/USB_Device_Library.dir/__/__/Middlewares/ST/STM32_USB_Device_Library/Class/DFU/Src/usbd_dfu.c.obj
 .text.USBD_DFU_EP0_RxReady
                0x08006158       0x14 cmake/stm32cubemx/CMakeFiles/USB_Device_Library.dir/__/__/Middlewares/ST/STM32_USB_Device_Library/Class/DFU/Src/usbd_dfu.c.obj
 .text.USBD_DFU_EP0_TxReady
                0x0800616c      0x1ca cmake/stm32cubemx/CMakeFiles/USB_Device_Library.dir/__/__/Middlewares/ST/STM32_USB_Device_Library/Class/DFU/Src/usbd_dfu.c.obj
 .text.USBD_DFU_SOF
                0x08006336       0x14 cmake/stm32cubemx/CMakeFiles/USB_Device_Library.dir/__/__/Middlewares/ST/STM32_USB_Device_Library/Class/DFU/Src/usbd_dfu.c.obj
 .text.USBD_DFU_IsoINIncomplete
                0x0800634a       0x18 cmake/stm32cubemx/CMakeFiles/USB_Device_Library.dir/__/__/Middlewares/ST/STM32_USB_Device_Library/Class/DFU/Src/usbd_dfu.c.obj
 .text.USBD_DFU_IsoOutIncomplete
                0x08006362       0x18 cmake/stm32cubemx/CMakeFiles/USB_Device_Library.dir/__/__/Middlewares/ST/STM32_USB_Device_Library/Class/DFU/Src/usbd_dfu.c.obj
 .text.USBD_DFU_DataOut
                0x0800637a       0x18 cmake/stm32cubemx/CMakeFiles/USB_Device_Library.dir/__/__/Middlewares/ST/STM32_USB_Device_Library/Class/DFU/Src/usbd_dfu.c.obj
 *fill*         0x08006392        0x2 
 .text.USBD_DFU_GetDeviceQualifierDesc
                0x08006394       0x20 cmake/stm32cubemx/CMakeFiles/USB_Device_Library.dir/__/__/Middlewares/ST/STM32_USB_Device_Library/Class/DFU/Src/usbd_dfu.c.obj
 .text.USBD_DFU_GetUsrStringDesc
                0x080063b4       0x38 cmake/stm32cubemx/CMakeFiles/USB_Device_Library.dir/__/__/Middlewares/ST/STM32_USB_Device_Library/Class/DFU/Src/usbd_dfu.c.obj
 .text.USBD_DFU_RegisterMedia
                0x080063ec       0x24 cmake/stm32cubemx/CMakeFiles/USB_Device_Library.dir/__/__/Middlewares/ST/STM32_USB_Device_Library/Class/DFU/Src/usbd_dfu.c.obj
                0x080063ec                USBD_DFU_RegisterMedia
 .text.DFU_Detach
                0x08006410       0xc0 cmake/stm32cubemx/CMakeFiles/USB_Device_Library.dir/__/__/Middlewares/ST/STM32_USB_Device_Library/Class/DFU/Src/usbd_dfu.c.obj
 .text.DFU_Download
                0x080064d0       0xd4 cmake/stm32cubemx/CMakeFiles/USB_Device_Library.dir/__/__/Middlewares/ST/STM32_USB_Device_Library/Class/DFU/Src/usbd_dfu.c.obj
 .text.DFU_Upload
                0x080065a4      0x1b0 cmake/stm32cubemx/CMakeFiles/USB_Device_Library.dir/__/__/Middlewares/ST/STM32_USB_Device_Library/Class/DFU/Src/usbd_dfu.c.obj
 .text.DFU_GetStatus
                0x08006754      0x164 cmake/stm32cubemx/CMakeFiles/USB_Device_Library.dir/__/__/Middlewares/ST/STM32_USB_Device_Library/Class/DFU/Src/usbd_dfu.c.obj
 .text.DFU_ClearStatus
                0x080068b8       0x9e cmake/stm32cubemx/CMakeFiles/USB_Device_Library.dir/__/__/Middlewares/ST/STM32_USB_Device_Library/Class/DFU/Src/usbd_dfu.c.obj
 .text.DFU_GetState
                0x08006956       0x28 cmake/stm32cubemx/CMakeFiles/USB_Device_Library.dir/__/__/Middlewares/ST/STM32_USB_Device_Library/Class/DFU/Src/usbd_dfu.c.obj
 .text.DFU_Abort
                0x0800697e       0x98 cmake/stm32cubemx/CMakeFiles/USB_Device_Library.dir/__/__/Middlewares/ST/STM32_USB_Device_Library/Class/DFU/Src/usbd_dfu.c.obj
 *fill*         0x08006a16        0x2 
 .text.DFU_Leave
                0x08006a18       0x9c cmake/stm32cubemx/CMakeFiles/USB_Device_Library.dir/__/__/Middlewares/ST/STM32_USB_Device_Library/Class/DFU/Src/usbd_dfu.c.obj
 .text.HAL_PCD_MspInit
                0x08006ab4       0x4c CMakeFiles/DFU-test.dir/USB_DEVICE/Target/usbd_conf.c.obj
                0x08006ab4                HAL_PCD_MspInit
 .text.HAL_PCD_SetupStageCallback
                0x08006b00       0x24 CMakeFiles/DFU-test.dir/USB_DEVICE/Target/usbd_conf.c.obj
                0x08006b00                HAL_PCD_SetupStageCallback
 .text.HAL_PCD_DataOutStageCallback
                0x08006b24       0x36 CMakeFiles/DFU-test.dir/USB_DEVICE/Target/usbd_conf.c.obj
                0x08006b24                HAL_PCD_DataOutStageCallback
 .text.HAL_PCD_DataInStageCallback
                0x08006b5a       0x34 CMakeFiles/DFU-test.dir/USB_DEVICE/Target/usbd_conf.c.obj
                0x08006b5a                HAL_PCD_DataInStageCallback
 .text.HAL_PCD_SOFCallback
                0x08006b8e       0x1c CMakeFiles/DFU-test.dir/USB_DEVICE/Target/usbd_conf.c.obj
                0x08006b8e                HAL_PCD_SOFCallback
 .text.HAL_PCD_ResetCallback
                0x08006baa       0x3c CMakeFiles/DFU-test.dir/USB_DEVICE/Target/usbd_conf.c.obj
                0x08006baa                HAL_PCD_ResetCallback
 *fill*         0x08006be6        0x2 
 .text.HAL_PCD_SuspendCallback
                0x08006be8       0x34 CMakeFiles/DFU-test.dir/USB_DEVICE/Target/usbd_conf.c.obj
                0x08006be8                HAL_PCD_SuspendCallback
 .text.HAL_PCD_ResumeCallback
                0x08006c1c       0x1c CMakeFiles/DFU-test.dir/USB_DEVICE/Target/usbd_conf.c.obj
                0x08006c1c                HAL_PCD_ResumeCallback
 .text.USBD_LL_Init
                0x08006c38       0x80 CMakeFiles/DFU-test.dir/USB_DEVICE/Target/usbd_conf.c.obj
                0x08006c38                USBD_LL_Init
 .text.USBD_LL_Start
                0x08006cb8       0x36 CMakeFiles/DFU-test.dir/USB_DEVICE/Target/usbd_conf.c.obj
                0x08006cb8                USBD_LL_Start
 .text.USBD_LL_Stop
                0x08006cee       0x36 CMakeFiles/DFU-test.dir/USB_DEVICE/Target/usbd_conf.c.obj
                0x08006cee                USBD_LL_Stop
 .text.USBD_LL_OpenEP
                0x08006d24       0x4c CMakeFiles/DFU-test.dir/USB_DEVICE/Target/usbd_conf.c.obj
                0x08006d24                USBD_LL_OpenEP
 .text.USBD_LL_StallEP
                0x08006d70       0x3e CMakeFiles/DFU-test.dir/USB_DEVICE/Target/usbd_conf.c.obj
                0x08006d70                USBD_LL_StallEP
 .text.USBD_LL_ClearStallEP
                0x08006dae       0x3e CMakeFiles/DFU-test.dir/USB_DEVICE/Target/usbd_conf.c.obj
                0x08006dae                USBD_LL_ClearStallEP
 .text.USBD_LL_IsStallEP
                0x08006dec       0x56 CMakeFiles/DFU-test.dir/USB_DEVICE/Target/usbd_conf.c.obj
                0x08006dec                USBD_LL_IsStallEP
 .text.USBD_LL_SetUSBAddress
                0x08006e42       0x3e CMakeFiles/DFU-test.dir/USB_DEVICE/Target/usbd_conf.c.obj
                0x08006e42                USBD_LL_SetUSBAddress
 .text.USBD_LL_Transmit
                0x08006e80       0x46 CMakeFiles/DFU-test.dir/USB_DEVICE/Target/usbd_conf.c.obj
                0x08006e80                USBD_LL_Transmit
 .text.USBD_LL_PrepareReceive
                0x08006ec6       0x46 CMakeFiles/DFU-test.dir/USB_DEVICE/Target/usbd_conf.c.obj
                0x08006ec6                USBD_LL_PrepareReceive
 .text.USBD_static_malloc
                0x08006f0c       0x18 CMakeFiles/DFU-test.dir/USB_DEVICE/Target/usbd_conf.c.obj
                0x08006f0c                USBD_static_malloc
 .text.USBD_static_free
                0x08006f24       0x12 CMakeFiles/DFU-test.dir/USB_DEVICE/Target/usbd_conf.c.obj
                0x08006f24                USBD_static_free
 .text.HAL_PCDEx_SetConnectionState
                0x08006f36       0x16 CMakeFiles/DFU-test.dir/USB_DEVICE/Target/usbd_conf.c.obj
                0x08006f36                HAL_PCDEx_SetConnectionState
 .text.USBD_Get_USB_Status
                0x08006f4c       0x58 CMakeFiles/DFU-test.dir/USB_DEVICE/Target/usbd_conf.c.obj
 .text.MX_USB_DEVICE_Init
                0x08006fa4       0x60 CMakeFiles/DFU-test.dir/USB_DEVICE/App/usb_device.c.obj
                0x08006fa4                MX_USB_DEVICE_Init
 .text.USBD_FS_DeviceDescriptor
                0x08007004       0x24 CMakeFiles/DFU-test.dir/USB_DEVICE/App/usbd_desc.c.obj
                0x08007004                USBD_FS_DeviceDescriptor
 .text.USBD_FS_LangIDStrDescriptor
                0x08007028       0x24 CMakeFiles/DFU-test.dir/USB_DEVICE/App/usbd_desc.c.obj
                0x08007028                USBD_FS_LangIDStrDescriptor
 .text.USBD_FS_ProductStrDescriptor
                0x0800704c       0x3c CMakeFiles/DFU-test.dir/USB_DEVICE/App/usbd_desc.c.obj
                0x0800704c                USBD_FS_ProductStrDescriptor
 .text.USBD_FS_ManufacturerStrDescriptor
                0x08007088       0x28 CMakeFiles/DFU-test.dir/USB_DEVICE/App/usbd_desc.c.obj
                0x08007088                USBD_FS_ManufacturerStrDescriptor
 .text.USBD_FS_SerialStrDescriptor
                0x080070b0       0x24 CMakeFiles/DFU-test.dir/USB_DEVICE/App/usbd_desc.c.obj
                0x080070b0                USBD_FS_SerialStrDescriptor
 .text.USBD_FS_ConfigStrDescriptor
                0x080070d4       0x3c CMakeFiles/DFU-test.dir/USB_DEVICE/App/usbd_desc.c.obj
                0x080070d4                USBD_FS_ConfigStrDescriptor
 .text.USBD_FS_InterfaceStrDescriptor
                0x08007110       0x3c CMakeFiles/DFU-test.dir/USB_DEVICE/App/usbd_desc.c.obj
                0x08007110                USBD_FS_InterfaceStrDescriptor
 .text.Get_SerialNum
                0x0800714c       0x58 CMakeFiles/DFU-test.dir/USB_DEVICE/App/usbd_desc.c.obj
 .text.IntToUnicode
                0x080071a4       0x7c CMakeFiles/DFU-test.dir/USB_DEVICE/App/usbd_desc.c.obj
 .text.MEM_If_Init_FS
                0x08007220        0xe CMakeFiles/DFU-test.dir/USB_DEVICE/App/usbd_dfu_if.c.obj
 .text.MEM_If_DeInit_FS
                0x0800722e        0xe CMakeFiles/DFU-test.dir/USB_DEVICE/App/usbd_dfu_if.c.obj
 .text.MEM_If_Erase_FS
                0x0800723c       0x14 CMakeFiles/DFU-test.dir/USB_DEVICE/App/usbd_dfu_if.c.obj
 .text.MEM_If_Write_FS
                0x08007250       0x18 CMakeFiles/DFU-test.dir/USB_DEVICE/App/usbd_dfu_if.c.obj
 .text.MEM_If_Read_FS
                0x08007268       0x18 CMakeFiles/DFU-test.dir/USB_DEVICE/App/usbd_dfu_if.c.obj
 .text.MEM_If_GetStatus_FS
                0x08007280       0x20 CMakeFiles/DFU-test.dir/USB_DEVICE/App/usbd_dfu_if.c.obj
 .text.main     0x080072a0       0x18 CMakeFiles/DFU-test.dir/Core/Src/main.c.obj
                0x080072a0                main
 .text.SystemClock_Config
                0x080072b8       0xb4 CMakeFiles/DFU-test.dir/Core/Src/main.c.obj
                0x080072b8                SystemClock_Config
 .text.Error_Handler
                0x0800736c        0xc CMakeFiles/DFU-test.dir/Core/Src/main.c.obj
                0x0800736c                Error_Handler
 .text.MX_GPIO_Init
                0x08007378       0x44 CMakeFiles/DFU-test.dir/Core/Src/gpio.c.obj
                0x08007378                MX_GPIO_Init
 .text.NMI_Handler
                0x080073bc        0x8 CMakeFiles/DFU-test.dir/Core/Src/stm32f1xx_it.c.obj
                0x080073bc                NMI_Handler
 .text.HardFault_Handler
                0x080073c4        0x8 CMakeFiles/DFU-test.dir/Core/Src/stm32f1xx_it.c.obj
                0x080073c4                HardFault_Handler
 .text.MemManage_Handler
                0x080073cc        0x8 CMakeFiles/DFU-test.dir/Core/Src/stm32f1xx_it.c.obj
                0x080073cc                MemManage_Handler
 .text.BusFault_Handler
                0x080073d4        0x8 CMakeFiles/DFU-test.dir/Core/Src/stm32f1xx_it.c.obj
                0x080073d4                BusFault_Handler
 .text.UsageFault_Handler
                0x080073dc        0x8 CMakeFiles/DFU-test.dir/Core/Src/stm32f1xx_it.c.obj
                0x080073dc                UsageFault_Handler
 .text.SVC_Handler
                0x080073e4        0xc CMakeFiles/DFU-test.dir/Core/Src/stm32f1xx_it.c.obj
                0x080073e4                SVC_Handler
 .text.DebugMon_Handler
                0x080073f0        0xc CMakeFiles/DFU-test.dir/Core/Src/stm32f1xx_it.c.obj
                0x080073f0                DebugMon_Handler
 .text.PendSV_Handler
                0x080073fc        0xc CMakeFiles/DFU-test.dir/Core/Src/stm32f1xx_it.c.obj
                0x080073fc                PendSV_Handler
 .text.SysTick_Handler
                0x08007408        0xc CMakeFiles/DFU-test.dir/Core/Src/stm32f1xx_it.c.obj
                0x08007408                SysTick_Handler
 .text.USB_LP_CAN1_RX0_IRQHandler
                0x08007414       0x14 CMakeFiles/DFU-test.dir/Core/Src/stm32f1xx_it.c.obj
                0x08007414                USB_LP_CAN1_RX0_IRQHandler
 .text.HAL_MspInit
                0x08007428       0x64 CMakeFiles/DFU-test.dir/Core/Src/stm32f1xx_hal_msp.c.obj
                0x08007428                HAL_MspInit
 .text.Reset_Handler
                0x0800748c       0x48 CMakeFiles/DFU-test.dir/startup_stm32f103xb.s.obj
                0x0800748c                Reset_Handler
 .text.Default_Handler
                0x080074d4        0x2 CMakeFiles/DFU-test.dir/startup_stm32f103xb.s.obj
                0x080074d4                RTC_Alarm_IRQHandler
                0x080074d4                EXTI2_IRQHandler
                0x080074d4                TIM1_CC_IRQHandler
                0x080074d4                PVD_IRQHandler
                0x080074d4                EXTI3_IRQHandler
                0x080074d4                EXTI0_IRQHandler
                0x080074d4                I2C2_EV_IRQHandler
                0x080074d4                ADC1_2_IRQHandler
                0x080074d4                SPI1_IRQHandler
                0x080074d4                TAMPER_IRQHandler
                0x080074d4                DMA1_Channel4_IRQHandler
                0x080074d4                USART3_IRQHandler
                0x080074d4                RTC_IRQHandler
                0x080074d4                DMA1_Channel7_IRQHandler
                0x080074d4                CAN1_RX1_IRQHandler
                0x080074d4                TIM4_IRQHandler
                0x080074d4                I2C1_EV_IRQHandler
                0x080074d4                DMA1_Channel6_IRQHandler
                0x080074d4                TIM3_IRQHandler
                0x080074d4                RCC_IRQHandler
                0x080074d4                TIM1_TRG_COM_IRQHandler
                0x080074d4                DMA1_Channel1_IRQHandler
                0x080074d4                Default_Handler
                0x080074d4                EXTI15_10_IRQHandler
                0x080074d4                EXTI9_5_IRQHandler
                0x080074d4                SPI2_IRQHandler
                0x080074d4                DMA1_Channel5_IRQHandler
                0x080074d4                EXTI4_IRQHandler
                0x080074d4                USB_HP_CAN1_TX_IRQHandler
                0x080074d4                DMA1_Channel3_IRQHandler
                0x080074d4                TIM1_UP_IRQHandler
                0x080074d4                WWDG_IRQHandler
                0x080074d4                TIM2_IRQHandler
                0x080074d4                TIM1_BRK_IRQHandler
                0x080074d4                EXTI1_IRQHandler
                0x080074d4                USART2_IRQHandler
                0x080074d4                I2C2_ER_IRQHandler
                0x080074d4                DMA1_Channel2_IRQHandler
                0x080074d4                CAN1_SCE_IRQHandler
                0x080074d4                FLASH_IRQHandler
                0x080074d4                USART1_IRQHandler
                0x080074d4                I2C1_ER_IRQHandler
                0x080074d4                USBWakeUp_IRQHandler
 *(.glue_7)
 .glue_7        0x080074d6        0x0 linker stubs
 *(.glue_7t)
 .glue_7t       0x080074d6        0x0 linker stubs
 *(.eh_frame)
 *fill*         0x080074d6        0x2 
 .eh_frame      0x080074d8        0x0 /usr/lib/gcc/arm-none-eabi/13.2.1/thumb/v7-m/nofp/crtbegin.o
 *(.init)
 .init          0x080074d8        0x4 /usr/lib/gcc/arm-none-eabi/13.2.1/thumb/v7-m/nofp/crti.o
                0x080074d8                _init
 .init          0x080074dc        0x8 /usr/lib/gcc/arm-none-eabi/13.2.1/thumb/v7-m/nofp/crtn.o
 *(.fini)
 .fini          0x080074e4        0x4 /usr/lib/gcc/arm-none-eabi/13.2.1/thumb/v7-m/nofp/crti.o
                0x080074e4                _fini
 .fini          0x080074e8        0x8 /usr/lib/gcc/arm-none-eabi/13.2.1/thumb/v7-m/nofp/crtn.o
                0x080074f0                        . = ALIGN (0x4)
                0x080074f0                        _etext = .

.vfp11_veneer   0x080074f0        0x0
 .vfp11_veneer  0x080074f0        0x0 linker stubs

.v4_bx          0x080074f0        0x0
 .v4_bx         0x080074f0        0x0 linker stubs

.iplt           0x080074f0        0x0
 .iplt          0x080074f0        0x0 /usr/lib/gcc/arm-none-eabi/13.2.1/thumb/v7-m/nofp/crtbegin.o

.rodata         0x080074f0       0xd4
                0x080074f0                        . = ALIGN (0x4)
 *(.rodata)
 .rodata        0x080074f0       0x4e CMakeFiles/DFU-test.dir/USB_DEVICE/App/usbd_desc.c.obj
 *fill*         0x0800753e        0x2 
 .rodata        0x08007540       0x5d CMakeFiles/DFU-test.dir/USB_DEVICE/App/usbd_dfu_if.c.obj
 *(.rodata*)
 *fill*         0x0800759d        0x3 
 .rodata.AHBPrescTable
                0x080075a0       0x10 cmake/stm32cubemx/CMakeFiles/STM32_Drivers.dir/__/__/Core/Src/system_stm32f1xx.c.obj
                0x080075a0                AHBPrescTable
 .rodata.aPLLMULFactorTable.1
                0x080075b0       0x10 cmake/stm32cubemx/CMakeFiles/STM32_Drivers.dir/__/__/Drivers/STM32F1xx_HAL_Driver/Src/stm32f1xx_hal_rcc.c.obj
 .rodata.aPredivFactorTable.0
                0x080075c0        0x2 cmake/stm32cubemx/CMakeFiles/STM32_Drivers.dir/__/__/Drivers/STM32F1xx_HAL_Driver/Src/stm32f1xx_hal_rcc.c.obj
                0x080075c4                        . = ALIGN (0x4)
 *fill*         0x080075c2        0x2 

.ARM.extab      0x080075c4        0x0
                0x080075c4                        . = ALIGN (0x4)
 *(.ARM.extab* .gnu.linkonce.armextab.*)
                0x080075c4                        . = ALIGN (0x4)

.ARM            0x080075c4        0x0
                0x080075c4                        . = ALIGN (0x4)
                0x080075c4                        __exidx_start = .
 *(.ARM.exidx*)
                0x080075c4                        __exidx_end = .
                0x080075c4                        . = ALIGN (0x4)

.preinit_array  0x080075c4        0x0
                0x080075c4                        . = ALIGN (0x4)
                0x080075c4                        PROVIDE (__preinit_array_start = .)
 *(.preinit_array*)
                0x080075c4                        PROVIDE (__preinit_array_end = .)
                0x080075c4                        . = ALIGN (0x4)

.init_array     0x080075c4        0x4
                0x080075c4                        . = ALIGN (0x4)
                0x080075c4                        PROVIDE (__init_array_start = .)
 *(SORT_BY_NAME(.init_array.*))
 *(.init_array*)
 .init_array    0x080075c4        0x4 /usr/lib/gcc/arm-none-eabi/13.2.1/thumb/v7-m/nofp/crtbegin.o
                0x080075c8                        PROVIDE (__init_array_end = .)
                0x080075c8                        . = ALIGN (0x4)

.fini_array     0x080075c8        0x4
                0x080075c8                        . = ALIGN (0x4)
                0x080075c8                        PROVIDE (__fini_array_start = .)
 *(SORT_BY_NAME(.fini_array.*))
 *(.fini_array*)
 .fini_array    0x080075c8        0x4 /usr/lib/gcc/arm-none-eabi/13.2.1/thumb/v7-m/nofp/crtbegin.o
                0x080075cc                        PROVIDE (__fini_array_end = .)
                0x080075cc                        . = ALIGN (0x4)
                0x080075cc                        _sidata = LOADADDR (.data)

.rel.dyn        0x080075cc        0x0
 .rel.iplt      0x080075cc        0x0 /usr/lib/gcc/arm-none-eabi/13.2.1/thumb/v7-m/nofp/crtbegin.o

.data           0x20000000       0xdc load address 0x080075cc
                0x20000000                        . = ALIGN (0x4)
                0x20000000                        _sdata = .
 *(.data)
 *(.data*)
 .data.SystemCoreClock
                0x20000000        0x4 cmake/stm32cubemx/CMakeFiles/STM32_Drivers.dir/__/__/Core/Src/system_stm32f1xx.c.obj
                0x20000000                SystemCoreClock
 .data.uwTickPrio
                0x20000004        0x4 cmake/stm32cubemx/CMakeFiles/STM32_Drivers.dir/__/__/Drivers/STM32F1xx_HAL_Driver/Src/stm32f1xx_hal.c.obj
                0x20000004                uwTickPrio
 .data.uwTickFreq
                0x20000008        0x1 cmake/stm32cubemx/CMakeFiles/STM32_Drivers.dir/__/__/Drivers/STM32F1xx_HAL_Driver/Src/stm32f1xx_hal.c.obj
                0x20000008                uwTickFreq
 *fill*         0x20000009        0x3 
 .data.USBD_DFU
                0x2000000c       0x3c cmake/stm32cubemx/CMakeFiles/USB_Device_Library.dir/__/__/Middlewares/ST/STM32_USB_Device_Library/Class/DFU/Src/usbd_dfu.c.obj
                0x2000000c                USBD_DFU
 .data.USBD_DFU_CfgDesc
                0x20000048       0x1b cmake/stm32cubemx/CMakeFiles/USB_Device_Library.dir/__/__/Middlewares/ST/STM32_USB_Device_Library/Class/DFU/Src/usbd_dfu.c.obj
 *fill*         0x20000063        0x1 
 .data.USBD_DFU_DeviceQualifierDesc
                0x20000064        0xa cmake/stm32cubemx/CMakeFiles/USB_Device_Library.dir/__/__/Middlewares/ST/STM32_USB_Device_Library/Class/DFU/Src/usbd_dfu.c.obj
 *fill*         0x2000006e        0x2 
 .data.FS_Desc  0x20000070       0x1c CMakeFiles/DFU-test.dir/USB_DEVICE/App/usbd_desc.c.obj
                0x20000070                FS_Desc
 .data.USBD_FS_DeviceDesc
                0x2000008c       0x12 CMakeFiles/DFU-test.dir/USB_DEVICE/App/usbd_desc.c.obj
                0x2000008c                USBD_FS_DeviceDesc
 *fill*         0x2000009e        0x2 
 .data.USBD_LangIDDesc
                0x200000a0        0x4 CMakeFiles/DFU-test.dir/USB_DEVICE/App/usbd_desc.c.obj
                0x200000a0                USBD_LangIDDesc
 .data.USBD_StringSerial
                0x200000a4       0x1a CMakeFiles/DFU-test.dir/USB_DEVICE/App/usbd_desc.c.obj
                0x200000a4                USBD_StringSerial
 *fill*         0x200000be        0x2 
 .data.USBD_DFU_fops_FS
                0x200000c0       0x1c CMakeFiles/DFU-test.dir/USB_DEVICE/App/usbd_dfu_if.c.obj
                0x200000c0                USBD_DFU_fops_FS
 *(.RamFunc)
 *(.RamFunc*)
                0x200000dc                        . = ALIGN (0x4)

.tm_clone_table
                0x200000dc        0x0 load address 0x080076a8
 .tm_clone_table
                0x200000dc        0x0 /usr/lib/gcc/arm-none-eabi/13.2.1/thumb/v7-m/nofp/crtbegin.o
 .tm_clone_table
                0x200000dc        0x0 /usr/lib/gcc/arm-none-eabi/13.2.1/thumb/v7-m/nofp/crtend.o

.igot.plt       0x200000dc        0x0 load address 0x080076a8
 .igot.plt      0x200000dc        0x0 /usr/lib/gcc/arm-none-eabi/13.2.1/thumb/v7-m/nofp/crtbegin.o

.tdata          0x200000dc        0x0 load address 0x080076a8
 *(.tdata .tdata.* .gnu.linkonce.td.*)
                0x200000dc                        . = ALIGN (0x4)
                0x200000dc                        _edata = .
                [!provide]                        PROVIDE (__data_end = .)
                [!provide]                        PROVIDE (__tdata_end = .)
                [!provide]                        PROVIDE (__tdata_start = ADDR (.tdata))
                [!provide]                        PROVIDE (__tdata_size = (__tdata_end - __tdata_start))
                [!provide]                        PROVIDE (__data_start = ADDR (.data))
                [!provide]                        PROVIDE (__data_size = (__data_end - __data_start))
                [!provide]                        PROVIDE (__tdata_source = LOADADDR (.tdata))
                [!provide]                        PROVIDE (__tdata_source_end = (LOADADDR (.tdata) + SIZEOF (.tdata)))
                [!provide]                        PROVIDE (__tdata_source_size = (__tdata_source_end - __tdata_source))
                [!provide]                        PROVIDE (__data_source = LOADADDR (.data))
                [!provide]                        PROVIDE (__data_source_end = __tdata_source_end)
                [!provide]                        PROVIDE (__data_source_size = (__data_source_end - __data_source))

.tbss           0x200000dc        0x0 load address 0x080076a8
                0x200000dc                        _sbss = .
                0x200000dc                        __bss_start__ = _sbss
 *(.tbss .tbss.*)
                0x200000dc                        . = ALIGN (0x4)
                [!provide]                        PROVIDE (__tbss_end = .)
                [!provide]                        PROVIDE (__tbss_start = ADDR (.tbss))
                [!provide]                        PROVIDE (__tbss_size = (__tbss_end - __tbss_start))
                [!provide]                        PROVIDE (__tbss_offset = (ADDR (.tbss) - ADDR (.tdata)))
                [!provide]                        PROVIDE (__tls_base = __tdata_start)
                [!provide]                        PROVIDE (__tls_end = __tbss_end)
                [!provide]                        PROVIDE (__tls_size = (__tls_end - __tls_base))
                [!provide]                        PROVIDE (__tls_align = MAX (ALIGNOF (.tdata), ALIGNOF (.tbss)))
                [!provide]                        PROVIDE (__tls_size_align = (((__tls_size + __tls_align) - 0x1) & ~ ((__tls_align - 0x1))))
                [!provide]                        PROVIDE (__arm32_tls_tcb_offset = MAX (0x8, __tls_align))
                [!provide]                        PROVIDE (__arm64_tls_tcb_offset = MAX (0x10, __tls_align))

.bss            0x200000dc      0xce0 load address 0x080076a8
 *(.bss)
 .bss           0x200000dc       0x1c /usr/lib/gcc/arm-none-eabi/13.2.1/thumb/v7-m/nofp/crtbegin.o
 *(.bss*)
 .bss.uwTick    0x200000f8        0x4 cmake/stm32cubemx/CMakeFiles/STM32_Drivers.dir/__/__/Drivers/STM32F1xx_HAL_Driver/Src/stm32f1xx_hal.c.obj
                0x200000f8                uwTick
 .bss.cfgidx.0  0x200000fc        0x1 cmake/stm32cubemx/CMakeFiles/USB_Device_Library.dir/__/__/Middlewares/ST/STM32_USB_Device_Library/Core/Src/usbd_ctlreq.c.obj
 *fill*         0x200000fd        0x3 
 .bss.USBD_StrDesc.0
                0x20000100       0xff cmake/stm32cubemx/CMakeFiles/USB_Device_Library.dir/__/__/Middlewares/ST/STM32_USB_Device_Library/Class/DFU/Src/usbd_dfu.c.obj
 *fill*         0x200001ff        0x1 
 .bss.hpcd_USB_FS
                0x20000200      0x2d8 CMakeFiles/DFU-test.dir/USB_DEVICE/Target/usbd_conf.c.obj
                0x20000200                hpcd_USB_FS
 .bss.mem.0     0x200004d8      0x420 CMakeFiles/DFU-test.dir/USB_DEVICE/Target/usbd_conf.c.obj
 .bss.hUsbDeviceFS
                0x200008f8      0x2c4 CMakeFiles/DFU-test.dir/USB_DEVICE/App/usb_device.c.obj
                0x200008f8                hUsbDeviceFS
 .bss.USBD_StrDesc
                0x20000bbc      0x200 CMakeFiles/DFU-test.dir/USB_DEVICE/App/usbd_desc.c.obj
                0x20000bbc                USBD_StrDesc
 *(COMMON)
                0x20000dbc                        . = ALIGN (0x4)
                0x20000dbc                        _ebss = .
                0x20000dbc                        __bss_end__ = _ebss
                [!provide]                        PROVIDE (__bss_end = .)
                [!provide]                        PROVIDE (__non_tls_bss_start = ADDR (.bss))
                [!provide]                        PROVIDE (__bss_start = __tbss_start)
                [!provide]                        PROVIDE (__bss_size = (__bss_end - __bss_start))

._user_heap_stack
                0x20000dbc      0x604 load address 0x080076a8
                0x20000dc0                        . = ALIGN (0x8)
 *fill*         0x20000dbc        0x4 
                [!provide]                        PROVIDE (end = .)
                0x20000dc0                        PROVIDE (_end = .)
                0x20000fc0                        . = (. + _Min_Heap_Size)
 *fill*         0x20000dc0      0x200 
                0x200013c0                        . = (. + _Min_Stack_Size)
 *fill*         0x20000fc0      0x400 
                0x200013c0                        . = ALIGN (0x8)

/DISCARD/
 libc.a:*(*)
 libm.a:*(*)
 libgcc.a:*(*)
OUTPUT(DFU-test.elf elf32-littlearm)
LOAD linker stubs

.ARM.attributes
                0x00000000       0x29
 .ARM.attributes
                0x00000000       0x1d /usr/lib/gcc/arm-none-eabi/13.2.1/thumb/v7-m/nofp/crti.o
 .ARM.attributes
                0x0000001d       0x2d /usr/lib/gcc/arm-none-eabi/13.2.1/thumb/v7-m/nofp/crtbegin.o
 .ARM.attributes
                0x0000004a       0x2d cmake/stm32cubemx/CMakeFiles/STM32_Drivers.dir/__/__/Core/Src/system_stm32f1xx.c.obj
 .ARM.attributes
                0x00000077       0x2d cmake/stm32cubemx/CMakeFiles/STM32_Drivers.dir/__/__/Drivers/STM32F1xx_HAL_Driver/Src/stm32f1xx_hal_pcd.c.obj
 .ARM.attributes
                0x000000a4       0x2d cmake/stm32cubemx/CMakeFiles/STM32_Drivers.dir/__/__/Drivers/STM32F1xx_HAL_Driver/Src/stm32f1xx_hal_pcd_ex.c.obj
 .ARM.attributes
                0x000000d1       0x2d cmake/stm32cubemx/CMakeFiles/STM32_Drivers.dir/__/__/Drivers/STM32F1xx_HAL_Driver/Src/stm32f1xx_ll_usb.c.obj
 .ARM.attributes
                0x000000fe       0x2d cmake/stm32cubemx/CMakeFiles/STM32_Drivers.dir/__/__/Drivers/STM32F1xx_HAL_Driver/Src/stm32f1xx_hal.c.obj
 .ARM.attributes
                0x0000012b       0x2d cmake/stm32cubemx/CMakeFiles/STM32_Drivers.dir/__/__/Drivers/STM32F1xx_HAL_Driver/Src/stm32f1xx_hal_rcc.c.obj
 .ARM.attributes
                0x00000158       0x2d cmake/stm32cubemx/CMakeFiles/STM32_Drivers.dir/__/__/Drivers/STM32F1xx_HAL_Driver/Src/stm32f1xx_hal_rcc_ex.c.obj
 .ARM.attributes
                0x00000185       0x2d cmake/stm32cubemx/CMakeFiles/STM32_Drivers.dir/__/__/Drivers/STM32F1xx_HAL_Driver/Src/stm32f1xx_hal_cortex.c.obj
 .ARM.attributes
                0x000001b2       0x2d cmake/stm32cubemx/CMakeFiles/USB_Device_Library.dir/__/__/Middlewares/ST/STM32_USB_Device_Library/Core/Src/usbd_core.c.obj
 .ARM.attributes
                0x000001df       0x2d cmake/stm32cubemx/CMakeFiles/USB_Device_Library.dir/__/__/Middlewares/ST/STM32_USB_Device_Library/Core/Src/usbd_ctlreq.c.obj
 .ARM.attributes
                0x0000020c       0x2d cmake/stm32cubemx/CMakeFiles/USB_Device_Library.dir/__/__/Middlewares/ST/STM32_USB_Device_Library/Core/Src/usbd_ioreq.c.obj
 .ARM.attributes
                0x00000239       0x2d cmake/stm32cubemx/CMakeFiles/USB_Device_Library.dir/__/__/Middlewares/ST/STM32_USB_Device_Library/Class/DFU/Src/usbd_dfu.c.obj
 .ARM.attributes
                0x00000266       0x2d CMakeFiles/DFU-test.dir/USB_DEVICE/Target/usbd_conf.c.obj
 .ARM.attributes
                0x00000293       0x2d CMakeFiles/DFU-test.dir/USB_DEVICE/App/usb_device.c.obj
 .ARM.attributes
                0x000002c0       0x2d CMakeFiles/DFU-test.dir/USB_DEVICE/App/usbd_desc.c.obj
 .ARM.attributes
                0x000002ed       0x2d CMakeFiles/DFU-test.dir/USB_DEVICE/App/usbd_dfu_if.c.obj
 .ARM.attributes
                0x0000031a       0x2d CMakeFiles/DFU-test.dir/Core/Src/main.c.obj
 .ARM.attributes
                0x00000347       0x2d CMakeFiles/DFU-test.dir/Core/Src/gpio.c.obj
 .ARM.attributes
                0x00000374       0x2d CMakeFiles/DFU-test.dir/Core/Src/stm32f1xx_it.c.obj
 .ARM.attributes
                0x000003a1       0x2d CMakeFiles/DFU-test.dir/Core/Src/stm32f1xx_hal_msp.c.obj
 .ARM.attributes
                0x000003ce       0x21 CMakeFiles/DFU-test.dir/startup_stm32f103xb.s.obj
 .ARM.attributes
                0x000003ef       0x2d /usr/lib/gcc/arm-none-eabi/13.2.1/../../../arm-none-eabi/lib/thumb/v7-m/nofp/libg_nano.a(libc_a-init.o)
 .ARM.attributes
                0x0000041c       0x2d /usr/lib/gcc/arm-none-eabi/13.2.1/../../../arm-none-eabi/lib/thumb/v7-m/nofp/libg_nano.a(libc_a-memset.o)
 .ARM.attributes
                0x00000449       0x2d /usr/lib/gcc/arm-none-eabi/13.2.1/thumb/v7-m/nofp/crtend.o
 .ARM.attributes
                0x00000476       0x1d /usr/lib/gcc/arm-none-eabi/13.2.1/thumb/v7-m/nofp/crtn.o

.comment        0x00000000       0x26
 .comment       0x00000000       0x26 /usr/lib/gcc/arm-none-eabi/13.2.1/thumb/v7-m/nofp/crtbegin.o
                                 0x27 (size before relaxing)
 .comment       0x00000026       0x27 cmake/stm32cubemx/CMakeFiles/STM32_Drivers.dir/__/__/Core/Src/system_stm32f1xx.c.obj
 .comment       0x00000026       0x27 cmake/stm32cubemx/CMakeFiles/STM32_Drivers.dir/__/__/Drivers/STM32F1xx_HAL_Driver/Src/stm32f1xx_hal_pcd.c.obj
 .comment       0x00000026       0x27 cmake/stm32cubemx/CMakeFiles/STM32_Drivers.dir/__/__/Drivers/STM32F1xx_HAL_Driver/Src/stm32f1xx_hal_pcd_ex.c.obj
 .comment       0x00000026       0x27 cmake/stm32cubemx/CMakeFiles/STM32_Drivers.dir/__/__/Drivers/STM32F1xx_HAL_Driver/Src/stm32f1xx_ll_usb.c.obj
 .comment       0x00000026       0x27 cmake/stm32cubemx/CMakeFiles/STM32_Drivers.dir/__/__/Drivers/STM32F1xx_HAL_Driver/Src/stm32f1xx_hal.c.obj
 .comment       0x00000026       0x27 cmake/stm32cubemx/CMakeFiles/STM32_Drivers.dir/__/__/Drivers/STM32F1xx_HAL_Driver/Src/stm32f1xx_hal_rcc.c.obj
 .comment       0x00000026       0x27 cmake/stm32cubemx/CMakeFiles/STM32_Drivers.dir/__/__/Drivers/STM32F1xx_HAL_Driver/Src/stm32f1xx_hal_rcc_ex.c.obj
 .comment       0x00000026       0x27 cmake/stm32cubemx/CMakeFiles/STM32_Drivers.dir/__/__/Drivers/STM32F1xx_HAL_Driver/Src/stm32f1xx_hal_cortex.c.obj
 .comment       0x00000026       0x27 cmake/stm32cubemx/CMakeFiles/USB_Device_Library.dir/__/__/Middlewares/ST/STM32_USB_Device_Library/Core/Src/usbd_core.c.obj
 .comment       0x00000026       0x27 cmake/stm32cubemx/CMakeFiles/USB_Device_Library.dir/__/__/Middlewares/ST/STM32_USB_Device_Library/Core/Src/usbd_ctlreq.c.obj
 .comment       0x00000026       0x27 cmake/stm32cubemx/CMakeFiles/USB_Device_Library.dir/__/__/Middlewares/ST/STM32_USB_Device_Library/Core/Src/usbd_ioreq.c.obj
 .comment       0x00000026       0x27 cmake/stm32cubemx/CMakeFiles/USB_Device_Library.dir/__/__/Middlewares/ST/STM32_USB_Device_Library/Class/DFU/Src/usbd_dfu.c.obj
 .comment       0x00000026       0x27 CMakeFiles/DFU-test.dir/USB_DEVICE/Target/usbd_conf.c.obj
 .comment       0x00000026       0x27 CMakeFiles/DFU-test.dir/USB_DEVICE/App/usb_device.c.obj
 .comment       0x00000026       0x27 CMakeFiles/DFU-test.dir/USB_DEVICE/App/usbd_desc.c.obj
 .comment       0x00000026       0x27 CMakeFiles/DFU-test.dir/USB_DEVICE/App/usbd_dfu_if.c.obj
 .comment       0x00000026       0x27 CMakeFiles/DFU-test.dir/Core/Src/main.c.obj
 .comment       0x00000026       0x27 CMakeFiles/DFU-test.dir/Core/Src/gpio.c.obj
 .comment       0x00000026       0x27 CMakeFiles/DFU-test.dir/Core/Src/stm32f1xx_it.c.obj
 .comment       0x00000026       0x27 CMakeFiles/DFU-test.dir/Core/Src/stm32f1xx_hal_msp.c.obj
 .comment       0x00000026       0x27 /usr/lib/gcc/arm-none-eabi/13.2.1/../../../arm-none-eabi/lib/thumb/v7-m/nofp/libg_nano.a(libc_a-init.o)
 .comment       0x00000026       0x27 /usr/lib/gcc/arm-none-eabi/13.2.1/../../../arm-none-eabi/lib/thumb/v7-m/nofp/libg_nano.a(libc_a-memset.o)
 .comment       0x00000026       0x27 /usr/lib/gcc/arm-none-eabi/13.2.1/thumb/v7-m/nofp/crtend.o

.debug_info     0x00000000     0xb1e5
 .debug_info    0x00000000      0x208 cmake/stm32cubemx/CMakeFiles/STM32_Drivers.dir/__/__/Core/Src/system_stm32f1xx.c.obj
 .debug_info    0x00000208     0x16b8 cmake/stm32cubemx/CMakeFiles/STM32_Drivers.dir/__/__/Drivers/STM32F1xx_HAL_Driver/Src/stm32f1xx_hal_pcd.c.obj
 .debug_info    0x000018c0      0x69f cmake/stm32cubemx/CMakeFiles/STM32_Drivers.dir/__/__/Drivers/STM32F1xx_HAL_Driver/Src/stm32f1xx_hal_pcd_ex.c.obj
 .debug_info    0x00001f5f     0x178a cmake/stm32cubemx/CMakeFiles/STM32_Drivers.dir/__/__/Drivers/STM32F1xx_HAL_Driver/Src/stm32f1xx_ll_usb.c.obj
 .debug_info    0x000036e9      0x6f8 cmake/stm32cubemx/CMakeFiles/STM32_Drivers.dir/__/__/Drivers/STM32F1xx_HAL_Driver/Src/stm32f1xx_hal.c.obj
 .debug_info    0x00003de1      0x7b1 cmake/stm32cubemx/CMakeFiles/STM32_Drivers.dir/__/__/Drivers/STM32F1xx_HAL_Driver/Src/stm32f1xx_hal_rcc.c.obj
 .debug_info    0x00004592      0x3a8 cmake/stm32cubemx/CMakeFiles/STM32_Drivers.dir/__/__/Drivers/STM32F1xx_HAL_Driver/Src/stm32f1xx_hal_rcc_ex.c.obj
 .debug_info    0x0000493a      0xa63 cmake/stm32cubemx/CMakeFiles/STM32_Drivers.dir/__/__/Drivers/STM32F1xx_HAL_Driver/Src/stm32f1xx_hal_cortex.c.obj
 .debug_info    0x0000539d      0xa58 cmake/stm32cubemx/CMakeFiles/USB_Device_Library.dir/__/__/Middlewares/ST/STM32_USB_Device_Library/Core/Src/usbd_core.c.obj
 .debug_info    0x00005df5      0x922 cmake/stm32cubemx/CMakeFiles/USB_Device_Library.dir/__/__/Middlewares/ST/STM32_USB_Device_Library/Core/Src/usbd_ctlreq.c.obj
 .debug_info    0x00006717      0x6a6 cmake/stm32cubemx/CMakeFiles/USB_Device_Library.dir/__/__/Middlewares/ST/STM32_USB_Device_Library/Core/Src/usbd_ioreq.c.obj
 .debug_info    0x00006dbd      0xf98 cmake/stm32cubemx/CMakeFiles/USB_Device_Library.dir/__/__/Middlewares/ST/STM32_USB_Device_Library/Class/DFU/Src/usbd_dfu.c.obj
 .debug_info    0x00007d55     0x186c CMakeFiles/DFU-test.dir/USB_DEVICE/Target/usbd_conf.c.obj
 .debug_info    0x000095c1      0x68a CMakeFiles/DFU-test.dir/USB_DEVICE/App/usb_device.c.obj
 .debug_info    0x00009c4b      0x426 CMakeFiles/DFU-test.dir/USB_DEVICE/App/usbd_desc.c.obj
 .debug_info    0x0000a071      0x2e7 CMakeFiles/DFU-test.dir/USB_DEVICE/App/usbd_dfu_if.c.obj
 .debug_info    0x0000a358      0x2fd CMakeFiles/DFU-test.dir/Core/Src/main.c.obj
 .debug_info    0x0000a655      0x15d CMakeFiles/DFU-test.dir/Core/Src/gpio.c.obj
 .debug_info    0x0000a7b2      0x5de CMakeFiles/DFU-test.dir/Core/Src/stm32f1xx_it.c.obj
 .debug_info    0x0000ad90      0x1e5 CMakeFiles/DFU-test.dir/Core/Src/stm32f1xx_hal_msp.c.obj
 .debug_info    0x0000af75       0x30 CMakeFiles/DFU-test.dir/startup_stm32f103xb.s.obj
 .debug_info    0x0000afa5      0x10b /usr/lib/gcc/arm-none-eabi/13.2.1/../../../arm-none-eabi/lib/thumb/v7-m/nofp/libg_nano.a(libc_a-init.o)
 .debug_info    0x0000b0b0      0x135 /usr/lib/gcc/arm-none-eabi/13.2.1/../../../arm-none-eabi/lib/thumb/v7-m/nofp/libg_nano.a(libc_a-memset.o)

.debug_abbrev   0x00000000     0x2863
 .debug_abbrev  0x00000000      0x140 cmake/stm32cubemx/CMakeFiles/STM32_Drivers.dir/__/__/Core/Src/system_stm32f1xx.c.obj
 .debug_abbrev  0x00000140      0x2d6 cmake/stm32cubemx/CMakeFiles/STM32_Drivers.dir/__/__/Drivers/STM32F1xx_HAL_Driver/Src/stm32f1xx_hal_pcd.c.obj
 .debug_abbrev  0x00000416      0x189 cmake/stm32cubemx/CMakeFiles/STM32_Drivers.dir/__/__/Drivers/STM32F1xx_HAL_Driver/Src/stm32f1xx_hal_pcd_ex.c.obj
 .debug_abbrev  0x0000059f      0x1de cmake/stm32cubemx/CMakeFiles/STM32_Drivers.dir/__/__/Drivers/STM32F1xx_HAL_Driver/Src/stm32f1xx_ll_usb.c.obj
 .debug_abbrev  0x0000077d      0x201 cmake/stm32cubemx/CMakeFiles/STM32_Drivers.dir/__/__/Drivers/STM32F1xx_HAL_Driver/Src/stm32f1xx_hal.c.obj
 .debug_abbrev  0x0000097e      0x2b3 cmake/stm32cubemx/CMakeFiles/STM32_Drivers.dir/__/__/Drivers/STM32F1xx_HAL_Driver/Src/stm32f1xx_hal_rcc.c.obj
 .debug_abbrev  0x00000c31      0x188 cmake/stm32cubemx/CMakeFiles/STM32_Drivers.dir/__/__/Drivers/STM32F1xx_HAL_Driver/Src/stm32f1xx_hal_rcc_ex.c.obj
 .debug_abbrev  0x00000db9      0x2f8 cmake/stm32cubemx/CMakeFiles/STM32_Drivers.dir/__/__/Drivers/STM32F1xx_HAL_Driver/Src/stm32f1xx_hal_cortex.c.obj
 .debug_abbrev  0x000010b1      0x24a cmake/stm32cubemx/CMakeFiles/USB_Device_Library.dir/__/__/Middlewares/ST/STM32_USB_Device_Library/Core/Src/usbd_core.c.obj
 .debug_abbrev  0x000012fb      0x26b cmake/stm32cubemx/CMakeFiles/USB_Device_Library.dir/__/__/Middlewares/ST/STM32_USB_Device_Library/Core/Src/usbd_ctlreq.c.obj
 .debug_abbrev  0x00001566      0x192 cmake/stm32cubemx/CMakeFiles/USB_Device_Library.dir/__/__/Middlewares/ST/STM32_USB_Device_Library/Core/Src/usbd_ioreq.c.obj
 .debug_abbrev  0x000016f8      0x32c cmake/stm32cubemx/CMakeFiles/USB_Device_Library.dir/__/__/Middlewares/ST/STM32_USB_Device_Library/Class/DFU/Src/usbd_dfu.c.obj
 .debug_abbrev  0x00001a24      0x31f CMakeFiles/DFU-test.dir/USB_DEVICE/Target/usbd_conf.c.obj
 .debug_abbrev  0x00001d43      0x194 CMakeFiles/DFU-test.dir/USB_DEVICE/App/usb_device.c.obj
 .debug_abbrev  0x00001ed7      0x1ff CMakeFiles/DFU-test.dir/USB_DEVICE/App/usbd_desc.c.obj
 .debug_abbrev  0x000020d6      0x122 CMakeFiles/DFU-test.dir/USB_DEVICE/App/usbd_dfu_if.c.obj
 .debug_abbrev  0x000021f8      0x194 CMakeFiles/DFU-test.dir/Core/Src/main.c.obj
 .debug_abbrev  0x0000238c       0xc6 CMakeFiles/DFU-test.dir/Core/Src/gpio.c.obj
 .debug_abbrev  0x00002452      0x192 CMakeFiles/DFU-test.dir/Core/Src/stm32f1xx_it.c.obj
 .debug_abbrev  0x000025e4       0xdb CMakeFiles/DFU-test.dir/Core/Src/stm32f1xx_hal_msp.c.obj
 .debug_abbrev  0x000026bf       0x24 CMakeFiles/DFU-test.dir/startup_stm32f103xb.s.obj
 .debug_abbrev  0x000026e3       0xc9 /usr/lib/gcc/arm-none-eabi/13.2.1/../../../arm-none-eabi/lib/thumb/v7-m/nofp/libg_nano.a(libc_a-init.o)
 .debug_abbrev  0x000027ac       0xb7 /usr/lib/gcc/arm-none-eabi/13.2.1/../../../arm-none-eabi/lib/thumb/v7-m/nofp/libg_nano.a(libc_a-memset.o)

.debug_aranges  0x00000000      0xab8
 .debug_aranges
                0x00000000       0x28 cmake/stm32cubemx/CMakeFiles/STM32_Drivers.dir/__/__/Core/Src/system_stm32f1xx.c.obj
 .debug_aranges
                0x00000028      0x140 cmake/stm32cubemx/CMakeFiles/STM32_Drivers.dir/__/__/Drivers/STM32F1xx_HAL_Driver/Src/stm32f1xx_hal_pcd.c.obj
 .debug_aranges
                0x00000168       0x38 cmake/stm32cubemx/CMakeFiles/STM32_Drivers.dir/__/__/Drivers/STM32F1xx_HAL_Driver/Src/stm32f1xx_hal_pcd_ex.c.obj
 .debug_aranges
                0x000001a0       0xf8 cmake/stm32cubemx/CMakeFiles/STM32_Drivers.dir/__/__/Drivers/STM32F1xx_HAL_Driver/Src/stm32f1xx_ll_usb.c.obj
 .debug_aranges
                0x00000298       0xe0 cmake/stm32cubemx/CMakeFiles/STM32_Drivers.dir/__/__/Drivers/STM32F1xx_HAL_Driver/Src/stm32f1xx_hal.c.obj
 .debug_aranges
                0x00000378       0x90 cmake/stm32cubemx/CMakeFiles/STM32_Drivers.dir/__/__/Drivers/STM32F1xx_HAL_Driver/Src/stm32f1xx_hal_rcc.c.obj
 .debug_aranges
                0x00000408       0x30 cmake/stm32cubemx/CMakeFiles/STM32_Drivers.dir/__/__/Drivers/STM32F1xx_HAL_Driver/Src/stm32f1xx_hal_rcc_ex.c.obj
 .debug_aranges
                0x00000438      0x100 cmake/stm32cubemx/CMakeFiles/STM32_Drivers.dir/__/__/Drivers/STM32F1xx_HAL_Driver/Src/stm32f1xx_hal_cortex.c.obj
 .debug_aranges
                0x00000538       0xb8 cmake/stm32cubemx/CMakeFiles/USB_Device_Library.dir/__/__/Middlewares/ST/STM32_USB_Device_Library/Core/Src/usbd_core.c.obj
 .debug_aranges
                0x000005f0       0x88 cmake/stm32cubemx/CMakeFiles/USB_Device_Library.dir/__/__/Middlewares/ST/STM32_USB_Device_Library/Core/Src/usbd_ctlreq.c.obj
 .debug_aranges
                0x00000678       0x50 cmake/stm32cubemx/CMakeFiles/USB_Device_Library.dir/__/__/Middlewares/ST/STM32_USB_Device_Library/Core/Src/usbd_ioreq.c.obj
 .debug_aranges
                0x000006c8       0xd0 cmake/stm32cubemx/CMakeFiles/USB_Device_Library.dir/__/__/Middlewares/ST/STM32_USB_Device_Library/Class/DFU/Src/usbd_dfu.c.obj
 .debug_aranges
                0x00000798      0x118 CMakeFiles/DFU-test.dir/USB_DEVICE/Target/usbd_conf.c.obj
 .debug_aranges
                0x000008b0       0x20 CMakeFiles/DFU-test.dir/USB_DEVICE/App/usb_device.c.obj
 .debug_aranges
                0x000008d0       0x60 CMakeFiles/DFU-test.dir/USB_DEVICE/App/usbd_desc.c.obj
 .debug_aranges
                0x00000930       0x48 CMakeFiles/DFU-test.dir/USB_DEVICE/App/usbd_dfu_if.c.obj
 .debug_aranges
                0x00000978       0x30 CMakeFiles/DFU-test.dir/Core/Src/main.c.obj
 .debug_aranges
                0x000009a8       0x20 CMakeFiles/DFU-test.dir/Core/Src/gpio.c.obj
 .debug_aranges
                0x000009c8       0x68 CMakeFiles/DFU-test.dir/Core/Src/stm32f1xx_it.c.obj
 .debug_aranges
                0x00000a30       0x20 CMakeFiles/DFU-test.dir/Core/Src/stm32f1xx_hal_msp.c.obj
 .debug_aranges
                0x00000a50       0x28 CMakeFiles/DFU-test.dir/startup_stm32f103xb.s.obj
 .debug_aranges
                0x00000a78       0x20 /usr/lib/gcc/arm-none-eabi/13.2.1/../../../arm-none-eabi/lib/thumb/v7-m/nofp/libg_nano.a(libc_a-init.o)
 .debug_aranges
                0x00000a98       0x20 /usr/lib/gcc/arm-none-eabi/13.2.1/../../../arm-none-eabi/lib/thumb/v7-m/nofp/libg_nano.a(libc_a-memset.o)

.debug_rnglists
                0x00000000      0x7a2
 .debug_rnglists
                0x00000000       0x1a cmake/stm32cubemx/CMakeFiles/STM32_Drivers.dir/__/__/Core/Src/system_stm32f1xx.c.obj
 .debug_rnglists
                0x0000001a       0xf4 cmake/stm32cubemx/CMakeFiles/STM32_Drivers.dir/__/__/Drivers/STM32F1xx_HAL_Driver/Src/stm32f1xx_hal_pcd.c.obj
 .debug_rnglists
                0x0000010e       0x26 cmake/stm32cubemx/CMakeFiles/STM32_Drivers.dir/__/__/Drivers/STM32F1xx_HAL_Driver/Src/stm32f1xx_hal_pcd_ex.c.obj
 .debug_rnglists
                0x00000134       0xbd cmake/stm32cubemx/CMakeFiles/STM32_Drivers.dir/__/__/Drivers/STM32F1xx_HAL_Driver/Src/stm32f1xx_ll_usb.c.obj
 .debug_rnglists
                0x000001f1       0xa3 cmake/stm32cubemx/CMakeFiles/STM32_Drivers.dir/__/__/Drivers/STM32F1xx_HAL_Driver/Src/stm32f1xx_hal.c.obj
 .debug_rnglists
                0x00000294       0x6c cmake/stm32cubemx/CMakeFiles/STM32_Drivers.dir/__/__/Drivers/STM32F1xx_HAL_Driver/Src/stm32f1xx_hal_rcc.c.obj
 .debug_rnglists
                0x00000300       0x21 cmake/stm32cubemx/CMakeFiles/STM32_Drivers.dir/__/__/Drivers/STM32F1xx_HAL_Driver/Src/stm32f1xx_hal_rcc_ex.c.obj
 .debug_rnglists
                0x00000321       0xbb cmake/stm32cubemx/CMakeFiles/STM32_Drivers.dir/__/__/Drivers/STM32F1xx_HAL_Driver/Src/stm32f1xx_hal_cortex.c.obj
 .debug_rnglists
                0x000003dc       0x89 cmake/stm32cubemx/CMakeFiles/USB_Device_Library.dir/__/__/Middlewares/ST/STM32_USB_Device_Library/Core/Src/usbd_core.c.obj
 .debug_rnglists
                0x00000465       0x68 cmake/stm32cubemx/CMakeFiles/USB_Device_Library.dir/__/__/Middlewares/ST/STM32_USB_Device_Library/Core/Src/usbd_ctlreq.c.obj
 .debug_rnglists
                0x000004cd       0x37 cmake/stm32cubemx/CMakeFiles/USB_Device_Library.dir/__/__/Middlewares/ST/STM32_USB_Device_Library/Core/Src/usbd_ioreq.c.obj
 .debug_rnglists
                0x00000504       0xa1 cmake/stm32cubemx/CMakeFiles/USB_Device_Library.dir/__/__/Middlewares/ST/STM32_USB_Device_Library/Class/DFU/Src/usbd_dfu.c.obj
 .debug_rnglists
                0x000005a5       0xce CMakeFiles/DFU-test.dir/USB_DEVICE/Target/usbd_conf.c.obj
 .debug_rnglists
                0x00000673       0x13 CMakeFiles/DFU-test.dir/USB_DEVICE/App/usb_device.c.obj
 .debug_rnglists
                0x00000686       0x43 CMakeFiles/DFU-test.dir/USB_DEVICE/App/usbd_desc.c.obj
 .debug_rnglists
                0x000006c9       0x31 CMakeFiles/DFU-test.dir/USB_DEVICE/App/usbd_dfu_if.c.obj
 .debug_rnglists
                0x000006fa       0x20 CMakeFiles/DFU-test.dir/Core/Src/main.c.obj
 .debug_rnglists
                0x0000071a       0x13 CMakeFiles/DFU-test.dir/Core/Src/gpio.c.obj
 .debug_rnglists
                0x0000072d       0x49 CMakeFiles/DFU-test.dir/Core/Src/stm32f1xx_it.c.obj
 .debug_rnglists
                0x00000776       0x13 CMakeFiles/DFU-test.dir/Core/Src/stm32f1xx_hal_msp.c.obj
 .debug_rnglists
                0x00000789       0x19 CMakeFiles/DFU-test.dir/startup_stm32f103xb.s.obj

.debug_macro    0x00000000    0x18b4a
 .debug_macro   0x00000000      0x15f cmake/stm32cubemx/CMakeFiles/STM32_Drivers.dir/__/__/Core/Src/system_stm32f1xx.c.obj
 .debug_macro   0x0000015f      0xacc cmake/stm32cubemx/CMakeFiles/STM32_Drivers.dir/__/__/Core/Src/system_stm32f1xx.c.obj
 .debug_macro   0x00000c2b       0x2e cmake/stm32cubemx/CMakeFiles/STM32_Drivers.dir/__/__/Core/Src/system_stm32f1xx.c.obj
 .debug_macro   0x00000c59       0x22 cmake/stm32cubemx/CMakeFiles/STM32_Drivers.dir/__/__/Core/Src/system_stm32f1xx.c.obj
 .debug_macro   0x00000c7b      0x34e cmake/stm32cubemx/CMakeFiles/STM32_Drivers.dir/__/__/Core/Src/system_stm32f1xx.c.obj
 .debug_macro   0x00000fc9       0x1c cmake/stm32cubemx/CMakeFiles/STM32_Drivers.dir/__/__/Core/Src/system_stm32f1xx.c.obj
 .debug_macro   0x00000fe5       0x22 cmake/stm32cubemx/CMakeFiles/STM32_Drivers.dir/__/__/Core/Src/system_stm32f1xx.c.obj
 .debug_macro   0x00001007       0xbd cmake/stm32cubemx/CMakeFiles/STM32_Drivers.dir/__/__/Core/Src/system_stm32f1xx.c.obj
 .debug_macro   0x000010c4      0xd23 cmake/stm32cubemx/CMakeFiles/STM32_Drivers.dir/__/__/Core/Src/system_stm32f1xx.c.obj
 .debug_macro   0x00001de7     0xe09e cmake/stm32cubemx/CMakeFiles/STM32_Drivers.dir/__/__/Core/Src/system_stm32f1xx.c.obj
 .debug_macro   0x0000fe85       0x6d cmake/stm32cubemx/CMakeFiles/STM32_Drivers.dir/__/__/Core/Src/system_stm32f1xx.c.obj
 .debug_macro   0x0000fef2      0x215 cmake/stm32cubemx/CMakeFiles/STM32_Drivers.dir/__/__/Core/Src/system_stm32f1xx.c.obj
 .debug_macro   0x00010107     0x34a2 cmake/stm32cubemx/CMakeFiles/STM32_Drivers.dir/__/__/Core/Src/system_stm32f1xx.c.obj
 .debug_macro   0x000135a9      0x190 cmake/stm32cubemx/CMakeFiles/STM32_Drivers.dir/__/__/Core/Src/system_stm32f1xx.c.obj
 .debug_macro   0x00013739       0x5c cmake/stm32cubemx/CMakeFiles/STM32_Drivers.dir/__/__/Core/Src/system_stm32f1xx.c.obj
 .debug_macro   0x00013795      0x5bc cmake/stm32cubemx/CMakeFiles/STM32_Drivers.dir/__/__/Core/Src/system_stm32f1xx.c.obj
 .debug_macro   0x00013d51      0x289 cmake/stm32cubemx/CMakeFiles/STM32_Drivers.dir/__/__/Core/Src/system_stm32f1xx.c.obj
 .debug_macro   0x00013fda      0x1cb cmake/stm32cubemx/CMakeFiles/STM32_Drivers.dir/__/__/Core/Src/system_stm32f1xx.c.obj
 .debug_macro   0x000141a5      0x114 cmake/stm32cubemx/CMakeFiles/STM32_Drivers.dir/__/__/Core/Src/system_stm32f1xx.c.obj
 .debug_macro   0x000142b9      0x1b2 cmake/stm32cubemx/CMakeFiles/STM32_Drivers.dir/__/__/Core/Src/system_stm32f1xx.c.obj
 .debug_macro   0x0001446b       0x27 cmake/stm32cubemx/CMakeFiles/STM32_Drivers.dir/__/__/Core/Src/system_stm32f1xx.c.obj
 .debug_macro   0x00014492      0x136 cmake/stm32cubemx/CMakeFiles/STM32_Drivers.dir/__/__/Core/Src/system_stm32f1xx.c.obj
 .debug_macro   0x000145c8      0x1bc cmake/stm32cubemx/CMakeFiles/STM32_Drivers.dir/__/__/Core/Src/system_stm32f1xx.c.obj
 .debug_macro   0x00014784       0x34 cmake/stm32cubemx/CMakeFiles/STM32_Drivers.dir/__/__/Core/Src/system_stm32f1xx.c.obj
 .debug_macro   0x000147b8       0x3c cmake/stm32cubemx/CMakeFiles/STM32_Drivers.dir/__/__/Core/Src/system_stm32f1xx.c.obj
 .debug_macro   0x000147f4       0x57 cmake/stm32cubemx/CMakeFiles/STM32_Drivers.dir/__/__/Core/Src/system_stm32f1xx.c.obj
 .debug_macro   0x0001484b       0x87 cmake/stm32cubemx/CMakeFiles/STM32_Drivers.dir/__/__/Core/Src/system_stm32f1xx.c.obj
 .debug_macro   0x000148d2      0x240 cmake/stm32cubemx/CMakeFiles/STM32_Drivers.dir/__/__/Core/Src/system_stm32f1xx.c.obj
 .debug_macro   0x00014b12      0x140 cmake/stm32cubemx/CMakeFiles/STM32_Drivers.dir/__/__/Core/Src/system_stm32f1xx.c.obj
 .debug_macro   0x00014c52       0xb7 cmake/stm32cubemx/CMakeFiles/STM32_Drivers.dir/__/__/Core/Src/system_stm32f1xx.c.obj
 .debug_macro   0x00014d09      0x242 cmake/stm32cubemx/CMakeFiles/STM32_Drivers.dir/__/__/Core/Src/system_stm32f1xx.c.obj
 .debug_macro   0x00014f4b       0x83 cmake/stm32cubemx/CMakeFiles/STM32_Drivers.dir/__/__/Core/Src/system_stm32f1xx.c.obj
 .debug_macro   0x00014fce      0x16b cmake/stm32cubemx/CMakeFiles/STM32_Drivers.dir/__/__/Drivers/STM32F1xx_HAL_Driver/Src/stm32f1xx_hal_pcd.c.obj
 .debug_macro   0x00015139      0x15f cmake/stm32cubemx/CMakeFiles/STM32_Drivers.dir/__/__/Drivers/STM32F1xx_HAL_Driver/Src/stm32f1xx_hal_pcd_ex.c.obj
 .debug_macro   0x00015298      0x15f cmake/stm32cubemx/CMakeFiles/STM32_Drivers.dir/__/__/Drivers/STM32F1xx_HAL_Driver/Src/stm32f1xx_ll_usb.c.obj
 .debug_macro   0x000153f7      0x183 cmake/stm32cubemx/CMakeFiles/STM32_Drivers.dir/__/__/Drivers/STM32F1xx_HAL_Driver/Src/stm32f1xx_hal.c.obj
 .debug_macro   0x0001557a      0x171 cmake/stm32cubemx/CMakeFiles/STM32_Drivers.dir/__/__/Drivers/STM32F1xx_HAL_Driver/Src/stm32f1xx_hal_rcc.c.obj
 .debug_macro   0x000156eb      0x15f cmake/stm32cubemx/CMakeFiles/STM32_Drivers.dir/__/__/Drivers/STM32F1xx_HAL_Driver/Src/stm32f1xx_hal_rcc_ex.c.obj
 .debug_macro   0x0001584a      0x15f cmake/stm32cubemx/CMakeFiles/STM32_Drivers.dir/__/__/Drivers/STM32F1xx_HAL_Driver/Src/stm32f1xx_hal_cortex.c.obj
 .debug_macro   0x000159a9      0x2f2 cmake/stm32cubemx/CMakeFiles/USB_Device_Library.dir/__/__/Middlewares/ST/STM32_USB_Device_Library/Core/Src/usbd_core.c.obj
 .debug_macro   0x00015c9b       0x22 cmake/stm32cubemx/CMakeFiles/USB_Device_Library.dir/__/__/Middlewares/ST/STM32_USB_Device_Library/Core/Src/usbd_core.c.obj
 .debug_macro   0x00015cbd       0x60 cmake/stm32cubemx/CMakeFiles/USB_Device_Library.dir/__/__/Middlewares/ST/STM32_USB_Device_Library/Core/Src/usbd_core.c.obj
 .debug_macro   0x00015d1d       0x24 cmake/stm32cubemx/CMakeFiles/USB_Device_Library.dir/__/__/Middlewares/ST/STM32_USB_Device_Library/Core/Src/usbd_core.c.obj
 .debug_macro   0x00015d41       0x94 cmake/stm32cubemx/CMakeFiles/USB_Device_Library.dir/__/__/Middlewares/ST/STM32_USB_Device_Library/Core/Src/usbd_core.c.obj
 .debug_macro   0x00015dd5       0x3c cmake/stm32cubemx/CMakeFiles/USB_Device_Library.dir/__/__/Middlewares/ST/STM32_USB_Device_Library/Core/Src/usbd_core.c.obj
 .debug_macro   0x00015e11       0x34 cmake/stm32cubemx/CMakeFiles/USB_Device_Library.dir/__/__/Middlewares/ST/STM32_USB_Device_Library/Core/Src/usbd_core.c.obj
 .debug_macro   0x00015e45       0x16 cmake/stm32cubemx/CMakeFiles/USB_Device_Library.dir/__/__/Middlewares/ST/STM32_USB_Device_Library/Core/Src/usbd_core.c.obj
 .debug_macro   0x00015e5b       0x57 cmake/stm32cubemx/CMakeFiles/USB_Device_Library.dir/__/__/Middlewares/ST/STM32_USB_Device_Library/Core/Src/usbd_core.c.obj
 .debug_macro   0x00015eb2       0x9e cmake/stm32cubemx/CMakeFiles/USB_Device_Library.dir/__/__/Middlewares/ST/STM32_USB_Device_Library/Core/Src/usbd_core.c.obj
 .debug_macro   0x00015f50      0x370 cmake/stm32cubemx/CMakeFiles/USB_Device_Library.dir/__/__/Middlewares/ST/STM32_USB_Device_Library/Core/Src/usbd_core.c.obj
 .debug_macro   0x000162c0      0x112 cmake/stm32cubemx/CMakeFiles/USB_Device_Library.dir/__/__/Middlewares/ST/STM32_USB_Device_Library/Core/Src/usbd_core.c.obj
 .debug_macro   0x000163d2       0x10 cmake/stm32cubemx/CMakeFiles/USB_Device_Library.dir/__/__/Middlewares/ST/STM32_USB_Device_Library/Core/Src/usbd_core.c.obj
 .debug_macro   0x000163e2       0x16 cmake/stm32cubemx/CMakeFiles/USB_Device_Library.dir/__/__/Middlewares/ST/STM32_USB_Device_Library/Core/Src/usbd_core.c.obj
 .debug_macro   0x000163f8       0x4a cmake/stm32cubemx/CMakeFiles/USB_Device_Library.dir/__/__/Middlewares/ST/STM32_USB_Device_Library/Core/Src/usbd_core.c.obj
 .debug_macro   0x00016442       0x34 cmake/stm32cubemx/CMakeFiles/USB_Device_Library.dir/__/__/Middlewares/ST/STM32_USB_Device_Library/Core/Src/usbd_core.c.obj
 .debug_macro   0x00016476       0x10 cmake/stm32cubemx/CMakeFiles/USB_Device_Library.dir/__/__/Middlewares/ST/STM32_USB_Device_Library/Core/Src/usbd_core.c.obj
 .debug_macro   0x00016486       0x52 cmake/stm32cubemx/CMakeFiles/USB_Device_Library.dir/__/__/Middlewares/ST/STM32_USB_Device_Library/Core/Src/usbd_core.c.obj
 .debug_macro   0x000164d8      0x1de cmake/stm32cubemx/CMakeFiles/USB_Device_Library.dir/__/__/Middlewares/ST/STM32_USB_Device_Library/Core/Src/usbd_core.c.obj
 .debug_macro   0x000166b6       0x16 cmake/stm32cubemx/CMakeFiles/USB_Device_Library.dir/__/__/Middlewares/ST/STM32_USB_Device_Library/Core/Src/usbd_core.c.obj
 .debug_macro   0x000166cc       0x16 cmake/stm32cubemx/CMakeFiles/USB_Device_Library.dir/__/__/Middlewares/ST/STM32_USB_Device_Library/Core/Src/usbd_core.c.obj
 .debug_macro   0x000166e2      0x170 cmake/stm32cubemx/CMakeFiles/USB_Device_Library.dir/__/__/Middlewares/ST/STM32_USB_Device_Library/Core/Src/usbd_core.c.obj
 .debug_macro   0x00016852       0x16 cmake/stm32cubemx/CMakeFiles/USB_Device_Library.dir/__/__/Middlewares/ST/STM32_USB_Device_Library/Core/Src/usbd_core.c.obj
 .debug_macro   0x00016868       0x3c cmake/stm32cubemx/CMakeFiles/USB_Device_Library.dir/__/__/Middlewares/ST/STM32_USB_Device_Library/Core/Src/usbd_core.c.obj
 .debug_macro   0x000168a4       0x16 cmake/stm32cubemx/CMakeFiles/USB_Device_Library.dir/__/__/Middlewares/ST/STM32_USB_Device_Library/Core/Src/usbd_core.c.obj
 .debug_macro   0x000168ba       0x29 cmake/stm32cubemx/CMakeFiles/USB_Device_Library.dir/__/__/Middlewares/ST/STM32_USB_Device_Library/Core/Src/usbd_core.c.obj
 .debug_macro   0x000168e3       0x16 cmake/stm32cubemx/CMakeFiles/USB_Device_Library.dir/__/__/Middlewares/ST/STM32_USB_Device_Library/Core/Src/usbd_core.c.obj
 .debug_macro   0x000168f9       0x56 cmake/stm32cubemx/CMakeFiles/USB_Device_Library.dir/__/__/Middlewares/ST/STM32_USB_Device_Library/Core/Src/usbd_core.c.obj
 .debug_macro   0x0001694f       0x72 cmake/stm32cubemx/CMakeFiles/USB_Device_Library.dir/__/__/Middlewares/ST/STM32_USB_Device_Library/Core/Src/usbd_core.c.obj
 .debug_macro   0x000169c1      0x1c8 cmake/stm32cubemx/CMakeFiles/USB_Device_Library.dir/__/__/Middlewares/ST/STM32_USB_Device_Library/Core/Src/usbd_core.c.obj
 .debug_macro   0x00016b89      0x2fc cmake/stm32cubemx/CMakeFiles/USB_Device_Library.dir/__/__/Middlewares/ST/STM32_USB_Device_Library/Core/Src/usbd_ctlreq.c.obj
 .debug_macro   0x00016e85      0x1c2 cmake/stm32cubemx/CMakeFiles/USB_Device_Library.dir/__/__/Middlewares/ST/STM32_USB_Device_Library/Core/Src/usbd_ctlreq.c.obj
 .debug_macro   0x00017047      0x2f8 cmake/stm32cubemx/CMakeFiles/USB_Device_Library.dir/__/__/Middlewares/ST/STM32_USB_Device_Library/Core/Src/usbd_ioreq.c.obj
 .debug_macro   0x0001733f      0x30b cmake/stm32cubemx/CMakeFiles/USB_Device_Library.dir/__/__/Middlewares/ST/STM32_USB_Device_Library/Class/DFU/Src/usbd_dfu.c.obj
 .debug_macro   0x0001764a      0x10a cmake/stm32cubemx/CMakeFiles/USB_Device_Library.dir/__/__/Middlewares/ST/STM32_USB_Device_Library/Class/DFU/Src/usbd_dfu.c.obj
 .debug_macro   0x00017754      0x30f CMakeFiles/DFU-test.dir/USB_DEVICE/Target/usbd_conf.c.obj
 .debug_macro   0x00017a63      0x32c CMakeFiles/DFU-test.dir/USB_DEVICE/App/usb_device.c.obj
 .debug_macro   0x00017d8f       0x22 CMakeFiles/DFU-test.dir/USB_DEVICE/App/usb_device.c.obj
 .debug_macro   0x00017db1      0x32f CMakeFiles/DFU-test.dir/USB_DEVICE/App/usbd_desc.c.obj
 .debug_macro   0x000180e0       0x1c CMakeFiles/DFU-test.dir/USB_DEVICE/App/usbd_desc.c.obj
 .debug_macro   0x000180fc      0x317 CMakeFiles/DFU-test.dir/USB_DEVICE/App/usbd_dfu_if.c.obj
 .debug_macro   0x00018413      0x2e8 CMakeFiles/DFU-test.dir/Core/Src/main.c.obj
 .debug_macro   0x000186fb      0x173 CMakeFiles/DFU-test.dir/Core/Src/gpio.c.obj
 .debug_macro   0x0001886e      0x173 CMakeFiles/DFU-test.dir/Core/Src/stm32f1xx_it.c.obj
 .debug_macro   0x000189e1      0x169 CMakeFiles/DFU-test.dir/Core/Src/stm32f1xx_hal_msp.c.obj

.debug_line     0x00000000     0xbdd3
 .debug_line    0x00000000      0x546 cmake/stm32cubemx/CMakeFiles/STM32_Drivers.dir/__/__/Core/Src/system_stm32f1xx.c.obj
 .debug_line    0x00000546     0x10fc cmake/stm32cubemx/CMakeFiles/STM32_Drivers.dir/__/__/Drivers/STM32F1xx_HAL_Driver/Src/stm32f1xx_hal_pcd.c.obj
 .debug_line    0x00001642      0x541 cmake/stm32cubemx/CMakeFiles/STM32_Drivers.dir/__/__/Drivers/STM32F1xx_HAL_Driver/Src/stm32f1xx_hal_pcd_ex.c.obj
 .debug_line    0x00001b83      0xee7 cmake/stm32cubemx/CMakeFiles/STM32_Drivers.dir/__/__/Drivers/STM32F1xx_HAL_Driver/Src/stm32f1xx_ll_usb.c.obj
 .debug_line    0x00002a6a      0x777 cmake/stm32cubemx/CMakeFiles/STM32_Drivers.dir/__/__/Drivers/STM32F1xx_HAL_Driver/Src/stm32f1xx_hal.c.obj
 .debug_line    0x000031e1      0xc30 cmake/stm32cubemx/CMakeFiles/STM32_Drivers.dir/__/__/Drivers/STM32F1xx_HAL_Driver/Src/stm32f1xx_hal_rcc.c.obj
 .debug_line    0x00003e11      0x6e1 cmake/stm32cubemx/CMakeFiles/STM32_Drivers.dir/__/__/Drivers/STM32F1xx_HAL_Driver/Src/stm32f1xx_hal_rcc_ex.c.obj
 .debug_line    0x000044f2      0x941 cmake/stm32cubemx/CMakeFiles/STM32_Drivers.dir/__/__/Drivers/STM32F1xx_HAL_Driver/Src/stm32f1xx_hal_cortex.c.obj
 .debug_line    0x00004e33      0xb56 cmake/stm32cubemx/CMakeFiles/USB_Device_Library.dir/__/__/Middlewares/ST/STM32_USB_Device_Library/Core/Src/usbd_core.c.obj
 .debug_line    0x00005989      0xda6 cmake/stm32cubemx/CMakeFiles/USB_Device_Library.dir/__/__/Middlewares/ST/STM32_USB_Device_Library/Core/Src/usbd_ctlreq.c.obj
 .debug_line    0x0000672f      0x80c cmake/stm32cubemx/CMakeFiles/USB_Device_Library.dir/__/__/Middlewares/ST/STM32_USB_Device_Library/Core/Src/usbd_ioreq.c.obj
 .debug_line    0x00006f3b      0xf63 cmake/stm32cubemx/CMakeFiles/USB_Device_Library.dir/__/__/Middlewares/ST/STM32_USB_Device_Library/Class/DFU/Src/usbd_dfu.c.obj
 .debug_line    0x00007e9e      0xbf8 CMakeFiles/DFU-test.dir/USB_DEVICE/Target/usbd_conf.c.obj
 .debug_line    0x00008a96      0x819 CMakeFiles/DFU-test.dir/USB_DEVICE/App/usb_device.c.obj
 .debug_line    0x000092af      0x885 CMakeFiles/DFU-test.dir/USB_DEVICE/App/usbd_desc.c.obj
 .debug_line    0x00009b34      0x84a CMakeFiles/DFU-test.dir/USB_DEVICE/App/usbd_dfu_if.c.obj
 .debug_line    0x0000a37e      0x7f4 CMakeFiles/DFU-test.dir/Core/Src/main.c.obj
 .debug_line    0x0000ab72      0x4c4 CMakeFiles/DFU-test.dir/Core/Src/gpio.c.obj
 .debug_line    0x0000b036      0x58e CMakeFiles/DFU-test.dir/Core/Src/stm32f1xx_it.c.obj
 .debug_line    0x0000b5c4      0x4c8 CMakeFiles/DFU-test.dir/Core/Src/stm32f1xx_hal_msp.c.obj
 .debug_line    0x0000ba8c       0x78 CMakeFiles/DFU-test.dir/startup_stm32f103xb.s.obj
 .debug_line    0x0000bb04      0x11e /usr/lib/gcc/arm-none-eabi/13.2.1/../../../arm-none-eabi/lib/thumb/v7-m/nofp/libg_nano.a(libc_a-init.o)
 .debug_line    0x0000bc22      0x1b1 /usr/lib/gcc/arm-none-eabi/13.2.1/../../../arm-none-eabi/lib/thumb/v7-m/nofp/libg_nano.a(libc_a-memset.o)

.debug_str      0x00000000    0x842e8
 .debug_str     0x00000000    0x842e8 cmake/stm32cubemx/CMakeFiles/STM32_Drivers.dir/__/__/Core/Src/system_stm32f1xx.c.obj
                              0x7d363 (size before relaxing)
 .debug_str     0x000842e8    0x7dc75 cmake/stm32cubemx/CMakeFiles/STM32_Drivers.dir/__/__/Drivers/STM32F1xx_HAL_Driver/Src/stm32f1xx_hal_pcd.c.obj
 .debug_str     0x000842e8    0x7d7d7 cmake/stm32cubemx/CMakeFiles/STM32_Drivers.dir/__/__/Drivers/STM32F1xx_HAL_Driver/Src/stm32f1xx_hal_pcd_ex.c.obj
 .debug_str     0x000842e8    0x7d829 cmake/stm32cubemx/CMakeFiles/STM32_Drivers.dir/__/__/Drivers/STM32F1xx_HAL_Driver/Src/stm32f1xx_ll_usb.c.obj
 .debug_str     0x000842e8    0x7daa0 cmake/stm32cubemx/CMakeFiles/STM32_Drivers.dir/__/__/Drivers/STM32F1xx_HAL_Driver/Src/stm32f1xx_hal.c.obj
 .debug_str     0x000842e8    0x7d787 cmake/stm32cubemx/CMakeFiles/STM32_Drivers.dir/__/__/Drivers/STM32F1xx_HAL_Driver/Src/stm32f1xx_hal_rcc.c.obj
 .debug_str     0x000842e8    0x7d4e2 cmake/stm32cubemx/CMakeFiles/STM32_Drivers.dir/__/__/Drivers/STM32F1xx_HAL_Driver/Src/stm32f1xx_hal_rcc_ex.c.obj
 .debug_str     0x000842e8    0x7d9d8 cmake/stm32cubemx/CMakeFiles/STM32_Drivers.dir/__/__/Drivers/STM32F1xx_HAL_Driver/Src/stm32f1xx_hal_cortex.c.obj
 .debug_str     0x000842e8    0x81808 cmake/stm32cubemx/CMakeFiles/USB_Device_Library.dir/__/__/Middlewares/ST/STM32_USB_Device_Library/Core/Src/usbd_core.c.obj
 .debug_str     0x000842e8    0x81722 cmake/stm32cubemx/CMakeFiles/USB_Device_Library.dir/__/__/Middlewares/ST/STM32_USB_Device_Library/Core/Src/usbd_ctlreq.c.obj
 .debug_str     0x000842e8    0x8164f cmake/stm32cubemx/CMakeFiles/USB_Device_Library.dir/__/__/Middlewares/ST/STM32_USB_Device_Library/Core/Src/usbd_ioreq.c.obj
 .debug_str     0x000842e8    0x81e85 cmake/stm32cubemx/CMakeFiles/USB_Device_Library.dir/__/__/Middlewares/ST/STM32_USB_Device_Library/Class/DFU/Src/usbd_dfu.c.obj
 .debug_str     0x000842e8    0x82694 CMakeFiles/DFU-test.dir/USB_DEVICE/Target/usbd_conf.c.obj
 .debug_str     0x000842e8    0x81bcb CMakeFiles/DFU-test.dir/USB_DEVICE/App/usb_device.c.obj
 .debug_str     0x000842e8    0x81580 CMakeFiles/DFU-test.dir/USB_DEVICE/App/usbd_desc.c.obj
 .debug_str     0x000842e8    0x817fc CMakeFiles/DFU-test.dir/USB_DEVICE/App/usbd_dfu_if.c.obj
 .debug_str     0x000842e8    0x813a0 CMakeFiles/DFU-test.dir/Core/Src/main.c.obj
 .debug_str     0x000842e8    0x7d314 CMakeFiles/DFU-test.dir/Core/Src/gpio.c.obj
 .debug_str     0x000842e8    0x7d70c CMakeFiles/DFU-test.dir/Core/Src/stm32f1xx_it.c.obj
 .debug_str     0x000842e8    0x7d342 CMakeFiles/DFU-test.dir/Core/Src/stm32f1xx_hal_msp.c.obj
 .debug_str     0x000842e8       0x8c CMakeFiles/DFU-test.dir/startup_stm32f103xb.s.obj
 .debug_str     0x000842e8      0x1f2 /usr/lib/gcc/arm-none-eabi/13.2.1/../../../arm-none-eabi/lib/thumb/v7-m/nofp/libg_nano.a(libc_a-init.o)
 .debug_str     0x000842e8      0x1a5 /usr/lib/gcc/arm-none-eabi/13.2.1/../../../arm-none-eabi/lib/thumb/v7-m/nofp/libg_nano.a(libc_a-memset.o)

.debug_frame    0x00000000     0x2800
 .debug_frame   0x00000000       0x58 cmake/stm32cubemx/CMakeFiles/STM32_Drivers.dir/__/__/Core/Src/system_stm32f1xx.c.obj
 .debug_frame   0x00000058      0x594 cmake/stm32cubemx/CMakeFiles/STM32_Drivers.dir/__/__/Drivers/STM32F1xx_HAL_Driver/Src/stm32f1xx_hal_pcd.c.obj
 .debug_frame   0x000005ec       0xb0 cmake/stm32cubemx/CMakeFiles/STM32_Drivers.dir/__/__/Drivers/STM32F1xx_HAL_Driver/Src/stm32f1xx_hal_pcd_ex.c.obj
 .debug_frame   0x0000069c      0x470 cmake/stm32cubemx/CMakeFiles/STM32_Drivers.dir/__/__/Drivers/STM32F1xx_HAL_Driver/Src/stm32f1xx_ll_usb.c.obj
 .debug_frame   0x00000b0c      0x334 cmake/stm32cubemx/CMakeFiles/STM32_Drivers.dir/__/__/Drivers/STM32F1xx_HAL_Driver/Src/stm32f1xx_hal.c.obj
 .debug_frame   0x00000e40      0x218 cmake/stm32cubemx/CMakeFiles/STM32_Drivers.dir/__/__/Drivers/STM32F1xx_HAL_Driver/Src/stm32f1xx_hal_rcc.c.obj
 .debug_frame   0x00001058       0x80 cmake/stm32cubemx/CMakeFiles/STM32_Drivers.dir/__/__/Drivers/STM32F1xx_HAL_Driver/Src/stm32f1xx_hal_rcc_ex.c.obj
 .debug_frame   0x000010d8      0x428 cmake/stm32cubemx/CMakeFiles/STM32_Drivers.dir/__/__/Drivers/STM32F1xx_HAL_Driver/Src/stm32f1xx_hal_cortex.c.obj
 .debug_frame   0x00001500      0x300 cmake/stm32cubemx/CMakeFiles/USB_Device_Library.dir/__/__/Middlewares/ST/STM32_USB_Device_Library/Core/Src/usbd_core.c.obj
 .debug_frame   0x00001800      0x218 cmake/stm32cubemx/CMakeFiles/USB_Device_Library.dir/__/__/Middlewares/ST/STM32_USB_Device_Library/Core/Src/usbd_ctlreq.c.obj
 .debug_frame   0x00001a18      0x10c cmake/stm32cubemx/CMakeFiles/USB_Device_Library.dir/__/__/Middlewares/ST/STM32_USB_Device_Library/Core/Src/usbd_ioreq.c.obj
 .debug_frame   0x00001b24      0x36c cmake/stm32cubemx/CMakeFiles/USB_Device_Library.dir/__/__/Middlewares/ST/STM32_USB_Device_Library/Class/DFU/Src/usbd_dfu.c.obj
 .debug_frame   0x00001e90      0x4a4 CMakeFiles/DFU-test.dir/USB_DEVICE/Target/usbd_conf.c.obj
 .debug_frame   0x00002334       0x2c CMakeFiles/DFU-test.dir/USB_DEVICE/App/usb_device.c.obj
 .debug_frame   0x00002360      0x160 CMakeFiles/DFU-test.dir/USB_DEVICE/App/usbd_desc.c.obj
 .debug_frame   0x000024c0       0xf0 CMakeFiles/DFU-test.dir/USB_DEVICE/App/usbd_dfu_if.c.obj
 .debug_frame   0x000025b0       0x68 CMakeFiles/DFU-test.dir/Core/Src/main.c.obj
 .debug_frame   0x00002618       0x38 CMakeFiles/DFU-test.dir/Core/Src/gpio.c.obj
 .debug_frame   0x00002650      0x120 CMakeFiles/DFU-test.dir/Core/Src/stm32f1xx_it.c.obj
 .debug_frame   0x00002770       0x38 CMakeFiles/DFU-test.dir/Core/Src/stm32f1xx_hal_msp.c.obj
 .debug_frame   0x000027a8       0x2c /usr/lib/gcc/arm-none-eabi/13.2.1/../../../arm-none-eabi/lib/thumb/v7-m/nofp/libg_nano.a(libc_a-init.o)
 .debug_frame   0x000027d4       0x2c /usr/lib/gcc/arm-none-eabi/13.2.1/../../../arm-none-eabi/lib/thumb/v7-m/nofp/libg_nano.a(libc_a-memset.o)

.debug_line_str
                0x00000000       0x72
 .debug_line_str
                0x00000000       0x72 CMakeFiles/DFU-test.dir/startup_stm32f103xb.s.obj

.debug_loclists
                0x00000000      0x23c
 .debug_loclists
                0x00000000       0x65 /usr/lib/gcc/arm-none-eabi/13.2.1/../../../arm-none-eabi/lib/thumb/v7-m/nofp/libg_nano.a(libc_a-init.o)
 .debug_loclists
                0x00000065      0x1d7 /usr/lib/gcc/arm-none-eabi/13.2.1/../../../arm-none-eabi/lib/thumb/v7-m/nofp/libg_nano.a(libc_a-memset.o)